******************************************************************************
                  TI ARM Linker PC v20.2.2                     
******************************************************************************
>> Linked Mon Apr 26 17:49:26 2021

OUTPUT FILE NAME:   <FL.out>
ENTRY POINT SYMBOL: "_c_int00_noargs"  address: 000019cd


MEMORY CONFIGURATION

         name            origin    length      used     unused   attr    fill
----------------------  --------  ---------  --------  --------  ----  --------
  MAIN                  00000000   00040000  00001d50  0003e2b0  R  X
  INFO                  00200000   00004000  00000000  00004000  R  X
  SRAM_CODE             01000000   00010000  00000529  0000fad7  RW X
  SRAM_DATA             20000000   00010000  00000529  0000fad7  RW  


SEGMENT ALLOCATION MAP

run origin  load origin   length   init length attrs members
----------  ----------- ---------- ----------- ----- -------
00000000    00000000    00001d50   00001d50    r-x
  00000000    00000000    000000e4   000000e4    r-- .intvecs
  000000e4    000000e4    00001b8c   00001b8c    r-x .text
  00001c70    00001c70    00000078   00000078    r-- .const
  00001ce8    00001ce8    00000068   00000068    r-- .cinit
20000000    20000000    00000329   00000000    rw-
  20000000    20000000    00000284   00000000    rw- .bss
  20000284    20000284    000000a5   00000000    rw- .data
2000fe00    2000fe00    00000200   00000000    rw-
  2000fe00    2000fe00    00000200   00000000    rw- .stack


SECTION ALLOCATION MAP

 output                                  attributes/
section   page    origin      length       input sections
--------  ----  ----------  ----------   ----------------
.intvecs   0    00000000    000000e4     
                  00000000    000000e4     startup_msp432p401r_ccs.obj (.intvecs:retain)

.text      0    000000e4    00001b8c     
                  000000e4    00000250     main.obj (.text)
                  00000334    000001e0     system_msp432p401r.obj (.text)
                  00000514    0000015c     msp432p4xx_driverlib.lib : pcm.o (.text:__PCM_setPowerModeAdvanced)
                  00000670    00000150     PWM.obj (.text)
                  000007c0    00000144     msp432p4xx_driverlib.lib : timer_a.o (.text:privateTimer_AProcessClockSourceDivider)
                  00000904    00000130                              : cs.o (.text:CS_initClockSignal)
                  00000a34    0000011c                              : uart.o (.text:UART_initModule)
                  00000b50    00000114     mpu6050.obj (.text)
                  00000c64    00000108     msp432p4xx_driverlib.lib : pcm.o (.text:__PCM_setCoreVoltageLevelAdvanced)
                  00000d6c    00000104                              : cs.o (.text:_CSComputeCLKFrequency)
                  00000e70    000000f8                              : cs.o (.text:CS_getDCOFrequency)
                  00000f68    000000e4                              : cs.o (.text:CS_startHFXTWithTimeout)
                  0000104c    000000dc                              : cs.o (.text:_CSGetHFXTFrequency)
                  00001128    000000d0     pid.obj (.text)
                  000011f8    000000a0     clk.obj (.text)
                  00001298    0000009c     data.obj (.text)
                  00001334    0000009c     rtsv7M4_T_le_v4SPD16_eabi.lib : memcpy_t2.asm.obj (.text)
                  000013d0    00000094     msp432p4xx_driverlib.lib : sysctl_a.o (.text:SysCtl_A_getTLVInfo)
                  00001464    00000088                              : gpio.o (.text:GPIO_setAsPeripheralModuleFunctionOutputPin)
                  000014ec    00000080                              : interrupt.o (.text:Interrupt_enableInterrupt)
                  0000156c    0000007c                              : cs.o (.text:_CSGetDOCFrequency)
                  000015e8    00000068                              : timer_a.o (.text:Timer_A_configureUpMode)
                  00001650    00000068     rtsv7M4_T_le_v4SPD16_eabi.lib : copy_decompress_lzss.c.obj (.text:decompress:lzss:__TI_decompress_lzss)
                  000016b8    00000064     msp432p4xx_driverlib.lib : uart.o (.text:UART_getEnabledInterruptStatus)
                  0000171c    00000062                              : cs.o (.text:_CSGetDividerValue)
                  0000177e    0000005e                              : pcm.o (.text:PCM_getCoreVoltageLevel)
                  000017dc    0000005e     math.obj (.text)
                  0000183a    0000005a     msp432p4xx_driverlib.lib : pcm.o (.text:PCM_getPowerMode)
                  00001894    00000048                              : flash.o (.text:FlashCtl_setWaitState)
                  000018dc    00000044     rtsv7M4_T_le_v4SPD16_eabi.lib : autoinit.c.obj (.text:__TI_auto_init_nobinit_nopinit:__TI_auto_init_nobinit_nopinit)
                  00001920    00000044     timer.obj (.text)
                  00001964    00000034     msp432p4xx_driverlib.lib : cs.o (.text:CS_setDCOCenteredFrequency)
                  00001998    00000034                              : uart.o (.text:UART_transmitData)
                  000019cc    00000034     rtsv7M4_T_le_v4SPD16_eabi.lib : boot_cortex_m.c.obj (.text:_c_int00_noargs:_c_int00_noargs)
                  00001a00    00000030     msp432p4xx_driverlib.lib : cs.o (.text:CS_clearInterruptFlag)
                  00001a30    00000030                              : uart.o (.text:UART_receiveData)
                  00001a60    00000028                              : cs.o (.text:CS_getACLK)
                  00001a88    00000028                              : cs.o (.text:CS_getHSMCLK)
                  00001ab0    00000028                              : cs.o (.text:CS_getMCLK)
                  00001ad8    00000028                              : cs.o (.text:CS_getSMCLK)
                  00001b00    00000024                              : wdt_a.o (.text:WDT_A_holdTimer)
                  00001b24    00000020                              : cs.o (.text:CS_getBCLK)
                  00001b44    00000020                              : cs.o (.text:CS_setExternalClockSourceFrequency)
                  00001b64    0000001c     rtsv7M4_T_le_v4SPD16_eabi.lib : copy_zero_init.c.obj (.text:decompress:ZI:__TI_zero_init_nomemset:__TI_zero_init_nomemset)
                  00001b80    00000018     msp432p4xx_driverlib.lib : sysctl_a.o (.text:SysCtl_A_disableNMISource)
                  00001b98    00000018                              : sysctl_a.o (.text:SysCtl_A_enableNMISource)
                  00001bb0    00000018                              : uart.o (.text:UART_getInterruptStatus)
                  00001bc8    00000016                              : timer_a.o (.text:Timer_A_startCounter)
                  00001bde    00000016                              : uart.o (.text:UART_clearInterruptFlag)
                  00001bf4    00000014                              : pcm.o (.text:PCM_getPowerState)
                  00001c08    00000012                              : cs.o (.text:CS_startHFXT)
                  00001c1a    00000010                              : pcm.o (.text:PCM_setCoreVoltageLevel)
                  00001c2a    00000010                              : pcm.o (.text:PCM_setPowerMode)
                  00001c3a    00000002     --HOLE-- [fill = 0]
                  00001c3c    00000010                              : sysctl_a.o (.text:SysCtl_A_getNMISourceStatus)
                  00001c4c    0000000e     rtsv7M4_T_le_v4SPD16_eabi.lib : copy_decompress_none.c.obj (.text:decompress:none:__TI_decompress_none)
                  00001c5a    0000000e     startup_msp432p401r_ccs.obj (.text)
                  00001c68    00000004     rtsv7M4_T_le_v4SPD16_eabi.lib : pre_init.c.obj (.text:_system_pre_init)
                  00001c6c    00000004                                   : exit.c.obj (.text:abort:abort)

.const     0    00001c70    00000078     
                  00001c70    00000030     msp432p4xx_driverlib.lib : gpio.o (.const:GPIO_PORT_TO_BASE)
                  00001ca0    00000028     mpu6050.obj (.const:mpu6050_Config)
                  00001cc8    00000018     timer.obj (.const:upConfig)
                  00001ce0    00000008     msp432p4xx_driverlib.lib : interrupt.o (.const:g_pulEnRegs)

.cinit     0    00001ce8    00000068     
                  00001ce8    00000041     (.cinit..data.load) [load image, compression = lzss]
                  00001d29    00000003     --HOLE-- [fill = 0]
                  00001d2c    0000000c     (__TI_handler_table)
                  00001d38    00000008     (.cinit..bss.load) [load image, compression = zero_init]
                  00001d40    00000010     (__TI_cinit_table)

.init_array 
*          0    00000000    00000000     UNINITIALIZED

.binit     0    00000000    00000000     

.bss       0    20000000    00000284     UNINITIALIZED
                  20000000    00000190     (.common:a_x)
                  20000190    00000028     (.common:angle_x)
                  200001b8    00000028     (.common:angle_y)
                  200001e0    00000024     (.common:x)
                  20000204    00000024     (.common:y)
                  20000228    00000018     (.common:clk)
                  20000240    0000000c     mpu6050.obj (.bss:ucRxBuffer$2)
                  2000024c    00000008     msp432p4xx_driverlib.lib : cs.o (.bss)
                  20000254    00000008     (.common:stcAcc)
                  2000025c    00000008     (.common:stcAngle)
                  20000264    00000008     (.common:stcGyro)
                  2000026c    00000008     (.common:stcMag)
                  20000274    00000004     data.obj (.bss)
                  20000278    00000004     (.common:agl_x)
                  2000027c    00000004     (.common:agl_y)
                  20000280    00000004     (.common:peak_)

.data      0    20000284    000000a5     UNINITIALIZED
                  20000284    00000018     PWM.obj (.data:pwm_2_4)
                  2000029c    00000018     PWM.obj (.data:pwm_2_5)
                  200002b4    00000018     PWM.obj (.data:pwm_2_6)
                  200002cc    00000018     PWM.obj (.data:pwm_2_7)
                  200002e4    00000010     main.obj (.data:pwm_duty)
                  200002f4    00000010     main.obj (.data:x_p)
                  20000304    00000010     main.obj (.data:y_p)
                  20000314    0000000c     main.obj (.data)
                  20000320    00000004     data.obj (.data)
                  20000324    00000004     system_msp432p401r.obj (.data)
                  20000328    00000001     mpu6050.obj (.data)

.stack     0    2000fe00    00000200     UNINITIALIZED
                  2000fe00    00000004     rtsv7M4_T_le_v4SPD16_eabi.lib : boot_cortex_m.c.obj (.stack)
                  2000fe04    000001fc     --HOLE--

__llvm_prf_cnts 
*          0    20000000    00000000     UNINITIALIZED

MODULE SUMMARY

       Module                        code   ro data   rw data
       ------                        ----   -------   -------
    .\
       data.obj                      156    0         984    
       PWM.obj                       336    0         448    
       main.obj                      592    0         136    
       system_msp432p401r.obj        480    0         8      
       mpu6050.obj                   276    40        26     
       startup_msp432p401r_ccs.obj   14     228       0      
       pid.obj                       208    0         0      
       clk.obj                       160    0         0      
       math.obj                      94     0         0      
       timer.obj                     68     24        0      
    +--+-----------------------------+------+---------+---------+
       Total:                        2384   292       1602   
                                                             
    D:/ti/simplelink_msp432p4_sdk_3_40_01_02/source/ti/devices/msp432p4xx/driverlib/ccs/msp432p4xx_driverlib.lib
       cs.o                          1824   0         16     
       pcm.o                         848    0         0      
       uart.o                        530    0         0      
       timer_a.o                     450    0         0      
       sysctl_a.o                    212    0         0      
       gpio.o                        136    48        0      
       interrupt.o                   128    8         0      
       flash.o                       72     0         0      
       wdt_a.o                       36     0         0      
    +--+-----------------------------+------+---------+---------+
       Total:                        4236   56        16     
                                                             
    D:\ti\ccs1020\ccs\tools\compiler\ti-cgt-arm_20.2.2.LTS\lib\rtsv7M4_T_le_v4SPD16_eabi.lib
       memcpy_t2.asm.obj             156    0         0      
       copy_decompress_lzss.c.obj    104    0         0      
       autoinit.c.obj                68     0         0      
       boot_cortex_m.c.obj           52     0         0      
       copy_zero_init.c.obj          28     0         0      
       copy_decompress_none.c.obj    14     0         0      
       exit.c.obj                    4      0         0      
       pre_init.c.obj                4      0         0      
    +--+-----------------------------+------+---------+---------+
       Total:                        430    0         0      
                                                             
       Stack:                        0      0         1024   
       Linker Generated:             0      101       0      
    +--+-----------------------------+------+---------+---------+
       Grand Total:                  7050   449       2642   


LINKER GENERATED COPY TABLES

__TI_cinit_table @ 00001d40 records: 2, size/record: 8, table size: 16
	.data: load addr=00001ce8, load size=00000041 bytes, run addr=20000284, run size=000000a5 bytes, compression=lzss
	.bss: load addr=00001d38, load size=00000008 bytes, run addr=20000000, run size=00000284 bytes, compression=zero_init


LINKER GENERATED HANDLER TABLE

__TI_handler_table @ 00001d2c records: 3, size/record: 4, table size: 12
	index: 0, handler: __TI_decompress_lzss
	index: 1, handler: __TI_decompress_none
	index: 2, handler: __TI_zero_init


GLOBAL SYMBOLS: SORTED ALPHABETICALLY BY Name 

address   name                                       
-------   ----                                       
00001c67  ADC14_IRQHandler                           
00001c67  AES256_IRQHandler                          
00001c67  BusFault_Handler                           
00001c6d  C$$EXIT                                    
00001c67  COMP_E0_IRQHandler                         
00001c67  COMP_E1_IRQHandler                         
00001c67  CS_IRQHandler                              
00001a01  CS_clearInterruptFlag                      
00001a61  CS_getACLK                                 
00001b25  CS_getBCLK                                 
00000e71  CS_getDCOFrequency                         
00001a89  CS_getHSMCLK                               
00001ab1  CS_getMCLK                                 
00001ad9  CS_getSMCLK                                
00000905  CS_initClockSignal                         
00001965  CS_setDCOCenteredFrequency                 
00001b45  CS_setExternalClockSourceFrequency         
00001c09  CS_startHFXT                               
00000f69  CS_startHFXTWithTimeout                    
00001c67  DMA_ERR_IRQHandler                         
00001c67  DMA_INT0_IRQHandler                        
00001c67  DMA_INT1_IRQHandler                        
00001c67  DMA_INT2_IRQHandler                        
00001c67  DMA_INT3_IRQHandler                        
00001c67  DebugMon_Handler                           
00001c67  Default_Handler                            
00001c67  EUSCIA0_IRQHandler                         
00001c67  EUSCIA1_IRQHandler                         
00000b99  EUSCIA2_IRQHandler                         
00000b99  EUSCIA2_IRQHandler                         
00001c67  EUSCIA3_IRQHandler                         
00001c67  EUSCIB0_IRQHandler                         
00001c67  EUSCIB1_IRQHandler                         
00001c67  EUSCIB2_IRQHandler                         
00001c67  EUSCIB3_IRQHandler                         
00001c67  FLCTL_IRQHandler                           
00001c67  FPU_IRQHandler                             
00001895  FlashCtl_setWaitState                      
00001465  GPIO_setAsPeripheralModuleFunctionOutputPin
00001c67  HardFault_Handler                          
000014ed  Interrupt_enableInterrupt                  
00001c67  MemManage_Handler                          
00001c67  NMI_Handler                                
00001c67  PCM_IRQHandler                             
0000177f  PCM_getCoreVoltageLevel                    
0000183b  PCM_getPowerMode                           
00001bf5  PCM_getPowerState                          
00001c1b  PCM_setCoreVoltageLevel                    
00001c2b  PCM_setPowerMode                           
00001c67  PORT1_IRQHandler                           
00001c67  PORT2_IRQHandler                           
00001c67  PORT3_IRQHandler                           
00001c67  PORT4_IRQHandler                           
00001c67  PORT5_IRQHandler                           
00001c67  PORT6_IRQHandler                           
00001c67  PSS_IRQHandler                             
00001c67  PendSV_Handler                             
00001c67  RTC_C_IRQHandler                           
00001c5b  Reset_Handler                              
00001c67  SVC_Handler                                
00001b81  SysCtl_A_disableNMISource                  
00001b99  SysCtl_A_enableNMISource                   
00001c3d  SysCtl_A_getNMISourceStatus                
000013d1  SysCtl_A_getTLVInfo                        
00001c67  SysTick_Handler                            
20000324  SystemCoreClock                            
0000038b  SystemCoreClockUpdate                      
00000335  SystemInit                                 
00001c67  T32_INT1_IRQHandler                        
00001c67  T32_INT2_IRQHandler                        
00001c67  T32_INTC_IRQHandler                        
00001c67  TA0_0_IRQHandler                           
00001c67  TA0_N_IRQHandler                           
0000193d  TA1_0_IRQHandler                           
0000193d  TA1_0_IRQHandler                           
00001c67  TA1_N_IRQHandler                           
00001c67  TA2_0_IRQHandler                           
00001c67  TA2_N_IRQHandler                           
00001c67  TA3_0_IRQHandler                           
00001c67  TA3_N_IRQHandler                           
000015e9  Timer_A_configureUpMode                    
00001bc9  Timer_A_startCounter                       
00001bdf  UART_clearInterruptFlag                    
000016b9  UART_getEnabledInterruptStatus             
00001bb1  UART_getInterruptStatus                    
00000a35  UART_initModule                            
00001a31  UART_receiveData                           
00001999  UART_transmitData                          
00001c67  UsageFault_Handler                         
4000480c  WDTCTL_SYM                                 
00001c67  WDT_A_IRQHandler                           
00001b01  WDT_A_holdTimer                            
20010000  __STACK_END                                
00000200  __STACK_SIZE                               
00001d40  __TI_CINIT_Base                            
00001d50  __TI_CINIT_Limit                           
00001d2c  __TI_Handler_Table_Base                    
00001d38  __TI_Handler_Table_Limit                   
000018dd  __TI_auto_init_nobinit_nopinit             
00001651  __TI_decompress_lzss                       
00001c4d  __TI_decompress_none                       
ffffffff  __TI_pprof_out_hndl                        
ffffffff  __TI_prof_data_size                        
ffffffff  __TI_prof_data_start                       
00000000  __TI_static_base__                         
00001b65  __TI_zero_init_nomemset                    
00001335  __aeabi_memcpy                             
00001335  __aeabi_memcpy4                            
00001335  __aeabi_memcpy8                            
ffffffff  __binit__                                  
ffffffff  __c_args__                                 
UNDEFED   __mpu_init                                 
2000fe00  __stack                                    
20000000  __start___llvm_prf_cnts                    
20000000  __stop___llvm_prf_cnts                     
000019cd  _c_int00_noargs                            
UNDEFED   _system_post_cinit                         
00001c69  _system_pre_init                           
20000000  a_x                                        
00001c6d  abort                                      
00001833  abs                                        
20000278  agl_x                                      
2000027c  agl_y                                      
20000190  angle_x                                    
200001b8  angle_y                                    
00001815  avg_filter                                 
ffffffff  binit                                      
20000228  clk                                        
000011f9  clk_init                                   
20000314  ctrl_flag                                  
000012cb  data                                       
20000318  data_flag                                  
00000285  function_1                                 
000001ef  function_2                                 
00000139  function_4                                 
2000031c  function_flag                              
00000000  interruptVectors                           
00000773  m_x                                        
0000073d  m_y                                        
00000299  main                                       
000017f9  max_ary                                    
00001335  memcpy                                     
000017dd  min_ary                                    
00001ca0  mpu6050_Config                             
00000b51  mpu6050_init                               
00001299  peak                                       
20000280  peak_                                      
00001189  pid_x                                      
00001129  pid_y                                      
20000284  pwm_2_4                                    
00000671  pwm_2_4_duty                               
2000029c  pwm_2_5                                    
00000687  pwm_2_5_duty                               
200002b4  pwm_2_6                                    
0000069d  pwm_2_6_duty                               
200002cc  pwm_2_7                                    
000006b3  pwm_2_7_duty                               
200002e4  pwm_duty                                   
000006c9  pwm_init                                   
20000254  stcAcc                                     
2000025c  stcAngle                                   
20000264  stcGyro                                    
2000026c  stcMag                                     
0000010f  test                                       
00001921  timer_init                                 
00001cc8  upConfig                                   
200001e0  x                                          
000000f9  x_begin                                    
200002f4  x_p                                        
20000204  y                                          
000000e5  y_begin                                    
20000304  y_p                                        


GLOBAL SYMBOLS: SORTED BY Symbol Address 

address   name                                       
-------   ----                                       
00000000  __TI_static_base__                         
00000000  interruptVectors                           
000000e5  y_begin                                    
000000f9  x_begin                                    
0000010f  test                                       
00000139  function_4                                 
000001ef  function_2                                 
00000200  __STACK_SIZE                               
00000285  function_1                                 
00000299  main                                       
00000335  SystemInit                                 
0000038b  SystemCoreClockUpdate                      
00000671  pwm_2_4_duty                               
00000687  pwm_2_5_duty                               
0000069d  pwm_2_6_duty                               
000006b3  pwm_2_7_duty                               
000006c9  pwm_init                                   
0000073d  m_y                                        
00000773  m_x                                        
00000905  CS_initClockSignal                         
00000a35  UART_initModule                            
00000b51  mpu6050_init                               
00000b99  EUSCIA2_IRQHandler                         
00000b99  EUSCIA2_IRQHandler                         
00000e71  CS_getDCOFrequency                         
00000f69  CS_startHFXTWithTimeout                    
00001129  pid_y                                      
00001189  pid_x                                      
000011f9  clk_init                                   
00001299  peak                                       
000012cb  data                                       
00001335  __aeabi_memcpy                             
00001335  __aeabi_memcpy4                            
00001335  __aeabi_memcpy8                            
00001335  memcpy                                     
000013d1  SysCtl_A_getTLVInfo                        
00001465  GPIO_setAsPeripheralModuleFunctionOutputPin
000014ed  Interrupt_enableInterrupt                  
000015e9  Timer_A_configureUpMode                    
00001651  __TI_decompress_lzss                       
000016b9  UART_getEnabledInterruptStatus             
0000177f  PCM_getCoreVoltageLevel                    
000017dd  min_ary                                    
000017f9  max_ary                                    
00001815  avg_filter                                 
00001833  abs                                        
0000183b  PCM_getPowerMode                           
00001895  FlashCtl_setWaitState                      
000018dd  __TI_auto_init_nobinit_nopinit             
00001921  timer_init                                 
0000193d  TA1_0_IRQHandler                           
0000193d  TA1_0_IRQHandler                           
00001965  CS_setDCOCenteredFrequency                 
00001999  UART_transmitData                          
000019cd  _c_int00_noargs                            
00001a01  CS_clearInterruptFlag                      
00001a31  UART_receiveData                           
00001a61  CS_getACLK                                 
00001a89  CS_getHSMCLK                               
00001ab1  CS_getMCLK                                 
00001ad9  CS_getSMCLK                                
00001b01  WDT_A_holdTimer                            
00001b25  CS_getBCLK                                 
00001b45  CS_setExternalClockSourceFrequency         
00001b65  __TI_zero_init_nomemset                    
00001b81  SysCtl_A_disableNMISource                  
00001b99  SysCtl_A_enableNMISource                   
00001bb1  UART_getInterruptStatus                    
00001bc9  Timer_A_startCounter                       
00001bdf  UART_clearInterruptFlag                    
00001bf5  PCM_getPowerState                          
00001c09  CS_startHFXT                               
00001c1b  PCM_setCoreVoltageLevel                    
00001c2b  PCM_setPowerMode                           
00001c3d  SysCtl_A_getNMISourceStatus                
00001c4d  __TI_decompress_none                       
00001c5b  Reset_Handler                              
00001c67  ADC14_IRQHandler                           
00001c67  AES256_IRQHandler                          
00001c67  BusFault_Handler                           
00001c67  COMP_E0_IRQHandler                         
00001c67  COMP_E1_IRQHandler                         
00001c67  CS_IRQHandler                              
00001c67  DMA_ERR_IRQHandler                         
00001c67  DMA_INT0_IRQHandler                        
00001c67  DMA_INT1_IRQHandler                        
00001c67  DMA_INT2_IRQHandler                        
00001c67  DMA_INT3_IRQHandler                        
00001c67  DebugMon_Handler                           
00001c67  Default_Handler                            
00001c67  EUSCIA0_IRQHandler                         
00001c67  EUSCIA1_IRQHandler                         
00001c67  EUSCIA3_IRQHandler                         
00001c67  EUSCIB0_IRQHandler                         
00001c67  EUSCIB1_IRQHandler                         
00001c67  EUSCIB2_IRQHandler                         
00001c67  EUSCIB3_IRQHandler                         
00001c67  FLCTL_IRQHandler                           
00001c67  FPU_IRQHandler                             
00001c67  HardFault_Handler                          
00001c67  MemManage_Handler                          
00001c67  NMI_Handler                                
00001c67  PCM_IRQHandler                             
00001c67  PORT1_IRQHandler                           
00001c67  PORT2_IRQHandler                           
00001c67  PORT3_IRQHandler                           
00001c67  PORT4_IRQHandler                           
00001c67  PORT5_IRQHandler                           
00001c67  PORT6_IRQHandler                           
00001c67  PSS_IRQHandler                             
00001c67  PendSV_Handler                             
00001c67  RTC_C_IRQHandler                           
00001c67  SVC_Handler                                
00001c67  SysTick_Handler                            
00001c67  T32_INT1_IRQHandler                        
00001c67  T32_INT2_IRQHandler                        
00001c67  T32_INTC_IRQHandler                        
00001c67  TA0_0_IRQHandler                           
00001c67  TA0_N_IRQHandler                           
00001c67  TA1_N_IRQHandler                           
00001c67  TA2_0_IRQHandler                           
00001c67  TA2_N_IRQHandler                           
00001c67  TA3_0_IRQHandler                           
00001c67  TA3_N_IRQHandler                           
00001c67  UsageFault_Handler                         
00001c67  WDT_A_IRQHandler                           
00001c69  _system_pre_init                           
00001c6d  C$$EXIT                                    
00001c6d  abort                                      
00001ca0  mpu6050_Config                             
00001cc8  upConfig                                   
00001d2c  __TI_Handler_Table_Base                    
00001d38  __TI_Handler_Table_Limit                   
00001d40  __TI_CINIT_Base                            
00001d50  __TI_CINIT_Limit                           
20000000  __start___llvm_prf_cnts                    
20000000  __stop___llvm_prf_cnts                     
20000000  a_x                                        
20000190  angle_x                                    
200001b8  angle_y                                    
200001e0  x                                          
20000204  y                                          
20000228  clk                                        
20000254  stcAcc                                     
2000025c  stcAngle                                   
20000264  stcGyro                                    
2000026c  stcMag                                     
20000278  agl_x                                      
2000027c  agl_y                                      
20000280  peak_                                      
20000284  pwm_2_4                                    
2000029c  pwm_2_5                                    
200002b4  pwm_2_6                                    
200002cc  pwm_2_7                                    
200002e4  pwm_duty                                   
200002f4  x_p                                        
20000304  y_p                                        
20000314  ctrl_flag                                  
20000318  data_flag                                  
2000031c  function_flag                              
20000324  SystemCoreClock                            
2000fe00  __stack                                    
20010000  __STACK_END                                
4000480c  WDTCTL_SYM                                 
ffffffff  __TI_pprof_out_hndl                        
ffffffff  __TI_prof_data_size                        
ffffffff  __TI_prof_data_start                       
ffffffff  __binit__                                  
ffffffff  __c_args__                                 
ffffffff  binit                                      
UNDEFED   __mpu_init                                 
UNDEFED   _system_post_cinit                         

[172 symbols]
