******************************************************************************
                  TI ARM Linker PC v20.2.2                     
******************************************************************************
>> Linked Wed May 12 16:27:28 2021

OUTPUT FILE NAME:   <FL2.out>
ENTRY POINT SYMBOL: "_c_int00_noargs"  address: 0000309d


MEMORY CONFIGURATION

         name            origin    length      used     unused   attr    fill
----------------------  --------  ---------  --------  --------  ----  --------
  MAIN                  00000000   00040000  00003608  0003c9f8  R  X
  INFO                  00200000   00004000  00000000  00004000  R  X
  SRAM_CODE             01000000   00010000  000003cd  0000fc33  RW X
  SRAM_DATA             20000000   00010000  000003cd  0000fc33  RW  


SEGMENT ALLOCATION MAP

run origin  load origin   length   init length attrs members
----------  ----------- ---------- ----------- ----- -------
00000000    00000000    00003608   00003608    r-x
  00000000    00000000    000000e4   000000e4    r-- .intvecs
  000000e4    000000e4    000032e4   000032e4    r-x .text
  000033c8    000033c8    000001d0   000001d0    r-- .const
  00003598    00003598    00000070   00000070    r-- .cinit
20000000    20000000    000001cd   00000000    rw-
  20000000    20000000    00000104   00000000    rw- .bss
  20000104    20000104    000000c9   00000000    rw- .data
2000fe00    2000fe00    00000200   00000000    rw-
  2000fe00    2000fe00    00000200   00000000    rw- .stack


SECTION ALLOCATION MAP

 output                                  attributes/
section   page    origin      length       input sections
--------  ----  ----------  ----------   ----------------
.intvecs   0    00000000    000000e4     
                  00000000    000000e4     startup_msp432p401r_ccs.obj (.intvecs:retain)

.text      0    000000e4    000032e4     
                  000000e4    00000738     rtsv7M4_T_le_v4SPD16_eabi.lib : k_rem_pio2.c.obj (.text:__kernel_rem_pio2)
                  0000081c    000005c4                                   : s_sin.c.obj (.text:sin)
                  00000de0    0000031c     function.obj (.text)
                  000010fc    000001e0     system_msp432p401r.obj (.text)
                  000012dc    000001b6     rtsv7M4_T_le_v4SPD16_eabi.lib : fd_add_t2.asm.obj (.text)
                  00001492    00000002     --HOLE-- [fill = 0]
                  00001494    00000174                                   : k_sin.c.obj (.text:__kernel_sin)
                  00001608    0000016c                                   : k_cos.c.obj (.text:__kernel_cos)
                  00001774    0000015c     msp432p4xx_driverlib.lib : pcm.o (.text:__PCM_setPowerModeAdvanced)
                  000018d0    00000144     pid.obj (.text)
                  00001a14    00000144     msp432p4xx_driverlib.lib : timer_a.o (.text:privateTimer_AProcessClockSourceDivider)
                  00001b58    00000140     PWM.obj (.text)
                  00001c98    00000130     msp432p4xx_driverlib.lib : cs.o (.text:CS_initClockSignal)
                  00001dc8    0000011c                              : uart.o (.text:UART_initModule)
                  00001ee4    00000110     rtsv7M4_T_le_v4SPD16_eabi.lib : s_scalbn.c.obj (.text:scalbn)
                  00001ff4    0000010c     mpu6050.obj (.text)
                  00002100    00000108     msp432p4xx_driverlib.lib : pcm.o (.text:__PCM_setCoreVoltageLevelAdvanced)
                  00002208    00000104                              : cs.o (.text:_CSComputeCLKFrequency)
                  0000230c    000000fc     rtsv7M4_T_le_v4SPD16_eabi.lib : fd_mul_t2.asm.obj (.text)
                  00002408    000000f8     msp432p4xx_driverlib.lib : cs.o (.text:CS_getDCOFrequency)
                  00002500    000000f8     rtsv7M4_T_le_v4SPD16_eabi.lib : s_floor.c.obj (.text:floor)
                  000025f8    000000e4     msp432p4xx_driverlib.lib : cs.o (.text:CS_startHFXTWithTimeout)
                  000026dc    000000dc                              : cs.o (.text:_CSGetHFXTFrequency)
                  000027b8    000000a0     clk.obj (.text)
                  00002858    0000009c     rtsv7M4_T_le_v4SPD16_eabi.lib : memcpy_t2.asm.obj (.text)
                  000028f4    00000094     msp432p4xx_driverlib.lib : sysctl_a.o (.text:SysCtl_A_getTLVInfo)
                  00002988    00000088                              : gpio.o (.text:GPIO_setAsPeripheralModuleFunctionOutputPin)
                  00002a10    00000086     rtsv7M4_T_le_v4SPD16_eabi.lib : fd_cmp_t2.asm.obj (.text:__aeabi_cdcmple)
                  00002a96    00000086                                   : fd_cmp_t2.asm.obj (.text:__aeabi_cdrcmple)
                  00002b1c    00000080     msp432p4xx_driverlib.lib : interrupt.o (.text:Interrupt_enableInterrupt)
                  00002b9c    0000007c                              : cs.o (.text:_CSGetDOCFrequency)
                  00002c18    0000006e     rtsv7M4_T_le_v4SPD16_eabi.lib : fd_tos_t2.asm.obj (.text)
                  00002c86    00000002     --HOLE-- [fill = 0]
                  00002c88    00000068     msp432p4xx_driverlib.lib : timer_a.o (.text:Timer_A_configureUpMode)
                  00002cf0    00000068     rtsv7M4_T_le_v4SPD16_eabi.lib : copy_decompress_lzss.c.obj (.text:decompress:lzss:__TI_decompress_lzss)
                  00002d58    00000064     msp432p4xx_driverlib.lib : uart.o (.text:UART_getEnabledInterruptStatus)
                  00002dbc    00000062                              : cs.o (.text:_CSGetDividerValue)
                  00002e1e    0000005e                              : pcm.o (.text:PCM_getCoreVoltageLevel)
                  00002e7c    0000005a                              : pcm.o (.text:PCM_getPowerMode)
                  00002ed6    00000002     --HOLE-- [fill = 0]
                  00002ed8    00000050     timer.obj (.text)
                  00002f28    00000048     msp432p4xx_driverlib.lib : flash.o (.text:FlashCtl_setWaitState)
                  00002f70    00000048     rtsv7M4_T_le_v4SPD16_eabi.lib : fd_toi_t2.asm.obj (.text)
                  00002fb8    00000044                                   : autoinit.c.obj (.text:__TI_auto_init_nobinit_nopinit:__TI_auto_init_nobinit_nopinit)
                  00002ffc    00000038                                   : fs_tod_t2.asm.obj (.text)
                  00003034    00000034     msp432p4xx_driverlib.lib : cs.o (.text:CS_setDCOCenteredFrequency)
                  00003068    00000034                              : uart.o (.text:UART_transmitData)
                  0000309c    00000034     rtsv7M4_T_le_v4SPD16_eabi.lib : boot_cortex_m.c.obj (.text:_c_int00_noargs:_c_int00_noargs)
                  000030d0    00000034     main.obj (.text)
                  00003104    00000030     msp432p4xx_driverlib.lib : cs.o (.text:CS_clearInterruptFlag)
                  00003134    00000030                              : uart.o (.text:UART_receiveData)
                  00003164    0000002e     rtsv7M4_T_le_v4SPD16_eabi.lib : i_tofd_t2.asm.obj (.text)
                  00003192    00000002     --HOLE-- [fill = 0]
                  00003194    00000028     msp432p4xx_driverlib.lib : cs.o (.text:CS_getACLK)
                  000031bc    00000028                              : cs.o (.text:CS_getHSMCLK)
                  000031e4    00000028                              : cs.o (.text:CS_getMCLK)
                  0000320c    00000028                              : cs.o (.text:CS_getSMCLK)
                  00003234    00000024                              : wdt_a.o (.text:WDT_A_holdTimer)
                  00003258    00000020                              : cs.o (.text:CS_getBCLK)
                  00003278    00000020                              : cs.o (.text:CS_setExternalClockSourceFrequency)
                  00003298    0000001c     rtsv7M4_T_le_v4SPD16_eabi.lib : copy_zero_init.c.obj (.text:decompress:ZI:__TI_zero_init_nomemset:__TI_zero_init_nomemset)
                  000032b4    0000001a                                   : s_copysign.c.obj (.text:copysign)
                  000032ce    00000002     --HOLE-- [fill = 0]
                  000032d0    00000018     msp432p4xx_driverlib.lib : sysctl_a.o (.text:SysCtl_A_disableNMISource)
                  000032e8    00000018                              : sysctl_a.o (.text:SysCtl_A_enableNMISource)
                  00003300    00000018                              : uart.o (.text:UART_getInterruptStatus)
                  00003318    00000016                              : timer_a.o (.text:Timer_A_startCounter)
                  0000332e    00000016                              : uart.o (.text:UART_clearInterruptFlag)
                  00003344    00000014                              : pcm.o (.text:PCM_getPowerState)
                  00003358    00000012                              : cs.o (.text:CS_startHFXT)
                  0000336a    00000010                              : pcm.o (.text:PCM_setCoreVoltageLevel)
                  0000337a    00000010                              : pcm.o (.text:PCM_setPowerMode)
                  0000338a    00000002     --HOLE-- [fill = 0]
                  0000338c    00000010                              : sysctl_a.o (.text:SysCtl_A_getNMISourceStatus)
                  0000339c    0000000e     rtsv7M4_T_le_v4SPD16_eabi.lib : copy_decompress_none.c.obj (.text:decompress:none:__TI_decompress_none)
                  000033aa    0000000e     startup_msp432p401r_ccs.obj (.text)
                  000033b8    00000008     rtsv7M4_T_le_v4SPD16_eabi.lib : errno.c.obj (.text:__aeabi_errno_addr)
                  000033c0    00000004                                   : pre_init.c.obj (.text:_system_pre_init)
                  000033c4    00000004                                   : exit.c.obj (.text:abort:abort)

.const     0    000033c8    000001d0     
                  000033c8    00000158     rtsv7M4_T_le_v4SPD16_eabi.lib : k_rem_pio2.c.obj (.const:$O1$$)
                  00003520    00000030     msp432p4xx_driverlib.lib : gpio.o (.const:GPIO_PORT_TO_BASE)
                  00003550    00000028     mpu6050.obj (.const:mpu6050_Config)
                  00003578    00000018     timer.obj (.const:upConfig)
                  00003590    00000008     msp432p4xx_driverlib.lib : interrupt.o (.const:g_pulEnRegs)

.cinit     0    00003598    00000070     
                  00003598    0000004a     (.cinit..data.load) [load image, compression = lzss]
                  000035e2    00000002     --HOLE-- [fill = 0]
                  000035e4    0000000c     (__TI_handler_table)
                  000035f0    00000008     (.cinit..bss.load) [load image, compression = zero_init]
                  000035f8    00000010     (__TI_cinit_table)

.init_array 
*          0    00000000    00000000     UNINITIALIZED

.binit     0    00000000    00000000     

.bss       0    20000000    00000104     UNINITIALIZED
                  20000000    00000048     (.common:x)
                  20000048    00000048     (.common:y)
                  20000090    00000018     (.common:clk)
                  200000a8    0000000c     mpu6050.obj (.bss:ucRxBuffer$2)
                  200000b4    0000000c     (.common:x_)
                  200000c0    0000000c     (.common:y_)
                  200000cc    00000008     msp432p4xx_driverlib.lib : cs.o (.bss)
                  200000d4    00000008     pid.obj (.bss)
                  200000dc    00000008     (.common:stcAcc)
                  200000e4    00000008     (.common:stcAngle)
                  200000ec    00000008     (.common:stcGyro)
                  200000f4    00000008     (.common:stcMag)
                  200000fc    00000004     function.obj (.bss)
                  20000100    00000004     (.common:alpha)

.data      0    20000104    000000c9     UNINITIALIZED
                  20000104    00000018     PWM.obj (.data:pwm_2_4)
                  2000011c    00000018     PWM.obj (.data:pwm_2_5)
                  20000134    00000018     PWM.obj (.data:pwm_2_6)
                  2000014c    00000018     PWM.obj (.data:pwm_2_7)
                  20000164    00000018     main.obj (.data:x_p)
                  2000017c    00000018     main.obj (.data:y_p)
                  20000194    00000014     main.obj (.data:s)
                  200001a8    00000010     main.obj (.data:pwm_duty)
                  200001b8    0000000c     main.obj (.data)
                  200001c4    00000004     rtsv7M4_T_le_v4SPD16_eabi.lib : errno.c.obj (.data)
                  200001c8    00000004     system_msp432p401r.obj (.data)
                  200001cc    00000001     mpu6050.obj (.data)

.stack     0    2000fe00    00000200     UNINITIALIZED
                  2000fe00    00000004     rtsv7M4_T_le_v4SPD16_eabi.lib : boot_cortex_m.c.obj (.stack)
                  2000fe04    000001fc     --HOLE--

__llvm_prf_cnts 
*          0    20000000    00000000     UNINITIALIZED

MODULE SUMMARY

       Module                        code    ro data   rw data
       ------                        ----    -------   -------
    .\
       PWM.obj                       320     0         640    
       function.obj                  796     0         8      
       system_msp432p401r.obj        480     0         8      
       pid.obj                       324     0         16     
       mpu6050.obj                   268     40        26     
       main.obj                      52      0         200    
       startup_msp432p401r_ccs.obj   14      228       0      
       clk.obj                       160     0         0      
       timer.obj                     80      24        0      
    +--+-----------------------------+-------+---------+---------+
       Total:                        2494    292       898    
                                                              
    D:/ti/simplelink_msp432p4_sdk_3_40_01_02/source/ti/devices/msp432p4xx/driverlib/ccs/msp432p4xx_driverlib.lib
       cs.o                          1824    0         16     
       pcm.o                         848     0         0      
       uart.o                        530     0         0      
       timer_a.o                     450     0         0      
       sysctl_a.o                    212     0         0      
       gpio.o                        136     48        0      
       interrupt.o                   128     8         0      
       flash.o                       72      0         0      
       wdt_a.o                       36      0         0      
    +--+-----------------------------+-------+---------+---------+
       Total:                        4236    56        16     
                                                              
    D:\ti\ccs1020\ccs\tools\compiler\ti-cgt-arm_20.2.2.LTS\lib\rtsv7M4_T_le_v4SPD16_eabi.lib
       k_rem_pio2.c.obj              1848    344       0      
       s_sin.c.obj                   1476    0         0      
       fd_add_t2.asm.obj             438     0         0      
       k_sin.c.obj                   372     0         0      
       k_cos.c.obj                   364     0         0      
       s_scalbn.c.obj                272     0         0      
       fd_cmp_t2.asm.obj             268     0         0      
       fd_mul_t2.asm.obj             252     0         0      
       s_floor.c.obj                 248     0         0      
       memcpy_t2.asm.obj             156     0         0      
       fd_tos_t2.asm.obj             110     0         0      
       copy_decompress_lzss.c.obj    104     0         0      
       fd_toi_t2.asm.obj             72      0         0      
       autoinit.c.obj                68      0         0      
       fs_tod_t2.asm.obj             56      0         0      
       boot_cortex_m.c.obj           52      0         0      
       i_tofd_t2.asm.obj             46      0         0      
       copy_zero_init.c.obj          28      0         0      
       s_copysign.c.obj              26      0         0      
       errno.c.obj                   8       0         8      
       copy_decompress_none.c.obj    14      0         0      
       exit.c.obj                    4       0         0      
       pre_init.c.obj                4       0         0      
    +--+-----------------------------+-------+---------+---------+
       Total:                        6286    344       8      
                                                              
       Stack:                        0       0         1024   
       Linker Generated:             0       110       0      
    +--+-----------------------------+-------+---------+---------+
       Grand Total:                  13016   802       1946   


LINKER GENERATED COPY TABLES

__TI_cinit_table @ 000035f8 records: 2, size/record: 8, table size: 16
	.data: load addr=00003598, load size=0000004a bytes, run addr=20000104, run size=000000c9 bytes, compression=lzss
	.bss: load addr=000035f0, load size=00000008 bytes, run addr=20000000, run size=00000104 bytes, compression=zero_init


LINKER GENERATED HANDLER TABLE

__TI_handler_table @ 000035e4 records: 3, size/record: 4, table size: 12
	index: 0, handler: __TI_decompress_lzss
	index: 1, handler: __TI_decompress_none
	index: 2, handler: __TI_zero_init


GLOBAL SYMBOLS: SORTED ALPHABETICALLY BY Name 

address   name                                       
-------   ----                                       
000033b7  ADC14_IRQHandler                           
000033b7  AES256_IRQHandler                          
000033b7  BusFault_Handler                           
000033c5  C$$EXIT                                    
000033b7  COMP_E0_IRQHandler                         
000033b7  COMP_E1_IRQHandler                         
000033b7  CS_IRQHandler                              
00003105  CS_clearInterruptFlag                      
00003195  CS_getACLK                                 
00003259  CS_getBCLK                                 
00002409  CS_getDCOFrequency                         
000031bd  CS_getHSMCLK                               
000031e5  CS_getMCLK                                 
0000320d  CS_getSMCLK                                
00001c99  CS_initClockSignal                         
00003035  CS_setDCOCenteredFrequency                 
00003279  CS_setExternalClockSourceFrequency         
00003359  CS_startHFXT                               
000025f9  CS_startHFXTWithTimeout                    
000033b7  DMA_ERR_IRQHandler                         
000033b7  DMA_INT0_IRQHandler                        
000033b7  DMA_INT1_IRQHandler                        
000033b7  DMA_INT2_IRQHandler                        
000033b7  DMA_INT3_IRQHandler                        
000033b7  DebugMon_Handler                           
000033b7  Default_Handler                            
000033b7  EUSCIA0_IRQHandler                         
000033b7  EUSCIA1_IRQHandler                         
0000203d  EUSCIA2_IRQHandler                         
0000203d  EUSCIA2_IRQHandler                         
000033b7  EUSCIA3_IRQHandler                         
000033b7  EUSCIB0_IRQHandler                         
000033b7  EUSCIB1_IRQHandler                         
000033b7  EUSCIB2_IRQHandler                         
000033b7  EUSCIB3_IRQHandler                         
000033b7  FLCTL_IRQHandler                           
000033b7  FPU_IRQHandler                             
00002f29  FlashCtl_setWaitState                      
00002989  GPIO_setAsPeripheralModuleFunctionOutputPin
000033b7  HardFault_Handler                          
00002b1d  Interrupt_enableInterrupt                  
000033b7  MemManage_Handler                          
000033b7  NMI_Handler                                
000033b7  PCM_IRQHandler                             
00002e1f  PCM_getCoreVoltageLevel                    
00002e7d  PCM_getPowerMode                           
00003345  PCM_getPowerState                          
0000336b  PCM_setCoreVoltageLevel                    
0000337b  PCM_setPowerMode                           
000033b7  PORT1_IRQHandler                           
000033b7  PORT2_IRQHandler                           
000033b7  PORT3_IRQHandler                           
000033b7  PORT4_IRQHandler                           
000033b7  PORT5_IRQHandler                           
000033b7  PORT6_IRQHandler                           
000033b7  PSS_IRQHandler                             
000033b7  PendSV_Handler                             
000033b7  RTC_C_IRQHandler                           
000033ab  Reset_Handler                              
000033b7  SVC_Handler                                
000032d1  SysCtl_A_disableNMISource                  
000032e9  SysCtl_A_enableNMISource                   
0000338d  SysCtl_A_getNMISourceStatus                
000028f5  SysCtl_A_getTLVInfo                        
000033b7  SysTick_Handler                            
200001c8  SystemCoreClock                            
00001153  SystemCoreClockUpdate                      
000010fd  SystemInit                                 
000033b7  T32_INT1_IRQHandler                        
000033b7  T32_INT2_IRQHandler                        
000033b7  T32_INTC_IRQHandler                        
000033b7  TA0_0_IRQHandler                           
000033b7  TA0_N_IRQHandler                           
00002ef5  TA1_0_IRQHandler                           
00002ef5  TA1_0_IRQHandler                           
000033b7  TA1_N_IRQHandler                           
000033b7  TA2_0_IRQHandler                           
000033b7  TA2_N_IRQHandler                           
000033b7  TA3_0_IRQHandler                           
000033b7  TA3_N_IRQHandler                           
200001b8  TimeCnt                                    
00002c89  Timer_A_configureUpMode                    
00003319  Timer_A_startCounter                       
0000332f  UART_clearInterruptFlag                    
00002d59  UART_getEnabledInterruptStatus             
00003301  UART_getInterruptStatus                    
00001dc9  UART_initModule                            
00003135  UART_receiveData                           
00003069  UART_transmitData                          
000033b7  UsageFault_Handler                         
4000480c  WDTCTL_SYM                                 
000033b7  WDT_A_IRQHandler                           
00003235  WDT_A_holdTimer                            
20010000  __STACK_END                                
00000200  __STACK_SIZE                               
000035f8  __TI_CINIT_Base                            
00003608  __TI_CINIT_Limit                           
000035e4  __TI_Handler_Table_Base                    
000035f0  __TI_Handler_Table_Limit                   
00002fb9  __TI_auto_init_nobinit_nopinit             
00002cf1  __TI_decompress_lzss                       
0000339d  __TI_decompress_none                       
ffffffff  __TI_pprof_out_hndl                        
ffffffff  __TI_prof_data_size                        
ffffffff  __TI_prof_data_start                       
00000000  __TI_static_base__                         
00003299  __TI_zero_init_nomemset                    
00002a11  __aeabi_cdcmpeq                            
00002a11  __aeabi_cdcmple                            
00002a97  __aeabi_cdrcmple                           
00002c19  __aeabi_d2f                                
00002f71  __aeabi_d2iz                               
000012e7  __aeabi_dadd                               
0000230d  __aeabi_dmul                               
000012dd  __aeabi_dsub                               
000033b9  __aeabi_errno_addr                         
00002ffd  __aeabi_f2d                                
00003165  __aeabi_i2d                                
00002859  __aeabi_memcpy                             
00002859  __aeabi_memcpy4                            
00002859  __aeabi_memcpy8                            
ffffffff  __binit__                                  
ffffffff  __c_args__                                 
00001609  __kernel_cos                               
000000e5  __kernel_rem_pio2                          
00001495  __kernel_sin                               
UNDEFED   __mpu_init                                 
2000fe00  __stack                                    
20000000  __start___llvm_prf_cnts                    
20000000  __stop___llvm_prf_cnts                     
0000309d  _c_int00_noargs                            
UNDEFED   _system_post_cinit                         
000033c1  _system_pre_init                           
000033c5  abort                                      
20000100  alpha                                      
ffffffff  binit                                      
20000090  clk                                        
000027b9  clk_init                                   
00000fe1  control                                    
000032b5  copysign                                   
000032b5  copysignl                                  
200001bc  ctrl_flag                                  
200001c4  errno                                      
00002501  floor                                      
00002501  floorl                                     
200001c0  function_flag                              
00000000  interruptVectors                           
00001ee5  ldexp                                      
00001ee5  ldexpl                                     
00001c47  m_x                                        
00001c0d  m_y                                        
000030d1  main                                       
00002859  memcpy                                     
00003550  mpu6050_Config                             
00001ff5  mpu6050_init                               
00000dff  parameter                                  
0000196b  pid_x                                      
000018d1  pid_y                                      
20000104  pwm_2_4                                    
00001bf7  pwm_2_4_duty                               
2000011c  pwm_2_5                                    
00001be1  pwm_2_5_duty                               
20000134  pwm_2_6                                    
00001bcb  pwm_2_6_duty                               
2000014c  pwm_2_7                                    
00001bb5  pwm_2_7_duty                               
200001a8  pwm_duty                                   
00001b59  pwm_init                                   
20000194  s                                          
00001ee5  scalbn                                     
00001ee5  scalbnl                                    
0000081d  sin                                        
0000081d  sinl                                       
200000dc  stcAcc                                     
200000e4  stcAngle                                   
200000ec  stcGyro                                    
200000f4  stcMag                                     
00000de1  test                                       
00002ed9  timer_init                                 
00003578  upConfig                                   
20000000  x                                          
200000b4  x_                                         
20000164  x_p                                        
20000048  y                                          
200000c0  y_                                         
2000017c  y_p                                        


GLOBAL SYMBOLS: SORTED BY Symbol Address 

address   name                                       
-------   ----                                       
00000000  __TI_static_base__                         
00000000  interruptVectors                           
000000e5  __kernel_rem_pio2                          
00000200  __STACK_SIZE                               
0000081d  sin                                        
0000081d  sinl                                       
00000de1  test                                       
00000dff  parameter                                  
00000fe1  control                                    
000010fd  SystemInit                                 
00001153  SystemCoreClockUpdate                      
000012dd  __aeabi_dsub                               
000012e7  __aeabi_dadd                               
00001495  __kernel_sin                               
00001609  __kernel_cos                               
000018d1  pid_y                                      
0000196b  pid_x                                      
00001b59  pwm_init                                   
00001bb5  pwm_2_7_duty                               
00001bcb  pwm_2_6_duty                               
00001be1  pwm_2_5_duty                               
00001bf7  pwm_2_4_duty                               
00001c0d  m_y                                        
00001c47  m_x                                        
00001c99  CS_initClockSignal                         
00001dc9  UART_initModule                            
00001ee5  ldexp                                      
00001ee5  ldexpl                                     
00001ee5  scalbn                                     
00001ee5  scalbnl                                    
00001ff5  mpu6050_init                               
0000203d  EUSCIA2_IRQHandler                         
0000203d  EUSCIA2_IRQHandler                         
0000230d  __aeabi_dmul                               
00002409  CS_getDCOFrequency                         
00002501  floor                                      
00002501  floorl                                     
000025f9  CS_startHFXTWithTimeout                    
000027b9  clk_init                                   
00002859  __aeabi_memcpy                             
00002859  __aeabi_memcpy4                            
00002859  __aeabi_memcpy8                            
00002859  memcpy                                     
000028f5  SysCtl_A_getTLVInfo                        
00002989  GPIO_setAsPeripheralModuleFunctionOutputPin
00002a11  __aeabi_cdcmpeq                            
00002a11  __aeabi_cdcmple                            
00002a97  __aeabi_cdrcmple                           
00002b1d  Interrupt_enableInterrupt                  
00002c19  __aeabi_d2f                                
00002c89  Timer_A_configureUpMode                    
00002cf1  __TI_decompress_lzss                       
00002d59  UART_getEnabledInterruptStatus             
00002e1f  PCM_getCoreVoltageLevel                    
00002e7d  PCM_getPowerMode                           
00002ed9  timer_init                                 
00002ef5  TA1_0_IRQHandler                           
00002ef5  TA1_0_IRQHandler                           
00002f29  FlashCtl_setWaitState                      
00002f71  __aeabi_d2iz                               
00002fb9  __TI_auto_init_nobinit_nopinit             
00002ffd  __aeabi_f2d                                
00003035  CS_setDCOCenteredFrequency                 
00003069  UART_transmitData                          
0000309d  _c_int00_noargs                            
000030d1  main                                       
00003105  CS_clearInterruptFlag                      
00003135  UART_receiveData                           
00003165  __aeabi_i2d                                
00003195  CS_getACLK                                 
000031bd  CS_getHSMCLK                               
000031e5  CS_getMCLK                                 
0000320d  CS_getSMCLK                                
00003235  WDT_A_holdTimer                            
00003259  CS_getBCLK                                 
00003279  CS_setExternalClockSourceFrequency         
00003299  __TI_zero_init_nomemset                    
000032b5  copysign                                   
000032b5  copysignl                                  
000032d1  SysCtl_A_disableNMISource                  
000032e9  SysCtl_A_enableNMISource                   
00003301  UART_getInterruptStatus                    
00003319  Timer_A_startCounter                       
0000332f  UART_clearInterruptFlag                    
00003345  PCM_getPowerState                          
00003359  CS_startHFXT                               
0000336b  PCM_setCoreVoltageLevel                    
0000337b  PCM_setPowerMode                           
0000338d  SysCtl_A_getNMISourceStatus                
0000339d  __TI_decompress_none                       
000033ab  Reset_Handler                              
000033b7  ADC14_IRQHandler                           
000033b7  AES256_IRQHandler                          
000033b7  BusFault_Handler                           
000033b7  COMP_E0_IRQHandler                         
000033b7  COMP_E1_IRQHandler                         
000033b7  CS_IRQHandler                              
000033b7  DMA_ERR_IRQHandler                         
000033b7  DMA_INT0_IRQHandler                        
000033b7  DMA_INT1_IRQHandler                        
000033b7  DMA_INT2_IRQHandler                        
000033b7  DMA_INT3_IRQHandler                        
000033b7  DebugMon_Handler                           
000033b7  Default_Handler                            
000033b7  EUSCIA0_IRQHandler                         
000033b7  EUSCIA1_IRQHandler                         
000033b7  EUSCIA3_IRQHandler                         
000033b7  EUSCIB0_IRQHandler                         
000033b7  EUSCIB1_IRQHandler                         
000033b7  EUSCIB2_IRQHandler                         
000033b7  EUSCIB3_IRQHandler                         
000033b7  FLCTL_IRQHandler                           
000033b7  FPU_IRQHandler                             
000033b7  HardFault_Handler                          
000033b7  MemManage_Handler                          
000033b7  NMI_Handler                                
000033b7  PCM_IRQHandler                             
000033b7  PORT1_IRQHandler                           
000033b7  PORT2_IRQHandler                           
000033b7  PORT3_IRQHandler                           
000033b7  PORT4_IRQHandler                           
000033b7  PORT5_IRQHandler                           
000033b7  PORT6_IRQHandler                           
000033b7  PSS_IRQHandler                             
000033b7  PendSV_Handler                             
000033b7  RTC_C_IRQHandler                           
000033b7  SVC_Handler                                
000033b7  SysTick_Handler                            
000033b7  T32_INT1_IRQHandler                        
000033b7  T32_INT2_IRQHandler                        
000033b7  T32_INTC_IRQHandler                        
000033b7  TA0_0_IRQHandler                           
000033b7  TA0_N_IRQHandler                           
000033b7  TA1_N_IRQHandler                           
000033b7  TA2_0_IRQHandler                           
000033b7  TA2_N_IRQHandler                           
000033b7  TA3_0_IRQHandler                           
000033b7  TA3_N_IRQHandler                           
000033b7  UsageFault_Handler                         
000033b7  WDT_A_IRQHandler                           
000033b9  __aeabi_errno_addr                         
000033c1  _system_pre_init                           
000033c5  C$$EXIT                                    
000033c5  abort                                      
00003550  mpu6050_Config                             
00003578  upConfig                                   
000035e4  __TI_Handler_Table_Base                    
000035f0  __TI_Handler_Table_Limit                   
000035f8  __TI_CINIT_Base                            
00003608  __TI_CINIT_Limit                           
20000000  __start___llvm_prf_cnts                    
20000000  __stop___llvm_prf_cnts                     
20000000  x                                          
20000048  y                                          
20000090  clk                                        
200000b4  x_                                         
200000c0  y_                                         
200000dc  stcAcc                                     
200000e4  stcAngle                                   
200000ec  stcGyro                                    
200000f4  stcMag                                     
20000100  alpha                                      
20000104  pwm_2_4                                    
2000011c  pwm_2_5                                    
20000134  pwm_2_6                                    
2000014c  pwm_2_7                                    
20000164  x_p                                        
2000017c  y_p                                        
20000194  s                                          
200001a8  pwm_duty                                   
200001b8  TimeCnt                                    
200001bc  ctrl_flag                                  
200001c0  function_flag                              
200001c4  errno                                      
200001c8  SystemCoreClock                            
2000fe00  __stack                                    
20010000  __STACK_END                                
4000480c  WDTCTL_SYM                                 
ffffffff  __TI_pprof_out_hndl                        
ffffffff  __TI_prof_data_size                        
ffffffff  __TI_prof_data_start                       
ffffffff  __binit__                                  
ffffffff  __c_args__                                 
ffffffff  binit                                      
UNDEFED   __mpu_init                                 
UNDEFED   _system_post_cinit                         

[186 symbols]
