<?xml version="1.0" encoding="ISO-8859-1" ?>
<link_info>
   <banner>TI ARM Linker PC v20.2.2.LTS</banner>
   <copyright>Copyright (c) 1996-2018 Texas Instruments Incorporated</copyright>
   <link_time>0x609b9170</link_time>
   <link_errors>0x0</link_errors>
   <output_file>FL2.out</output_file>
   <entry_point>
      <name>_c_int00_noargs</name>
      <address>0x309d</address>
   </entry_point>
   <input_file_list>
      <input_file id="fl-2">
         <path>.\</path>
         <kind>object</kind>
         <file>PWM.obj</file>
         <name>PWM.obj</name>
      </input_file>
      <input_file id="fl-3">
         <path>.\</path>
         <kind>object</kind>
         <file>clk.obj</file>
         <name>clk.obj</name>
      </input_file>
      <input_file id="fl-4">
         <path>.\</path>
         <kind>object</kind>
         <file>function.obj</file>
         <name>function.obj</name>
      </input_file>
      <input_file id="fl-5">
         <path>.\</path>
         <kind>object</kind>
         <file>main.obj</file>
         <name>main.obj</name>
      </input_file>
      <input_file id="fl-6">
         <path>.\</path>
         <kind>object</kind>
         <file>math_.obj</file>
         <name>math_.obj</name>
      </input_file>
      <input_file id="fl-7">
         <path>.\</path>
         <kind>object</kind>
         <file>mpu6050.obj</file>
         <name>mpu6050.obj</name>
      </input_file>
      <input_file id="fl-8">
         <path>.\</path>
         <kind>object</kind>
         <file>pid.obj</file>
         <name>pid.obj</name>
      </input_file>
      <input_file id="fl-9">
         <path>.\</path>
         <kind>object</kind>
         <file>startup_msp432p401r_ccs.obj</file>
         <name>startup_msp432p401r_ccs.obj</name>
      </input_file>
      <input_file id="fl-a">
         <path>.\</path>
         <kind>object</kind>
         <file>system_msp432p401r.obj</file>
         <name>system_msp432p401r.obj</name>
      </input_file>
      <input_file id="fl-b">
         <path>.\</path>
         <kind>object</kind>
         <file>timer.obj</file>
         <name>timer.obj</name>
      </input_file>
      <input_file id="fl-12">
         <kind>object</kind>
         <file>&lt;internal&gt;</file>
         <name>&lt;internal&gt;</name>
      </input_file>
      <input_file id="fl-c8">
         <path>D:\ti\ccs1020\ccs\tools\compiler\ti-cgt-arm_20.2.2.LTS\lib\</path>
         <kind>archive</kind>
         <file>rtsv7M4_T_le_v4SPD16_eabi.lib</file>
         <name>s_sin.c.obj</name>
      </input_file>
      <input_file id="fl-c9">
         <path>D:\ti\ccs1020\ccs\tools\compiler\ti-cgt-arm_20.2.2.LTS\lib\</path>
         <kind>archive</kind>
         <file>rtsv7M4_T_le_v4SPD16_eabi.lib</file>
         <name>fd_add_t2.asm.obj</name>
      </input_file>
      <input_file id="fl-ca">
         <path>D:\ti\ccs1020\ccs\tools\compiler\ti-cgt-arm_20.2.2.LTS\lib\</path>
         <kind>archive</kind>
         <file>rtsv7M4_T_le_v4SPD16_eabi.lib</file>
         <name>fd_cmp_t2.asm.obj</name>
      </input_file>
      <input_file id="fl-cb">
         <path>D:\ti\ccs1020\ccs\tools\compiler\ti-cgt-arm_20.2.2.LTS\lib\</path>
         <kind>archive</kind>
         <file>rtsv7M4_T_le_v4SPD16_eabi.lib</file>
         <name>fd_mul_t2.asm.obj</name>
      </input_file>
      <input_file id="fl-cc">
         <path>D:\ti\ccs1020\ccs\tools\compiler\ti-cgt-arm_20.2.2.LTS\lib\</path>
         <kind>archive</kind>
         <file>rtsv7M4_T_le_v4SPD16_eabi.lib</file>
         <name>fd_toi_t2.asm.obj</name>
      </input_file>
      <input_file id="fl-cd">
         <path>D:\ti\ccs1020\ccs\tools\compiler\ti-cgt-arm_20.2.2.LTS\lib\</path>
         <kind>archive</kind>
         <file>rtsv7M4_T_le_v4SPD16_eabi.lib</file>
         <name>fd_tos_t2.asm.obj</name>
      </input_file>
      <input_file id="fl-ce">
         <path>D:\ti\ccs1020\ccs\tools\compiler\ti-cgt-arm_20.2.2.LTS\lib\</path>
         <kind>archive</kind>
         <file>rtsv7M4_T_le_v4SPD16_eabi.lib</file>
         <name>fs_tod_t2.asm.obj</name>
      </input_file>
      <input_file id="fl-cf">
         <path>D:\ti\ccs1020\ccs\tools\compiler\ti-cgt-arm_20.2.2.LTS\lib\</path>
         <kind>archive</kind>
         <file>rtsv7M4_T_le_v4SPD16_eabi.lib</file>
         <name>i_tofd_t2.asm.obj</name>
      </input_file>
      <input_file id="fl-d0">
         <path>D:\ti\ccs1020\ccs\tools\compiler\ti-cgt-arm_20.2.2.LTS\lib\</path>
         <kind>archive</kind>
         <file>rtsv7M4_T_le_v4SPD16_eabi.lib</file>
         <name>copy_zero_init.c.obj</name>
      </input_file>
      <input_file id="fl-d1">
         <path>D:\ti\ccs1020\ccs\tools\compiler\ti-cgt-arm_20.2.2.LTS\lib\</path>
         <kind>archive</kind>
         <file>rtsv7M4_T_le_v4SPD16_eabi.lib</file>
         <name>copy_decompress_none.c.obj</name>
      </input_file>
      <input_file id="fl-d2">
         <path>D:\ti\ccs1020\ccs\tools\compiler\ti-cgt-arm_20.2.2.LTS\lib\</path>
         <kind>archive</kind>
         <file>rtsv7M4_T_le_v4SPD16_eabi.lib</file>
         <name>copy_decompress_lzss.c.obj</name>
      </input_file>
      <input_file id="fl-d3">
         <path>D:\ti\ccs1020\ccs\tools\compiler\ti-cgt-arm_20.2.2.LTS\lib\</path>
         <kind>archive</kind>
         <file>rtsv7M4_T_le_v4SPD16_eabi.lib</file>
         <name>k_rem_pio2.c.obj</name>
      </input_file>
      <input_file id="fl-d4">
         <path>D:\ti\ccs1020\ccs\tools\compiler\ti-cgt-arm_20.2.2.LTS\lib\</path>
         <kind>archive</kind>
         <file>rtsv7M4_T_le_v4SPD16_eabi.lib</file>
         <name>boot_cortex_m.c.obj</name>
      </input_file>
      <input_file id="fl-d5">
         <path>D:\ti\ccs1020\ccs\tools\compiler\ti-cgt-arm_20.2.2.LTS\lib\</path>
         <kind>archive</kind>
         <file>rtsv7M4_T_le_v4SPD16_eabi.lib</file>
         <name>k_cos.c.obj</name>
      </input_file>
      <input_file id="fl-d6">
         <path>D:\ti\ccs1020\ccs\tools\compiler\ti-cgt-arm_20.2.2.LTS\lib\</path>
         <kind>archive</kind>
         <file>rtsv7M4_T_le_v4SPD16_eabi.lib</file>
         <name>k_sin.c.obj</name>
      </input_file>
      <input_file id="fl-d7">
         <path>D:\ti\ccs1020\ccs\tools\compiler\ti-cgt-arm_20.2.2.LTS\lib\</path>
         <kind>archive</kind>
         <file>rtsv7M4_T_le_v4SPD16_eabi.lib</file>
         <name>s_floor.c.obj</name>
      </input_file>
      <input_file id="fl-d8">
         <path>D:\ti\ccs1020\ccs\tools\compiler\ti-cgt-arm_20.2.2.LTS\lib\</path>
         <kind>archive</kind>
         <file>rtsv7M4_T_le_v4SPD16_eabi.lib</file>
         <name>s_scalbn.c.obj</name>
      </input_file>
      <input_file id="fl-d9">
         <path>D:\ti\ccs1020\ccs\tools\compiler\ti-cgt-arm_20.2.2.LTS\lib\</path>
         <kind>archive</kind>
         <file>rtsv7M4_T_le_v4SPD16_eabi.lib</file>
         <name>s_copysign.c.obj</name>
      </input_file>
      <input_file id="fl-da">
         <path>D:\ti\ccs1020\ccs\tools\compiler\ti-cgt-arm_20.2.2.LTS\lib\</path>
         <kind>archive</kind>
         <file>rtsv7M4_T_le_v4SPD16_eabi.lib</file>
         <name>memcpy_t2.asm.obj</name>
      </input_file>
      <input_file id="fl-db">
         <path>D:\ti\ccs1020\ccs\tools\compiler\ti-cgt-arm_20.2.2.LTS\lib\</path>
         <kind>archive</kind>
         <file>rtsv7M4_T_le_v4SPD16_eabi.lib</file>
         <name>memset_t2.asm.obj</name>
      </input_file>
      <input_file id="fl-dc">
         <path>D:\ti\ccs1020\ccs\tools\compiler\ti-cgt-arm_20.2.2.LTS\lib\</path>
         <kind>archive</kind>
         <file>rtsv7M4_T_le_v4SPD16_eabi.lib</file>
         <name>autoinit.c.obj</name>
      </input_file>
      <input_file id="fl-dd">
         <path>D:\ti\ccs1020\ccs\tools\compiler\ti-cgt-arm_20.2.2.LTS\lib\</path>
         <kind>archive</kind>
         <file>rtsv7M4_T_le_v4SPD16_eabi.lib</file>
         <name>pre_init.c.obj</name>
      </input_file>
      <input_file id="fl-de">
         <path>D:\ti\ccs1020\ccs\tools\compiler\ti-cgt-arm_20.2.2.LTS\lib\</path>
         <kind>archive</kind>
         <file>rtsv7M4_T_le_v4SPD16_eabi.lib</file>
         <name>cpy_tbl.c.obj</name>
      </input_file>
      <input_file id="fl-df">
         <path>D:\ti\ccs1020\ccs\tools\compiler\ti-cgt-arm_20.2.2.LTS\lib\</path>
         <kind>archive</kind>
         <file>rtsv7M4_T_le_v4SPD16_eabi.lib</file>
         <name>exit.c.obj</name>
      </input_file>
      <input_file id="fl-e0">
         <path>D:\ti\ccs1020\ccs\tools\compiler\ti-cgt-arm_20.2.2.LTS\lib\</path>
         <kind>archive</kind>
         <file>rtsv7M4_T_le_v4SPD16_eabi.lib</file>
         <name>_lock.c.obj</name>
      </input_file>
      <input_file id="fl-e1">
         <path>D:\ti\ccs1020\ccs\tools\compiler\ti-cgt-arm_20.2.2.LTS\lib\</path>
         <kind>archive</kind>
         <file>rtsv7M4_T_le_v4SPD16_eabi.lib</file>
         <name>args_main.c.obj</name>
      </input_file>
      <input_file id="fl-e2">
         <path>D:\ti\ccs1020\ccs\tools\compiler\ti-cgt-arm_20.2.2.LTS\lib\</path>
         <kind>archive</kind>
         <file>rtsv7M4_T_le_v4SPD16_eabi.lib</file>
         <name>errno.c.obj</name>
      </input_file>
      <input_file id="fl-e3">
         <path>D:\ti\simplelink_msp432p4_sdk_3_40_01_02\source\ti\devices\msp432p4xx\driverlib\ccs\</path>
         <kind>archive</kind>
         <file>msp432p4xx_driverlib.lib</file>
         <name>cs.o</name>
      </input_file>
      <input_file id="fl-e4">
         <path>D:\ti\simplelink_msp432p4_sdk_3_40_01_02\source\ti\devices\msp432p4xx\driverlib\ccs\</path>
         <kind>archive</kind>
         <file>msp432p4xx_driverlib.lib</file>
         <name>flash.o</name>
      </input_file>
      <input_file id="fl-e5">
         <path>D:\ti\simplelink_msp432p4_sdk_3_40_01_02\source\ti\devices\msp432p4xx\driverlib\ccs\</path>
         <kind>archive</kind>
         <file>msp432p4xx_driverlib.lib</file>
         <name>gpio.o</name>
      </input_file>
      <input_file id="fl-e6">
         <path>D:\ti\simplelink_msp432p4_sdk_3_40_01_02\source\ti\devices\msp432p4xx\driverlib\ccs\</path>
         <kind>archive</kind>
         <file>msp432p4xx_driverlib.lib</file>
         <name>interrupt.o</name>
      </input_file>
      <input_file id="fl-e7">
         <path>D:\ti\simplelink_msp432p4_sdk_3_40_01_02\source\ti\devices\msp432p4xx\driverlib\ccs\</path>
         <kind>archive</kind>
         <file>msp432p4xx_driverlib.lib</file>
         <name>pcm.o</name>
      </input_file>
      <input_file id="fl-e8">
         <path>D:\ti\simplelink_msp432p4_sdk_3_40_01_02\source\ti\devices\msp432p4xx\driverlib\ccs\</path>
         <kind>archive</kind>
         <file>msp432p4xx_driverlib.lib</file>
         <name>rtc_c.o</name>
      </input_file>
      <input_file id="fl-e9">
         <path>D:\ti\simplelink_msp432p4_sdk_3_40_01_02\source\ti\devices\msp432p4xx\driverlib\ccs\</path>
         <kind>archive</kind>
         <file>msp432p4xx_driverlib.lib</file>
         <name>sysctl.o</name>
      </input_file>
      <input_file id="fl-ea">
         <path>D:\ti\simplelink_msp432p4_sdk_3_40_01_02\source\ti\devices\msp432p4xx\driverlib\ccs\</path>
         <kind>archive</kind>
         <file>msp432p4xx_driverlib.lib</file>
         <name>sysctl_a.o</name>
      </input_file>
      <input_file id="fl-eb">
         <path>D:\ti\simplelink_msp432p4_sdk_3_40_01_02\source\ti\devices\msp432p4xx\driverlib\ccs\</path>
         <kind>archive</kind>
         <file>msp432p4xx_driverlib.lib</file>
         <name>timer_a.o</name>
      </input_file>
      <input_file id="fl-ec">
         <path>D:\ti\simplelink_msp432p4_sdk_3_40_01_02\source\ti\devices\msp432p4xx\driverlib\ccs\</path>
         <kind>archive</kind>
         <file>msp432p4xx_driverlib.lib</file>
         <name>uart.o</name>
      </input_file>
      <input_file id="fl-ed">
         <path>D:\ti\simplelink_msp432p4_sdk_3_40_01_02\source\ti\devices\msp432p4xx\driverlib\ccs\</path>
         <kind>archive</kind>
         <file>msp432p4xx_driverlib.lib</file>
         <name>wdt_a.o</name>
      </input_file>
      <input_file id="fl-ee">
         <path>D:\ti\simplelink_msp432p4_sdk_3_40_01_02\source\ti\devices\msp432p4xx\driverlib\ccs\</path>
         <kind>archive</kind>
         <file>msp432p4xx_driverlib.lib</file>
         <name>cpu.o</name>
      </input_file>
   </input_file_list>
   <object_component_list>
      <object_component id="oc-26">
         <name>.intvecs:retain</name>
         <load_address>0x0</load_address>
         <run_address>0x0</run_address>
         <size>0xe4</size>
         <input_file_ref idref="fl-9"/>
      </object_component>
      <object_component id="oc-31e">
         <name>.text:__kernel_rem_pio2</name>
         <load_address>0xe4</load_address>
         <run_address>0xe4</run_address>
         <size>0x738</size>
         <input_file_ref idref="fl-d3"/>
      </object_component>
      <object_component id="oc-267">
         <name>.text:sin</name>
         <load_address>0x81c</load_address>
         <run_address>0x81c</run_address>
         <size>0x5c4</size>
         <input_file_ref idref="fl-c8"/>
      </object_component>
      <object_component id="oc-13c">
         <name>.text</name>
         <load_address>0xde0</load_address>
         <run_address>0xde0</run_address>
         <size>0x31c</size>
         <input_file_ref idref="fl-4"/>
      </object_component>
      <object_component id="oc-b1">
         <name>.text</name>
         <load_address>0x10fc</load_address>
         <run_address>0x10fc</run_address>
         <size>0x1e0</size>
         <input_file_ref idref="fl-a"/>
      </object_component>
      <object_component id="oc-25d">
         <name>.text</name>
         <load_address>0x12dc</load_address>
         <run_address>0x12dc</run_address>
         <size>0x1b6</size>
         <input_file_ref idref="fl-c9"/>
      </object_component>
      <object_component id="oc-313">
         <name>.text:__kernel_sin</name>
         <load_address>0x1494</load_address>
         <run_address>0x1494</run_address>
         <size>0x174</size>
         <input_file_ref idref="fl-d6"/>
      </object_component>
      <object_component id="oc-324">
         <name>.text:__kernel_cos</name>
         <load_address>0x1608</load_address>
         <run_address>0x1608</run_address>
         <size>0x16c</size>
         <input_file_ref idref="fl-d5"/>
      </object_component>
      <object_component id="oc-3e9">
         <name>.text:__PCM_setPowerModeAdvanced</name>
         <load_address>0x1774</load_address>
         <run_address>0x1774</run_address>
         <size>0x15c</size>
         <input_file_ref idref="fl-e7"/>
      </object_component>
      <object_component id="oc-26d">
         <name>.text</name>
         <load_address>0x18d0</load_address>
         <run_address>0x18d0</run_address>
         <size>0x144</size>
         <input_file_ref idref="fl-8"/>
      </object_component>
      <object_component id="oc-185">
         <name>.text:privateTimer_AProcessClockSourceDivider</name>
         <load_address>0x1a14</load_address>
         <run_address>0x1a14</run_address>
         <size>0x144</size>
         <input_file_ref idref="fl-eb"/>
      </object_component>
      <object_component id="oc-136">
         <name>.text</name>
         <load_address>0x1b58</load_address>
         <run_address>0x1b58</run_address>
         <size>0x140</size>
         <input_file_ref idref="fl-2"/>
      </object_component>
      <object_component id="oc-20f">
         <name>.text:CS_initClockSignal</name>
         <load_address>0x1c98</load_address>
         <run_address>0x1c98</run_address>
         <size>0x130</size>
         <input_file_ref idref="fl-e3"/>
      </object_component>
      <object_component id="oc-d1">
         <name>.text:UART_initModule</name>
         <load_address>0x1dc8</load_address>
         <run_address>0x1dc8</run_address>
         <size>0x11c</size>
         <input_file_ref idref="fl-ec"/>
      </object_component>
      <object_component id="oc-3b0">
         <name>.text:scalbn</name>
         <load_address>0x1ee4</load_address>
         <run_address>0x1ee4</run_address>
         <size>0x110</size>
         <input_file_ref idref="fl-d8"/>
      </object_component>
      <object_component id="oc-73">
         <name>.text</name>
         <load_address>0x1ff4</load_address>
         <run_address>0x1ff4</run_address>
         <size>0x10c</size>
         <input_file_ref idref="fl-7"/>
      </object_component>
      <object_component id="oc-2d7">
         <name>.text:__PCM_setCoreVoltageLevelAdvanced</name>
         <load_address>0x2100</load_address>
         <run_address>0x2100</run_address>
         <size>0x108</size>
         <input_file_ref idref="fl-e7"/>
      </object_component>
      <object_component id="oc-2e8">
         <name>.text:_CSComputeCLKFrequency</name>
         <load_address>0x2208</load_address>
         <run_address>0x2208</run_address>
         <size>0x104</size>
         <input_file_ref idref="fl-e3"/>
      </object_component>
      <object_component id="oc-253">
         <name>.text</name>
         <load_address>0x230c</load_address>
         <run_address>0x230c</run_address>
         <size>0xfc</size>
         <input_file_ref idref="fl-cb"/>
      </object_component>
      <object_component id="oc-227">
         <name>.text:CS_getDCOFrequency</name>
         <load_address>0x2408</load_address>
         <run_address>0x2408</run_address>
         <size>0xf8</size>
         <input_file_ref idref="fl-e3"/>
      </object_component>
      <object_component id="oc-3b6">
         <name>.text:floor</name>
         <load_address>0x2500</load_address>
         <run_address>0x2500</run_address>
         <size>0xf8</size>
         <input_file_ref idref="fl-d7"/>
      </object_component>
      <object_component id="oc-2df">
         <name>.text:CS_startHFXTWithTimeout</name>
         <load_address>0x25f8</load_address>
         <run_address>0x25f8</run_address>
         <size>0xe4</size>
         <input_file_ref idref="fl-e3"/>
      </object_component>
      <object_component id="oc-388">
         <name>.text:_CSGetHFXTFrequency</name>
         <load_address>0x26dc</load_address>
         <run_address>0x26dc</run_address>
         <size>0xdc</size>
         <input_file_ref idref="fl-e3"/>
      </object_component>
      <object_component id="oc-130">
         <name>.text</name>
         <load_address>0x27b8</load_address>
         <run_address>0x27b8</run_address>
         <size>0xa0</size>
         <input_file_ref idref="fl-3"/>
      </object_component>
      <object_component id="oc-37">
         <name>.text</name>
         <load_address>0x2858</load_address>
         <run_address>0x2858</run_address>
         <size>0x9c</size>
         <input_file_ref idref="fl-da"/>
      </object_component>
      <object_component id="oc-2f0">
         <name>.text:SysCtl_A_getTLVInfo</name>
         <load_address>0x28f4</load_address>
         <run_address>0x28f4</run_address>
         <size>0x94</size>
         <input_file_ref idref="fl-ea"/>
      </object_component>
      <object_component id="oc-1f1">
         <name>.text:GPIO_setAsPeripheralModuleFunctionOutputPin</name>
         <load_address>0x2988</load_address>
         <run_address>0x2988</run_address>
         <size>0x88</size>
         <input_file_ref idref="fl-e5"/>
      </object_component>
      <object_component id="oc-319">
         <name>.text:__aeabi_cdcmple</name>
         <load_address>0x2a10</load_address>
         <run_address>0x2a10</run_address>
         <size>0x86</size>
         <input_file_ref idref="fl-ca"/>
      </object_component>
      <object_component id="oc-3bc">
         <name>.text:__aeabi_cdrcmple</name>
         <load_address>0x2a96</load_address>
         <run_address>0x2a96</run_address>
         <size>0x86</size>
         <input_file_ref idref="fl-ca"/>
      </object_component>
      <object_component id="oc-be">
         <name>.text:Interrupt_enableInterrupt</name>
         <load_address>0x2b1c</load_address>
         <run_address>0x2b1c</run_address>
         <size>0x80</size>
         <input_file_ref idref="fl-e6"/>
      </object_component>
      <object_component id="oc-2f6">
         <name>.text:_CSGetDOCFrequency</name>
         <load_address>0x2b9c</load_address>
         <run_address>0x2b9c</run_address>
         <size>0x7c</size>
         <input_file_ref idref="fl-e3"/>
      </object_component>
      <object_component id="oc-258">
         <name>.text</name>
         <load_address>0x2c18</load_address>
         <run_address>0x2c18</run_address>
         <size>0x6e</size>
         <input_file_ref idref="fl-cd"/>
      </object_component>
      <object_component id="oc-b8">
         <name>.text:Timer_A_configureUpMode</name>
         <load_address>0x2c88</load_address>
         <run_address>0x2c88</run_address>
         <size>0x68</size>
         <input_file_ref idref="fl-eb"/>
      </object_component>
      <object_component id="oc-17">
         <name>.text:decompress:lzss:__TI_decompress_lzss</name>
         <load_address>0x2cf0</load_address>
         <run_address>0x2cf0</run_address>
         <size>0x68</size>
         <input_file_ref idref="fl-d2"/>
      </object_component>
      <object_component id="oc-d7">
         <name>.text:UART_getEnabledInterruptStatus</name>
         <load_address>0x2d58</load_address>
         <run_address>0x2d58</run_address>
         <size>0x64</size>
         <input_file_ref idref="fl-ec"/>
      </object_component>
      <object_component id="oc-395">
         <name>.text:_CSGetDividerValue</name>
         <load_address>0x2dbc</load_address>
         <run_address>0x2dbc</run_address>
         <size>0x62</size>
         <input_file_ref idref="fl-e3"/>
      </object_component>
      <object_component id="oc-369">
         <name>.text:PCM_getCoreVoltageLevel</name>
         <load_address>0x2e1e</load_address>
         <run_address>0x2e1e</run_address>
         <size>0x5e</size>
         <input_file_ref idref="fl-e7"/>
      </object_component>
      <object_component id="oc-363">
         <name>.text:PCM_getPowerMode</name>
         <load_address>0x2e7c</load_address>
         <run_address>0x2e7c</run_address>
         <size>0x5a</size>
         <input_file_ref idref="fl-e7"/>
      </object_component>
      <object_component id="oc-6d">
         <name>.text</name>
         <load_address>0x2ed8</load_address>
         <run_address>0x2ed8</run_address>
         <size>0x50</size>
         <input_file_ref idref="fl-b"/>
      </object_component>
      <object_component id="oc-203">
         <name>.text:FlashCtl_setWaitState</name>
         <load_address>0x2f28</load_address>
         <run_address>0x2f28</run_address>
         <size>0x48</size>
         <input_file_ref idref="fl-e4"/>
      </object_component>
      <object_component id="oc-30e">
         <name>.text</name>
         <load_address>0x2f70</load_address>
         <run_address>0x2f70</run_address>
         <size>0x48</size>
         <input_file_ref idref="fl-cc"/>
      </object_component>
      <object_component id="oc-14f">
         <name>.text:__TI_auto_init_nobinit_nopinit:__TI_auto_init_nobinit_nopinit</name>
         <load_address>0x2fb8</load_address>
         <run_address>0x2fb8</run_address>
         <size>0x44</size>
         <input_file_ref idref="fl-dc"/>
      </object_component>
      <object_component id="oc-24e">
         <name>.text</name>
         <load_address>0x2ffc</load_address>
         <run_address>0x2ffc</run_address>
         <size>0x38</size>
         <input_file_ref idref="fl-ce"/>
      </object_component>
      <object_component id="oc-215">
         <name>.text:CS_setDCOCenteredFrequency</name>
         <load_address>0x3034</load_address>
         <run_address>0x3034</run_address>
         <size>0x34</size>
         <input_file_ref idref="fl-e3"/>
      </object_component>
      <object_component id="oc-e9">
         <name>.text:UART_transmitData</name>
         <load_address>0x3068</load_address>
         <run_address>0x3068</run_address>
         <size>0x34</size>
         <input_file_ref idref="fl-ec"/>
      </object_component>
      <object_component id="oc-55">
         <name>.text:_c_int00_noargs:_c_int00_noargs</name>
         <load_address>0x309c</load_address>
         <run_address>0x309c</run_address>
         <size>0x34</size>
         <input_file_ref idref="fl-d4"/>
      </object_component>
      <object_component id="oc-9f">
         <name>.text</name>
         <load_address>0x30d0</load_address>
         <run_address>0x30d0</run_address>
         <size>0x34</size>
         <input_file_ref idref="fl-5"/>
      </object_component>
      <object_component id="oc-39b">
         <name>.text:CS_clearInterruptFlag</name>
         <load_address>0x3104</load_address>
         <run_address>0x3104</run_address>
         <size>0x30</size>
         <input_file_ref idref="fl-e3"/>
      </object_component>
      <object_component id="oc-e3">
         <name>.text:UART_receiveData</name>
         <load_address>0x3134</load_address>
         <run_address>0x3134</run_address>
         <size>0x30</size>
         <input_file_ref idref="fl-ec"/>
      </object_component>
      <object_component id="oc-262">
         <name>.text</name>
         <load_address>0x3164</load_address>
         <run_address>0x3164</run_address>
         <size>0x2e</size>
         <input_file_ref idref="fl-cf"/>
      </object_component>
      <object_component id="oc-21b">
         <name>.text:CS_getACLK</name>
         <load_address>0x3194</load_address>
         <run_address>0x3194</run_address>
         <size>0x28</size>
         <input_file_ref idref="fl-e3"/>
      </object_component>
      <object_component id="oc-22d">
         <name>.text:CS_getHSMCLK</name>
         <load_address>0x31bc</load_address>
         <run_address>0x31bc</run_address>
         <size>0x28</size>
         <input_file_ref idref="fl-e3"/>
      </object_component>
      <object_component id="oc-239">
         <name>.text:CS_getMCLK</name>
         <load_address>0x31e4</load_address>
         <run_address>0x31e4</run_address>
         <size>0x28</size>
         <input_file_ref idref="fl-e3"/>
      </object_component>
      <object_component id="oc-233">
         <name>.text:CS_getSMCLK</name>
         <load_address>0x320c</load_address>
         <run_address>0x320c</run_address>
         <size>0x28</size>
         <input_file_ref idref="fl-e3"/>
      </object_component>
      <object_component id="oc-12a">
         <name>.text:WDT_A_holdTimer</name>
         <load_address>0x3234</load_address>
         <run_address>0x3234</run_address>
         <size>0x24</size>
         <input_file_ref idref="fl-ed"/>
      </object_component>
      <object_component id="oc-221">
         <name>.text:CS_getBCLK</name>
         <load_address>0x3258</load_address>
         <run_address>0x3258</run_address>
         <size>0x20</size>
         <input_file_ref idref="fl-e3"/>
      </object_component>
      <object_component id="oc-1f7">
         <name>.text:CS_setExternalClockSourceFrequency</name>
         <load_address>0x3278</load_address>
         <run_address>0x3278</run_address>
         <size>0x20</size>
         <input_file_ref idref="fl-e3"/>
      </object_component>
      <object_component id="oc-43">
         <name>.text:decompress:ZI:__TI_zero_init_nomemset:__TI_zero_init_nomemset</name>
         <load_address>0x3298</load_address>
         <run_address>0x3298</run_address>
         <size>0x1c</size>
         <input_file_ref idref="fl-d0"/>
      </object_component>
      <object_component id="oc-400">
         <name>.text:copysign</name>
         <load_address>0x32b4</load_address>
         <run_address>0x32b4</run_address>
         <size>0x1a</size>
         <input_file_ref idref="fl-d9"/>
      </object_component>
      <object_component id="oc-382">
         <name>.text:SysCtl_A_disableNMISource</name>
         <load_address>0x32d0</load_address>
         <run_address>0x32d0</run_address>
         <size>0x18</size>
         <input_file_ref idref="fl-ea"/>
      </object_component>
      <object_component id="oc-38e">
         <name>.text:SysCtl_A_enableNMISource</name>
         <load_address>0x32e8</load_address>
         <run_address>0x32e8</run_address>
         <size>0x18</size>
         <input_file_ref idref="fl-ea"/>
      </object_component>
      <object_component id="oc-1a2">
         <name>.text:UART_getInterruptStatus</name>
         <load_address>0x3300</load_address>
         <run_address>0x3300</run_address>
         <size>0x18</size>
         <input_file_ref idref="fl-ec"/>
      </object_component>
      <object_component id="oc-c4">
         <name>.text:Timer_A_startCounter</name>
         <load_address>0x3318</load_address>
         <run_address>0x3318</run_address>
         <size>0x16</size>
         <input_file_ref idref="fl-eb"/>
      </object_component>
      <object_component id="oc-dd">
         <name>.text:UART_clearInterruptFlag</name>
         <load_address>0x332e</load_address>
         <run_address>0x332e</run_address>
         <size>0x16</size>
         <input_file_ref idref="fl-ec"/>
      </object_component>
      <object_component id="oc-36f">
         <name>.text:PCM_getPowerState</name>
         <load_address>0x3344</load_address>
         <run_address>0x3344</run_address>
         <size>0x14</size>
         <input_file_ref idref="fl-e7"/>
      </object_component>
      <object_component id="oc-209">
         <name>.text:CS_startHFXT</name>
         <load_address>0x3358</load_address>
         <run_address>0x3358</run_address>
         <size>0x12</size>
         <input_file_ref idref="fl-e3"/>
      </object_component>
      <object_component id="oc-1fd">
         <name>.text:PCM_setCoreVoltageLevel</name>
         <load_address>0x336a</load_address>
         <run_address>0x336a</run_address>
         <size>0x10</size>
         <input_file_ref idref="fl-e7"/>
      </object_component>
      <object_component id="oc-375">
         <name>.text:PCM_setPowerMode</name>
         <load_address>0x337a</load_address>
         <run_address>0x337a</run_address>
         <size>0x10</size>
         <input_file_ref idref="fl-e7"/>
      </object_component>
      <object_component id="oc-37c">
         <name>.text:SysCtl_A_getNMISourceStatus</name>
         <load_address>0x338c</load_address>
         <run_address>0x338c</run_address>
         <size>0x10</size>
         <input_file_ref idref="fl-ea"/>
      </object_component>
      <object_component id="oc-1d">
         <name>.text:decompress:none:__TI_decompress_none</name>
         <load_address>0x339c</load_address>
         <run_address>0x339c</run_address>
         <size>0xe</size>
         <input_file_ref idref="fl-d1"/>
      </object_component>
      <object_component id="oc-67">
         <name>.text</name>
         <load_address>0x33aa</load_address>
         <run_address>0x33aa</run_address>
         <size>0xe</size>
         <input_file_ref idref="fl-9"/>
      </object_component>
      <object_component id="oc-3fa">
         <name>.text:__aeabi_errno_addr</name>
         <load_address>0x33b8</load_address>
         <run_address>0x33b8</run_address>
         <size>0x8</size>
         <input_file_ref idref="fl-e2"/>
      </object_component>
      <object_component id="oc-99">
         <name>.text:_system_pre_init</name>
         <load_address>0x33c0</load_address>
         <run_address>0x33c0</run_address>
         <size>0x4</size>
         <input_file_ref idref="fl-dd"/>
      </object_component>
      <object_component id="oc-143">
         <name>.text:abort:abort</name>
         <load_address>0x33c4</load_address>
         <run_address>0x33c4</run_address>
         <size>0x4</size>
         <input_file_ref idref="fl-df"/>
      </object_component>
      <object_component id="oc-3c1">
         <name>.const:$O1$$</name>
         <load_address>0x33c8</load_address>
         <run_address>0x33c8</run_address>
         <size>0x158</size>
         <input_file_ref idref="fl-d3"/>
      </object_component>
      <object_component id="oc-2cf">
         <name>.const:GPIO_PORT_TO_BASE</name>
         <load_address>0x3520</load_address>
         <run_address>0x3520</run_address>
         <size>0x30</size>
         <input_file_ref idref="fl-e5"/>
      </object_component>
      <object_component id="oc-ef">
         <name>.const:mpu6050_Config</name>
         <load_address>0x3550</load_address>
         <run_address>0x3550</run_address>
         <size>0x28</size>
         <input_file_ref idref="fl-7"/>
      </object_component>
      <object_component id="oc-ca">
         <name>.const:upConfig</name>
         <load_address>0x3578</load_address>
         <run_address>0x3578</run_address>
         <size>0x18</size>
         <input_file_ref idref="fl-b"/>
      </object_component>
      <object_component id="oc-192">
         <name>.const:g_pulEnRegs</name>
         <load_address>0x3590</load_address>
         <run_address>0x3590</run_address>
         <size>0x8</size>
         <input_file_ref idref="fl-e6"/>
      </object_component>
      <object_component id="oc-456">
         <name>.cinit..data.load</name>
         <load_address>0x3598</load_address>
         <run_address>0x3598</run_address>
         <size>0x4a</size>
      </object_component>
      <object_component id="oc-454">
         <name>__TI_handler_table</name>
         <load_address>0x35e4</load_address>
         <run_address>0x35e4</run_address>
         <size>0xc</size>
      </object_component>
      <object_component id="oc-457">
         <name>.cinit..bss.load</name>
         <load_address>0x35f0</load_address>
         <run_address>0x35f0</run_address>
         <size>0x8</size>
      </object_component>
      <object_component id="oc-455">
         <name>__TI_cinit_table</name>
         <load_address>0x35f8</load_address>
         <run_address>0x35f8</run_address>
         <size>0x10</size>
      </object_component>
      <object_component id="oc-428">
         <name>.binit</name>
         <load_address>0x0</load_address>
         <run_address>0x0</run_address>
         <size>0x0</size>
      </object_component>
      <object_component id="oc-241">
         <name>.data:pwm_2_4</name>
         <load_address>0x20000104</load_address>
         <run_address>0x20000104</run_address>
         <size>0x18</size>
         <input_file_ref idref="fl-2"/>
      </object_component>
      <object_component id="oc-244">
         <name>.data:pwm_2_5</name>
         <load_address>0x2000011c</load_address>
         <run_address>0x2000011c</run_address>
         <size>0x18</size>
         <input_file_ref idref="fl-2"/>
      </object_component>
      <object_component id="oc-247">
         <name>.data:pwm_2_6</name>
         <load_address>0x20000134</load_address>
         <run_address>0x20000134</run_address>
         <size>0x18</size>
         <input_file_ref idref="fl-2"/>
      </object_component>
      <object_component id="oc-24a">
         <name>.data:pwm_2_7</name>
         <load_address>0x2000014c</load_address>
         <run_address>0x2000014c</run_address>
         <size>0x18</size>
         <input_file_ref idref="fl-2"/>
      </object_component>
      <object_component id="oc-cd">
         <name>.data</name>
         <load_address>0x200001b8</load_address>
         <run_address>0x200001b8</run_address>
         <size>0xc</size>
         <input_file_ref idref="fl-5"/>
      </object_component>
      <object_component id="oc-27f">
         <name>.data:x_p</name>
         <load_address>0x20000164</load_address>
         <run_address>0x20000164</run_address>
         <size>0x18</size>
         <input_file_ref idref="fl-5"/>
      </object_component>
      <object_component id="oc-282">
         <name>.data:y_p</name>
         <load_address>0x2000017c</load_address>
         <run_address>0x2000017c</run_address>
         <size>0x18</size>
         <input_file_ref idref="fl-5"/>
      </object_component>
      <object_component id="oc-27a">
         <name>.data:s</name>
         <load_address>0x20000194</load_address>
         <run_address>0x20000194</run_address>
         <size>0x14</size>
         <input_file_ref idref="fl-5"/>
      </object_component>
      <object_component id="oc-273">
         <name>.data:pwm_duty</name>
         <load_address>0x200001a8</load_address>
         <run_address>0x200001a8</run_address>
         <size>0x10</size>
         <input_file_ref idref="fl-5"/>
      </object_component>
      <object_component id="oc-f2">
         <name>.data</name>
         <load_address>0x200001cc</load_address>
         <run_address>0x200001cc</run_address>
         <size>0x1</size>
         <input_file_ref idref="fl-7"/>
      </object_component>
      <object_component id="oc-181">
         <name>.data</name>
         <load_address>0x200001c8</load_address>
         <run_address>0x200001c8</run_address>
         <size>0x4</size>
         <input_file_ref idref="fl-a"/>
      </object_component>
      <object_component id="oc-417">
         <name>.data</name>
         <load_address>0x200001c4</load_address>
         <run_address>0x200001c4</run_address>
         <size>0x4</size>
         <input_file_ref idref="fl-e2"/>
      </object_component>
      <object_component id="oc-276">
         <name>.bss</name>
         <uninitialized>true</uninitialized>
         <run_address>0x200000fc</run_address>
         <size>0x4</size>
         <input_file_ref idref="fl-4"/>
      </object_component>
      <object_component id="oc-f3">
         <name>.bss:ucRxBuffer$2</name>
         <uninitialized>true</uninitialized>
         <run_address>0x200000a8</run_address>
         <size>0xc</size>
         <input_file_ref idref="fl-7"/>
      </object_component>
      <object_component id="oc-331">
         <name>.bss</name>
         <uninitialized>true</uninitialized>
         <run_address>0x200000d4</run_address>
         <size>0x8</size>
         <input_file_ref idref="fl-8"/>
      </object_component>
      <object_component id="oc-2d3">
         <name>.bss</name>
         <uninitialized>true</uninitialized>
         <run_address>0x200000cc</run_address>
         <size>0x8</size>
         <input_file_ref idref="fl-e3"/>
      </object_component>
      <object_component id="oc-23f">
         <name>.common:clk</name>
         <uninitialized>true</uninitialized>
         <run_address>0x20000090</run_address>
         <size>0x18</size>
      </object_component>
      <object_component id="oc-107">
         <name>.common:stcAcc</name>
         <uninitialized>true</uninitialized>
         <run_address>0x200000dc</run_address>
         <size>0x8</size>
      </object_component>
      <object_component id="oc-106">
         <name>.common:stcGyro</name>
         <uninitialized>true</uninitialized>
         <run_address>0x200000ec</run_address>
         <size>0x8</size>
      </object_component>
      <object_component id="oc-105">
         <name>.common:stcAngle</name>
         <uninitialized>true</uninitialized>
         <run_address>0x200000e4</run_address>
         <size>0x8</size>
      </object_component>
      <object_component id="oc-f4">
         <name>.common:stcMag</name>
         <uninitialized>true</uninitialized>
         <run_address>0x200000f4</run_address>
         <size>0x8</size>
      </object_component>
      <object_component id="oc-277">
         <name>.common:x</name>
         <uninitialized>true</uninitialized>
         <run_address>0x20000000</run_address>
         <size>0x48</size>
      </object_component>
      <object_component id="oc-278">
         <name>.common:y</name>
         <uninitialized>true</uninitialized>
         <run_address>0x20000048</run_address>
         <size>0x48</size>
      </object_component>
      <object_component id="oc-27d">
         <name>.common:x_</name>
         <uninitialized>true</uninitialized>
         <run_address>0x200000b4</run_address>
         <size>0xc</size>
      </object_component>
      <object_component id="oc-27e">
         <name>.common:y_</name>
         <uninitialized>true</uninitialized>
         <run_address>0x200000c0</run_address>
         <size>0xc</size>
      </object_component>
      <object_component id="oc-279">
         <name>.common:alpha</name>
         <uninitialized>true</uninitialized>
         <run_address>0x20000100</run_address>
         <size>0x4</size>
      </object_component>
      <object_component id="oc-29">
         <name>.stack</name>
         <uninitialized>true</uninitialized>
         <run_address>0x2000fe00</run_address>
         <size>0x4</size>
         <input_file_ref idref="fl-d4"/>
      </object_component>
      <object_component id="oc-459">
         <name>.stack</name>
         <uninitialized>true</uninitialized>
         <run_address>0x2000fe00</run_address>
         <size>0x0</size>
      </object_component>
      <object_component id="oc-f5">
         <name>.debug_info</name>
         <load_address>0x0</load_address>
         <run_address>0x0</run_address>
         <size>0x6c6</size>
         <input_file_ref idref="fl-2"/>
      </object_component>
      <object_component id="oc-242">
         <name>.debug_info</name>
         <load_address>0x6c6</load_address>
         <run_address>0x6c6</run_address>
         <size>0xb8</size>
         <input_file_ref idref="fl-2"/>
      </object_component>
      <object_component id="oc-245">
         <name>.debug_info</name>
         <load_address>0x77e</load_address>
         <run_address>0x77e</run_address>
         <size>0xb8</size>
         <input_file_ref idref="fl-2"/>
      </object_component>
      <object_component id="oc-248">
         <name>.debug_info</name>
         <load_address>0x836</load_address>
         <run_address>0x836</run_address>
         <size>0xb8</size>
         <input_file_ref idref="fl-2"/>
      </object_component>
      <object_component id="oc-24b">
         <name>.debug_info</name>
         <load_address>0x8ee</load_address>
         <run_address>0x8ee</run_address>
         <size>0xb8</size>
         <input_file_ref idref="fl-2"/>
      </object_component>
      <object_component id="oc-137">
         <name>.debug_info</name>
         <load_address>0x9a6</load_address>
         <run_address>0x9a6</run_address>
         <size>0x480</size>
         <input_file_ref idref="fl-2"/>
      </object_component>
      <object_component id="oc-115">
         <name>.debug_info</name>
         <load_address>0xe26</load_address>
         <run_address>0xe26</run_address>
         <size>0x26b</size>
         <input_file_ref idref="fl-2"/>
      </object_component>
      <object_component id="oc-1b5">
         <name>.debug_info</name>
         <load_address>0x1091</load_address>
         <run_address>0x1091</run_address>
         <size>0x1055</size>
         <input_file_ref idref="fl-2"/>
      </object_component>
      <object_component id="oc-1b0">
         <name>.debug_info</name>
         <load_address>0x20e6</load_address>
         <run_address>0x20e6</run_address>
         <size>0x37e2</size>
         <input_file_ref idref="fl-2"/>
      </object_component>
      <object_component id="oc-1c4">
         <name>.debug_info</name>
         <load_address>0x58c8</load_address>
         <run_address>0x58c8</run_address>
         <size>0xf7</size>
         <input_file_ref idref="fl-2"/>
      </object_component>
      <object_component id="oc-1e6">
         <name>.debug_info</name>
         <load_address>0x59bf</load_address>
         <run_address>0x59bf</run_address>
         <size>0x341</size>
         <input_file_ref idref="fl-2"/>
      </object_component>
      <object_component id="oc-32">
         <name>.debug_info</name>
         <load_address>0x5d00</load_address>
         <run_address>0x5d00</run_address>
         <size>0x84</size>
         <input_file_ref idref="fl-2"/>
      </object_component>
      <object_component id="oc-1eb">
         <name>.debug_info</name>
         <load_address>0x5d84</load_address>
         <run_address>0x5d84</run_address>
         <size>0x2a4</size>
         <input_file_ref idref="fl-2"/>
      </object_component>
      <object_component id="oc-1ce">
         <name>.debug_info</name>
         <load_address>0x6028</load_address>
         <run_address>0x6028</run_address>
         <size>0xef</size>
         <input_file_ref idref="fl-2"/>
      </object_component>
      <object_component id="oc-10e">
         <name>.debug_info</name>
         <load_address>0x6117</load_address>
         <run_address>0x6117</run_address>
         <size>0xbb</size>
         <input_file_ref idref="fl-2"/>
      </object_component>
      <object_component id="oc-1dd">
         <name>.debug_info</name>
         <load_address>0x61d2</load_address>
         <run_address>0x61d2</run_address>
         <size>0x102</size>
         <input_file_ref idref="fl-2"/>
      </object_component>
      <object_component id="oc-1ba">
         <name>.debug_info</name>
         <load_address>0x62d4</load_address>
         <run_address>0x62d4</run_address>
         <size>0xa5</size>
         <input_file_ref idref="fl-2"/>
      </object_component>
      <object_component id="oc-1c9">
         <name>.debug_info</name>
         <load_address>0x6379</load_address>
         <run_address>0x6379</run_address>
         <size>0x195</size>
         <input_file_ref idref="fl-2"/>
      </object_component>
      <object_component id="oc-1bf">
         <name>.debug_info</name>
         <load_address>0x650e</load_address>
         <run_address>0x650e</run_address>
         <size>0x69</size>
         <input_file_ref idref="fl-2"/>
      </object_component>
      <object_component id="oc-f7">
         <name>.debug_info</name>
         <load_address>0x6577</load_address>
         <run_address>0x6577</run_address>
         <size>0x933</size>
         <input_file_ref idref="fl-3"/>
      </object_component>
      <object_component id="oc-131">
         <name>.debug_info</name>
         <load_address>0x6eaa</load_address>
         <run_address>0x6eaa</run_address>
         <size>0x2ce</size>
         <input_file_ref idref="fl-3"/>
      </object_component>
      <object_component id="oc-109">
         <name>.debug_info</name>
         <load_address>0x7178</load_address>
         <run_address>0x7178</run_address>
         <size>0x8b</size>
         <input_file_ref idref="fl-3"/>
      </object_component>
      <object_component id="oc-f9">
         <name>.debug_info</name>
         <load_address>0x7203</load_address>
         <run_address>0x7203</run_address>
         <size>0x81e</size>
         <input_file_ref idref="fl-4"/>
      </object_component>
      <object_component id="oc-13d">
         <name>.debug_info</name>
         <load_address>0x7a21</load_address>
         <run_address>0x7a21</run_address>
         <size>0x3ae</size>
         <input_file_ref idref="fl-4"/>
      </object_component>
      <object_component id="oc-fb">
         <name>.debug_info</name>
         <load_address>0x7dcf</load_address>
         <run_address>0x7dcf</run_address>
         <size>0x736</size>
         <input_file_ref idref="fl-5"/>
      </object_component>
      <object_component id="oc-ce">
         <name>.debug_info</name>
         <load_address>0x8505</load_address>
         <run_address>0x8505</run_address>
         <size>0x107</size>
         <input_file_ref idref="fl-5"/>
      </object_component>
      <object_component id="oc-280">
         <name>.debug_info</name>
         <load_address>0x860c</load_address>
         <run_address>0x860c</run_address>
         <size>0xb1</size>
         <input_file_ref idref="fl-5"/>
      </object_component>
      <object_component id="oc-283">
         <name>.debug_info</name>
         <load_address>0x86bd</load_address>
         <run_address>0x86bd</run_address>
         <size>0xb1</size>
         <input_file_ref idref="fl-5"/>
      </object_component>
      <object_component id="oc-27b">
         <name>.debug_info</name>
         <load_address>0x876e</load_address>
         <run_address>0x876e</run_address>
         <size>0xad</size>
         <input_file_ref idref="fl-5"/>
      </object_component>
      <object_component id="oc-274">
         <name>.debug_info</name>
         <load_address>0x881b</load_address>
         <run_address>0x881b</run_address>
         <size>0xbb</size>
         <input_file_ref idref="fl-5"/>
      </object_component>
      <object_component id="oc-a2">
         <name>.debug_info</name>
         <load_address>0x88d6</load_address>
         <run_address>0x88d6</run_address>
         <size>0x148</size>
         <input_file_ref idref="fl-5"/>
      </object_component>
      <object_component id="oc-fd">
         <name>.debug_info</name>
         <load_address>0x8a1e</load_address>
         <run_address>0x8a1e</run_address>
         <size>0x660</size>
         <input_file_ref idref="fl-6"/>
      </object_component>
      <object_component id="oc-ff">
         <name>.debug_info</name>
         <load_address>0x907e</load_address>
         <run_address>0x907e</run_address>
         <size>0x7ad</size>
         <input_file_ref idref="fl-7"/>
      </object_component>
      <object_component id="oc-f0">
         <name>.debug_info</name>
         <load_address>0x982b</load_address>
         <run_address>0x982b</run_address>
         <size>0xca</size>
         <input_file_ref idref="fl-7"/>
      </object_component>
      <object_component id="oc-74">
         <name>.debug_info</name>
         <load_address>0x98f5</load_address>
         <run_address>0x98f5</run_address>
         <size>0x263</size>
         <input_file_ref idref="fl-7"/>
      </object_component>
      <object_component id="oc-101">
         <name>.debug_info</name>
         <load_address>0x9b58</load_address>
         <run_address>0x9b58</run_address>
         <size>0x64e</size>
         <input_file_ref idref="fl-8"/>
      </object_component>
      <object_component id="oc-26e">
         <name>.debug_info</name>
         <load_address>0xa1a6</load_address>
         <run_address>0xa1a6</run_address>
         <size>0x141</size>
         <input_file_ref idref="fl-8"/>
      </object_component>
      <object_component id="oc-7b">
         <name>.debug_info</name>
         <load_address>0xa2e7</load_address>
         <run_address>0xa2e7</run_address>
         <size>0x2b2</size>
         <input_file_ref idref="fl-9"/>
      </object_component>
      <object_component id="oc-27">
         <name>.debug_info</name>
         <load_address>0xa599</load_address>
         <run_address>0xa599</run_address>
         <size>0xde</size>
         <input_file_ref idref="fl-9"/>
      </object_component>
      <object_component id="oc-6b">
         <name>.debug_info</name>
         <load_address>0xa677</load_address>
         <run_address>0xa677</run_address>
         <size>0x1a5</size>
         <input_file_ref idref="fl-9"/>
      </object_component>
      <object_component id="oc-182">
         <name>.debug_info</name>
         <load_address>0xa81c</load_address>
         <run_address>0xa81c</run_address>
         <size>0xd7</size>
         <input_file_ref idref="fl-a"/>
      </object_component>
      <object_component id="oc-b4">
         <name>.debug_info</name>
         <load_address>0xa8f3</load_address>
         <run_address>0xa8f3</run_address>
         <size>0x243</size>
         <input_file_ref idref="fl-a"/>
      </object_component>
      <object_component id="oc-103">
         <name>.debug_info</name>
         <load_address>0xab36</load_address>
         <run_address>0xab36</run_address>
         <size>0x75e</size>
         <input_file_ref idref="fl-b"/>
      </object_component>
      <object_component id="oc-cb">
         <name>.debug_info</name>
         <load_address>0xb294</load_address>
         <run_address>0xb294</run_address>
         <size>0xbc</size>
         <input_file_ref idref="fl-b"/>
      </object_component>
      <object_component id="oc-6e">
         <name>.debug_info</name>
         <load_address>0xb350</load_address>
         <run_address>0xb350</run_address>
         <size>0x1a1</size>
         <input_file_ref idref="fl-b"/>
      </object_component>
      <object_component id="oc-32b">
         <name>.debug_info</name>
         <load_address>0xb4f1</load_address>
         <run_address>0xb4f1</run_address>
         <size>0x366</size>
         <input_file_ref idref="fl-c8"/>
      </object_component>
      <object_component id="oc-268">
         <name>.debug_info</name>
         <load_address>0xb857</load_address>
         <run_address>0xb857</run_address>
         <size>0x796</size>
         <input_file_ref idref="fl-c8"/>
      </object_component>
      <object_component id="oc-3d0">
         <name>.debug_info</name>
         <load_address>0xbfed</load_address>
         <run_address>0xbfed</run_address>
         <size>0x46</size>
         <input_file_ref idref="fl-c8"/>
      </object_component>
      <object_component id="oc-32c">
         <name>.debug_info</name>
         <load_address>0xc033</load_address>
         <run_address>0xc033</run_address>
         <size>0x39</size>
         <input_file_ref idref="fl-c8"/>
      </object_component>
      <object_component id="oc-25e">
         <name>.debug_info</name>
         <load_address>0xc06c</load_address>
         <run_address>0xc06c</run_address>
         <size>0x14c</size>
         <input_file_ref idref="fl-c9"/>
      </object_component>
      <object_component id="oc-31a">
         <name>.debug_info</name>
         <load_address>0xc1b8</load_address>
         <run_address>0xc1b8</run_address>
         <size>0x128</size>
         <input_file_ref idref="fl-ca"/>
      </object_component>
      <object_component id="oc-3bf">
         <name>.debug_info</name>
         <load_address>0xc2e0</load_address>
         <run_address>0xc2e0</run_address>
         <size>0x12a</size>
         <input_file_ref idref="fl-ca"/>
      </object_component>
      <object_component id="oc-255">
         <name>.debug_info</name>
         <load_address>0xc40a</load_address>
         <run_address>0xc40a</run_address>
         <size>0x13a</size>
         <input_file_ref idref="fl-cb"/>
      </object_component>
      <object_component id="oc-30f">
         <name>.debug_info</name>
         <load_address>0xc544</load_address>
         <run_address>0xc544</run_address>
         <size>0x12e</size>
         <input_file_ref idref="fl-cc"/>
      </object_component>
      <object_component id="oc-25b">
         <name>.debug_info</name>
         <load_address>0xc672</load_address>
         <run_address>0xc672</run_address>
         <size>0x13e</size>
         <input_file_ref idref="fl-cd"/>
      </object_component>
      <object_component id="oc-250">
         <name>.debug_info</name>
         <load_address>0xc7b0</load_address>
         <run_address>0xc7b0</run_address>
         <size>0x12c</size>
         <input_file_ref idref="fl-ce"/>
      </object_component>
      <object_component id="oc-264">
         <name>.debug_info</name>
         <load_address>0xc8dc</load_address>
         <run_address>0xc8dc</run_address>
         <size>0x12c</size>
         <input_file_ref idref="fl-cf"/>
      </object_component>
      <object_component id="oc-92">
         <name>.debug_info</name>
         <load_address>0xca08</load_address>
         <run_address>0xca08</run_address>
         <size>0x2d4</size>
         <input_file_ref idref="fl-d0"/>
      </object_component>
      <object_component id="oc-44">
         <name>.debug_info</name>
         <load_address>0xccdc</load_address>
         <run_address>0xccdc</run_address>
         <size>0x1d2</size>
         <input_file_ref idref="fl-d0"/>
      </object_component>
      <object_component id="oc-8d">
         <name>.debug_info</name>
         <load_address>0xceae</load_address>
         <run_address>0xceae</run_address>
         <size>0x46</size>
         <input_file_ref idref="fl-d0"/>
      </object_component>
      <object_component id="oc-121">
         <name>.debug_info</name>
         <load_address>0xcef4</load_address>
         <run_address>0xcef4</run_address>
         <size>0x2c</size>
         <input_file_ref idref="fl-d0"/>
      </object_component>
      <object_component id="oc-42">
         <name>.debug_info</name>
         <load_address>0xcf20</load_address>
         <run_address>0xcf20</run_address>
         <size>0x2a8</size>
         <input_file_ref idref="fl-d1"/>
      </object_component>
      <object_component id="oc-1e">
         <name>.debug_info</name>
         <load_address>0xd1c8</load_address>
         <run_address>0xd1c8</run_address>
         <size>0x1ea</size>
         <input_file_ref idref="fl-d1"/>
      </object_component>
      <object_component id="oc-3d">
         <name>.debug_info</name>
         <load_address>0xd3b2</load_address>
         <run_address>0xd3b2</run_address>
         <size>0x46</size>
         <input_file_ref idref="fl-d1"/>
      </object_component>
      <object_component id="oc-85">
         <name>.debug_info</name>
         <load_address>0xd3f8</load_address>
         <run_address>0xd3f8</run_address>
         <size>0x2c</size>
         <input_file_ref idref="fl-d1"/>
      </object_component>
      <object_component id="oc-83">
         <name>.debug_info</name>
         <load_address>0xd424</load_address>
         <run_address>0xd424</run_address>
         <size>0x29e</size>
         <input_file_ref idref="fl-d2"/>
      </object_component>
      <object_component id="oc-1b">
         <name>.debug_info</name>
         <load_address>0xd6c2</load_address>
         <run_address>0xd6c2</run_address>
         <size>0x250</size>
         <input_file_ref idref="fl-d2"/>
      </object_component>
      <object_component id="oc-2d">
         <name>.debug_info</name>
         <load_address>0xd912</load_address>
         <run_address>0xd912</run_address>
         <size>0x60</size>
         <input_file_ref idref="fl-d2"/>
      </object_component>
      <object_component id="oc-11a">
         <name>.debug_info</name>
         <load_address>0xd972</load_address>
         <run_address>0xd972</run_address>
         <size>0x46</size>
         <input_file_ref idref="fl-d2"/>
      </object_component>
      <object_component id="oc-7e">
         <name>.debug_info</name>
         <load_address>0xd9b8</load_address>
         <run_address>0xd9b8</run_address>
         <size>0x39</size>
         <input_file_ref idref="fl-d2"/>
      </object_component>
      <object_component id="oc-3c5">
         <name>.debug_info</name>
         <load_address>0xd9f1</load_address>
         <run_address>0xd9f1</run_address>
         <size>0x3aa</size>
         <input_file_ref idref="fl-d3"/>
      </object_component>
      <object_component id="oc-3c2">
         <name>.debug_info</name>
         <load_address>0xdd9b</load_address>
         <run_address>0xdd9b</run_address>
         <size>0x13a</size>
         <input_file_ref idref="fl-d3"/>
      </object_component>
      <object_component id="oc-322">
         <name>.debug_info</name>
         <load_address>0xded5</load_address>
         <run_address>0xded5</run_address>
         <size>0x72f</size>
         <input_file_ref idref="fl-d3"/>
      </object_component>
      <object_component id="oc-40f">
         <name>.debug_info</name>
         <load_address>0xe604</load_address>
         <run_address>0xe604</run_address>
         <size>0x39</size>
         <input_file_ref idref="fl-d3"/>
      </object_component>
      <object_component id="oc-3c7">
         <name>.debug_info</name>
         <load_address>0xe63d</load_address>
         <run_address>0xe63d</run_address>
         <size>0x2c</size>
         <input_file_ref idref="fl-d3"/>
      </object_component>
      <object_component id="oc-2a">
         <name>.debug_info</name>
         <load_address>0xe669</load_address>
         <run_address>0xe669</run_address>
         <size>0x10b</size>
         <input_file_ref idref="fl-d4"/>
      </object_component>
      <object_component id="oc-57">
         <name>.debug_info</name>
         <load_address>0xe774</load_address>
         <run_address>0xe774</run_address>
         <size>0x1a9</size>
         <input_file_ref idref="fl-d4"/>
      </object_component>
      <object_component id="oc-3cd">
         <name>.debug_info</name>
         <load_address>0xe91d</load_address>
         <run_address>0xe91d</run_address>
         <size>0x28d</size>
         <input_file_ref idref="fl-d5"/>
      </object_component>
      <object_component id="oc-326">
         <name>.debug_info</name>
         <load_address>0xebaa</load_address>
         <run_address>0xebaa</run_address>
         <size>0x327</size>
         <input_file_ref idref="fl-d5"/>
      </object_component>
      <object_component id="oc-3ae">
         <name>.debug_info</name>
         <load_address>0xeed1</load_address>
         <run_address>0xeed1</run_address>
         <size>0x292</size>
         <input_file_ref idref="fl-d6"/>
      </object_component>
      <object_component id="oc-315">
         <name>.debug_info</name>
         <load_address>0xf163</load_address>
         <run_address>0xf163</run_address>
         <size>0x380</size>
         <input_file_ref idref="fl-d6"/>
      </object_component>
      <object_component id="oc-409">
         <name>.debug_info</name>
         <load_address>0xf4e3</load_address>
         <run_address>0xf4e3</run_address>
         <size>0x28f</size>
         <input_file_ref idref="fl-d7"/>
      </object_component>
      <object_component id="oc-3ba">
         <name>.debug_info</name>
         <load_address>0xf772</load_address>
         <run_address>0xf772</run_address>
         <size>0x22a</size>
         <input_file_ref idref="fl-d7"/>
      </object_component>
      <object_component id="oc-407">
         <name>.debug_info</name>
         <load_address>0xf99c</load_address>
         <run_address>0xf99c</run_address>
         <size>0x2fd</size>
         <input_file_ref idref="fl-d8"/>
      </object_component>
      <object_component id="oc-3b1">
         <name>.debug_info</name>
         <load_address>0xfc99</load_address>
         <run_address>0xfc99</run_address>
         <size>0x225</size>
         <input_file_ref idref="fl-d8"/>
      </object_component>
      <object_component id="oc-401">
         <name>.debug_info</name>
         <load_address>0xfebe</load_address>
         <run_address>0xfebe</run_address>
         <size>0x161</size>
         <input_file_ref idref="fl-d9"/>
      </object_component>
      <object_component id="oc-39">
         <name>.debug_info</name>
         <load_address>0x1001f</load_address>
         <run_address>0x1001f</run_address>
         <size>0x119</size>
         <input_file_ref idref="fl-da"/>
      </object_component>
      <object_component id="oc-291">
         <name>.debug_info</name>
         <load_address>0x10138</load_address>
         <run_address>0x10138</run_address>
         <size>0x4b3</size>
         <input_file_ref idref="fl-dc"/>
      </object_component>
      <object_component id="oc-150">
         <name>.debug_info</name>
         <load_address>0x105eb</load_address>
         <run_address>0x105eb</run_address>
         <size>0x1a6</size>
         <input_file_ref idref="fl-dc"/>
      </object_component>
      <object_component id="oc-34b">
         <name>.debug_info</name>
         <load_address>0x10791</load_address>
         <run_address>0x10791</run_address>
         <size>0x39</size>
         <input_file_ref idref="fl-dc"/>
      </object_component>
      <object_component id="oc-3d8">
         <name>.debug_info</name>
         <load_address>0x107ca</load_address>
         <run_address>0x107ca</run_address>
         <size>0x39</size>
         <input_file_ref idref="fl-dc"/>
      </object_component>
      <object_component id="oc-350">
         <name>.debug_info</name>
         <load_address>0x10803</load_address>
         <run_address>0x10803</run_address>
         <size>0x39</size>
         <input_file_ref idref="fl-dc"/>
      </object_component>
      <object_component id="oc-355">
         <name>.debug_info</name>
         <load_address>0x1083c</load_address>
         <run_address>0x1083c</run_address>
         <size>0xcd</size>
         <input_file_ref idref="fl-dc"/>
      </object_component>
      <object_component id="oc-9d">
         <name>.debug_info</name>
         <load_address>0x10909</load_address>
         <run_address>0x10909</run_address>
         <size>0x153</size>
         <input_file_ref idref="fl-dd"/>
      </object_component>
      <object_component id="oc-145">
         <name>.debug_info</name>
         <load_address>0x10a5c</load_address>
         <run_address>0x10a5c</run_address>
         <size>0x122</size>
         <input_file_ref idref="fl-df"/>
      </object_component>
      <object_component id="oc-41b">
         <name>.debug_info</name>
         <load_address>0x10b7e</load_address>
         <run_address>0x10b7e</run_address>
         <size>0x289</size>
         <input_file_ref idref="fl-e2"/>
      </object_component>
      <object_component id="oc-418">
         <name>.debug_info</name>
         <load_address>0x10e07</load_address>
         <run_address>0x10e07</run_address>
         <size>0x10e</size>
         <input_file_ref idref="fl-e2"/>
      </object_component>
      <object_component id="oc-3fc">
         <name>.debug_info</name>
         <load_address>0x10f15</load_address>
         <run_address>0x10f15</run_address>
         <size>0x14e</size>
         <input_file_ref idref="fl-e2"/>
      </object_component>
      <object_component id="oc-2fd">
         <name>.debug_info</name>
         <load_address>0x11063</load_address>
         <run_address>0x11063</run_address>
         <size>0x807</size>
         <input_file_ref idref="fl-e3"/>
      </object_component>
      <object_component id="oc-2d4">
         <name>.debug_info</name>
         <load_address>0x1186a</load_address>
         <run_address>0x1186a</run_address>
         <size>0x140</size>
         <input_file_ref idref="fl-e3"/>
      </object_component>
      <object_component id="oc-38b">
         <name>.debug_info</name>
         <load_address>0x119aa</load_address>
         <run_address>0x119aa</run_address>
         <size>0x1a8</size>
         <input_file_ref idref="fl-e3"/>
      </object_component>
      <object_component id="oc-398">
         <name>.debug_info</name>
         <load_address>0x11b52</load_address>
         <run_address>0x11b52</run_address>
         <size>0x1d9</size>
         <input_file_ref idref="fl-e3"/>
      </object_component>
      <object_component id="oc-2eb">
         <name>.debug_info</name>
         <load_address>0x11d2b</load_address>
         <run_address>0x11d2b</run_address>
         <size>0x2a8</size>
         <input_file_ref idref="fl-e3"/>
      </object_component>
      <object_component id="oc-2f9">
         <name>.debug_info</name>
         <load_address>0x11fd3</load_address>
         <run_address>0x11fd3</run_address>
         <size>0x1be</size>
         <input_file_ref idref="fl-e3"/>
      </object_component>
      <object_component id="oc-1fa">
         <name>.debug_info</name>
         <load_address>0x12191</load_address>
         <run_address>0x12191</run_address>
         <size>0x291</size>
         <input_file_ref idref="fl-e3"/>
      </object_component>
      <object_component id="oc-212">
         <name>.debug_info</name>
         <load_address>0x12422</load_address>
         <run_address>0x12422</run_address>
         <size>0x29d</size>
         <input_file_ref idref="fl-e3"/>
      </object_component>
      <object_component id="oc-20c">
         <name>.debug_info</name>
         <load_address>0x126bf</load_address>
         <run_address>0x126bf</run_address>
         <size>0x1f7</size>
         <input_file_ref idref="fl-e3"/>
      </object_component>
      <object_component id="oc-2e2">
         <name>.debug_info</name>
         <load_address>0x128b6</load_address>
         <run_address>0x128b6</run_address>
         <size>0x2f9</size>
         <input_file_ref idref="fl-e3"/>
      </object_component>
      <object_component id="oc-218">
         <name>.debug_info</name>
         <load_address>0x12baf</load_address>
         <run_address>0x12baf</run_address>
         <size>0x1e5</size>
         <input_file_ref idref="fl-e3"/>
      </object_component>
      <object_component id="oc-22a">
         <name>.debug_info</name>
         <load_address>0x12d94</load_address>
         <run_address>0x12d94</run_address>
         <size>0x28f</size>
         <input_file_ref idref="fl-e3"/>
      </object_component>
      <object_component id="oc-224">
         <name>.debug_info</name>
         <load_address>0x13023</load_address>
         <run_address>0x13023</run_address>
         <size>0x1d4</size>
         <input_file_ref idref="fl-e3"/>
      </object_component>
      <object_component id="oc-230">
         <name>.debug_info</name>
         <load_address>0x131f7</load_address>
         <run_address>0x131f7</run_address>
         <size>0x1ed</size>
         <input_file_ref idref="fl-e3"/>
      </object_component>
      <object_component id="oc-21e">
         <name>.debug_info</name>
         <load_address>0x133e4</load_address>
         <run_address>0x133e4</run_address>
         <size>0x1e9</size>
         <input_file_ref idref="fl-e3"/>
      </object_component>
      <object_component id="oc-236">
         <name>.debug_info</name>
         <load_address>0x135cd</load_address>
         <run_address>0x135cd</run_address>
         <size>0x1eb</size>
         <input_file_ref idref="fl-e3"/>
      </object_component>
      <object_component id="oc-23c">
         <name>.debug_info</name>
         <load_address>0x137b8</load_address>
         <run_address>0x137b8</run_address>
         <size>0x1e9</size>
         <input_file_ref idref="fl-e3"/>
      </object_component>
      <object_component id="oc-39e">
         <name>.debug_info</name>
         <load_address>0x139a1</load_address>
         <run_address>0x139a1</run_address>
         <size>0x1d3</size>
         <input_file_ref idref="fl-e3"/>
      </object_component>
      <object_component id="oc-2b0">
         <name>.debug_info</name>
         <load_address>0x13b74</load_address>
         <run_address>0x13b74</run_address>
         <size>0x431a</size>
         <input_file_ref idref="fl-e3"/>
      </object_component>
      <object_component id="oc-3a7">
         <name>.debug_info</name>
         <load_address>0x17e8e</load_address>
         <run_address>0x17e8e</run_address>
         <size>0x1b5</size>
         <input_file_ref idref="fl-e3"/>
      </object_component>
      <object_component id="oc-2bf">
         <name>.debug_info</name>
         <load_address>0x18043</load_address>
         <run_address>0x18043</run_address>
         <size>0x26b</size>
         <input_file_ref idref="fl-e3"/>
      </object_component>
      <object_component id="oc-2b5">
         <name>.debug_info</name>
         <load_address>0x182ae</load_address>
         <run_address>0x182ae</run_address>
         <size>0x1028</size>
         <input_file_ref idref="fl-e3"/>
      </object_component>
      <object_component id="oc-2a9">
         <name>.debug_info</name>
         <load_address>0x192d6</load_address>
         <run_address>0x192d6</run_address>
         <size>0x297</size>
         <input_file_ref idref="fl-e3"/>
      </object_component>
      <object_component id="oc-197">
         <name>.debug_info</name>
         <load_address>0x1956d</load_address>
         <run_address>0x1956d</run_address>
         <size>0xef</size>
         <input_file_ref idref="fl-e3"/>
      </object_component>
      <object_component id="oc-18c">
         <name>.debug_info</name>
         <load_address>0x1965c</load_address>
         <run_address>0x1965c</run_address>
         <size>0xbb</size>
         <input_file_ref idref="fl-e3"/>
      </object_component>
      <object_component id="oc-207">
         <name>.debug_info</name>
         <load_address>0x19717</load_address>
         <run_address>0x19717</run_address>
         <size>0x224</size>
         <input_file_ref idref="fl-e4"/>
      </object_component>
      <object_component id="oc-360">
         <name>.debug_info</name>
         <load_address>0x1993b</load_address>
         <run_address>0x1993b</run_address>
         <size>0x701</size>
         <input_file_ref idref="fl-e5"/>
      </object_component>
      <object_component id="oc-2d0">
         <name>.debug_info</name>
         <load_address>0x1a03c</load_address>
         <run_address>0x1a03c</run_address>
         <size>0x135</size>
         <input_file_ref idref="fl-e5"/>
      </object_component>
      <object_component id="oc-1f3">
         <name>.debug_info</name>
         <load_address>0x1a171</load_address>
         <run_address>0x1a171</run_address>
         <size>0x2a5</size>
         <input_file_ref idref="fl-e5"/>
      </object_component>
      <object_component id="oc-2c6">
         <name>.debug_info</name>
         <load_address>0x1a416</load_address>
         <run_address>0x1a416</run_address>
         <size>0x68f</size>
         <input_file_ref idref="fl-e6"/>
      </object_component>
      <object_component id="oc-193">
         <name>.debug_info</name>
         <load_address>0x1aaa5</load_address>
         <run_address>0x1aaa5</run_address>
         <size>0x12e</size>
         <input_file_ref idref="fl-e6"/>
      </object_component>
      <object_component id="oc-c2">
         <name>.debug_info</name>
         <load_address>0x1abd3</load_address>
         <run_address>0x1abd3</run_address>
         <size>0x219</size>
         <input_file_ref idref="fl-e6"/>
      </object_component>
      <object_component id="oc-2da">
         <name>.debug_info</name>
         <load_address>0x1adec</load_address>
         <run_address>0x1adec</run_address>
         <size>0x3a5</size>
         <input_file_ref idref="fl-e7"/>
      </object_component>
      <object_component id="oc-200">
         <name>.debug_info</name>
         <load_address>0x1b191</load_address>
         <run_address>0x1b191</run_address>
         <size>0x220</size>
         <input_file_ref idref="fl-e7"/>
      </object_component>
      <object_component id="oc-366">
         <name>.debug_info</name>
         <load_address>0x1b3b1</load_address>
         <run_address>0x1b3b1</run_address>
         <size>0x1eb</size>
         <input_file_ref idref="fl-e7"/>
      </object_component>
      <object_component id="oc-36c">
         <name>.debug_info</name>
         <load_address>0x1b59c</load_address>
         <run_address>0x1b59c</run_address>
         <size>0x1f9</size>
         <input_file_ref idref="fl-e7"/>
      </object_component>
      <object_component id="oc-3ec">
         <name>.debug_info</name>
         <load_address>0x1b795</load_address>
         <run_address>0x1b795</run_address>
         <size>0x346</size>
         <input_file_ref idref="fl-e7"/>
      </object_component>
      <object_component id="oc-378">
         <name>.debug_info</name>
         <load_address>0x1badb</load_address>
         <run_address>0x1badb</run_address>
         <size>0x202</size>
         <input_file_ref idref="fl-e7"/>
      </object_component>
      <object_component id="oc-372">
         <name>.debug_info</name>
         <load_address>0x1bcdd</load_address>
         <run_address>0x1bcdd</run_address>
         <size>0x1ac</size>
         <input_file_ref idref="fl-e7"/>
      </object_component>
      <object_component id="oc-3a3">
         <name>.debug_info</name>
         <load_address>0x1be89</load_address>
         <run_address>0x1be89</run_address>
         <size>0x5c9</size>
         <input_file_ref idref="fl-ea"/>
      </object_component>
      <object_component id="oc-2f1">
         <name>.debug_info</name>
         <load_address>0x1c452</load_address>
         <run_address>0x1c452</run_address>
         <size>0x298</size>
         <input_file_ref idref="fl-ea"/>
      </object_component>
      <object_component id="oc-383">
         <name>.debug_info</name>
         <load_address>0x1c6ea</load_address>
         <run_address>0x1c6ea</run_address>
         <size>0x1eb</size>
         <input_file_ref idref="fl-ea"/>
      </object_component>
      <object_component id="oc-38f">
         <name>.debug_info</name>
         <load_address>0x1c8d5</load_address>
         <run_address>0x1c8d5</run_address>
         <size>0x1e9</size>
         <input_file_ref idref="fl-ea"/>
      </object_component>
      <object_component id="oc-37d">
         <name>.debug_info</name>
         <load_address>0x1cabe</load_address>
         <run_address>0x1cabe</run_address>
         <size>0x1cc</size>
         <input_file_ref idref="fl-ea"/>
      </object_component>
      <object_component id="oc-191">
         <name>.debug_info</name>
         <load_address>0x1cc8a</load_address>
         <run_address>0x1cc8a</run_address>
         <size>0x725</size>
         <input_file_ref idref="fl-eb"/>
      </object_component>
      <object_component id="oc-186">
         <name>.debug_info</name>
         <load_address>0x1d3af</load_address>
         <run_address>0x1d3af</run_address>
         <size>0x25e</size>
         <input_file_ref idref="fl-eb"/>
      </object_component>
      <object_component id="oc-c5">
         <name>.debug_info</name>
         <load_address>0x1d60d</load_address>
         <run_address>0x1d60d</run_address>
         <size>0x215</size>
         <input_file_ref idref="fl-eb"/>
      </object_component>
      <object_component id="oc-b9">
         <name>.debug_info</name>
         <load_address>0x1d822</load_address>
[...]
      </symbol>
      <symbol id="sm-176">
         <name>EUSCIA2_IRQHandler</name>
         <value>0x203d</value>
         <object_component_ref idref="oc-73"/>
      </symbol>
      <symbol id="sm-18d">
         <name>pid_x</name>
         <value>0x196b</value>
         <object_component_ref idref="oc-26d"/>
      </symbol>
      <symbol id="sm-18e">
         <name>pid_y</name>
         <value>0x18d1</value>
         <object_component_ref idref="oc-26d"/>
      </symbol>
      <symbol id="sm-1a3">
         <name>Reset_Handler</name>
         <value>0x33ab</value>
         <object_component_ref idref="oc-67"/>
      </symbol>
      <symbol id="sm-1a4">
         <name>Default_Handler</name>
         <value>0x33b7</value>
         <object_component_ref idref="oc-67"/>
      </symbol>
      <symbol id="sm-1a5">
         <name>interruptVectors</name>
         <value>0x0</value>
         <object_component_ref idref="oc-26"/>
      </symbol>
      <symbol id="sm-1d3">
         <name>SystemInit</name>
         <value>0x10fd</value>
         <object_component_ref idref="oc-b1"/>
      </symbol>
      <symbol id="sm-1d4">
         <name>SystemCoreClockUpdate</name>
         <value>0x1153</value>
         <object_component_ref idref="oc-b1"/>
      </symbol>
      <symbol id="sm-1d5">
         <name>SystemCoreClock</name>
         <value>0x200001c8</value>
         <object_component_ref idref="oc-181"/>
      </symbol>
      <symbol id="sm-1f0">
         <name>upConfig</name>
         <value>0x3578</value>
         <object_component_ref idref="oc-ca"/>
      </symbol>
      <symbol id="sm-1f1">
         <name>timer_init</name>
         <value>0x2ed9</value>
         <object_component_ref idref="oc-6d"/>
      </symbol>
      <symbol id="sm-1f2">
         <name>TA1_0_IRQHandler</name>
         <value>0x2ef5</value>
         <object_component_ref idref="oc-6d"/>
      </symbol>
      <symbol id="sm-248">
         <name>sin</name>
         <value>0x81d</value>
         <object_component_ref idref="oc-267"/>
      </symbol>
      <symbol id="sm-249">
         <name>sinl</name>
         <value>0x81d</value>
         <object_component_ref idref="oc-267"/>
      </symbol>
      <symbol id="sm-260">
         <name>__aeabi_dsub</name>
         <value>0x12dd</value>
         <object_component_ref idref="oc-25d"/>
      </symbol>
      <symbol id="sm-261">
         <name>__aeabi_dadd</name>
         <value>0x12e7</value>
         <object_component_ref idref="oc-25d"/>
      </symbol>
      <symbol id="sm-283">
         <name>__aeabi_cdcmpeq</name>
         <value>0x2a11</value>
         <object_component_ref idref="oc-319"/>
      </symbol>
      <symbol id="sm-284">
         <name>__aeabi_cdcmple</name>
         <value>0x2a11</value>
         <object_component_ref idref="oc-319"/>
      </symbol>
      <symbol id="sm-285">
         <name>__aeabi_cdrcmple</name>
         <value>0x2a97</value>
         <object_component_ref idref="oc-3bc"/>
      </symbol>
      <symbol id="sm-290">
         <name>__aeabi_dmul</name>
         <value>0x230d</value>
         <object_component_ref idref="oc-253"/>
      </symbol>
      <symbol id="sm-29a">
         <name>__aeabi_d2iz</name>
         <value>0x2f71</value>
         <object_component_ref idref="oc-30e"/>
      </symbol>
      <symbol id="sm-2a6">
         <name>__aeabi_d2f</name>
         <value>0x2c19</value>
         <object_component_ref idref="oc-258"/>
      </symbol>
      <symbol id="sm-2b1">
         <name>__aeabi_f2d</name>
         <value>0x2ffd</value>
         <object_component_ref idref="oc-24e"/>
      </symbol>
      <symbol id="sm-2bb">
         <name>__aeabi_i2d</name>
         <value>0x3165</value>
         <object_component_ref idref="oc-262"/>
      </symbol>
      <symbol id="sm-2d4">
         <name>__TI_zero_init_nomemset</name>
         <value>0x3299</value>
         <object_component_ref idref="oc-43"/>
      </symbol>
      <symbol id="sm-2eb">
         <name>__TI_decompress_none</name>
         <value>0x339d</value>
         <object_component_ref idref="oc-1d"/>
      </symbol>
      <symbol id="sm-30e">
         <name>__TI_decompress_lzss</name>
         <value>0x2cf1</value>
         <object_component_ref idref="oc-17"/>
      </symbol>
      <symbol id="sm-37e">
         <name>__kernel_rem_pio2</name>
         <value>0xe5</value>
         <object_component_ref idref="oc-31e"/>
      </symbol>
      <symbol id="sm-391">
         <name>__stack</name>
         <value>0x2000fe00</value>
         <object_component_ref idref="oc-29"/>
      </symbol>
      <symbol id="sm-392">
         <name>_c_int00_noargs</name>
         <value>0x309d</value>
         <object_component_ref idref="oc-55"/>
      </symbol>
      <symbol id="sm-3a8">
         <name>__kernel_cos</name>
         <value>0x1609</value>
         <object_component_ref idref="oc-324"/>
      </symbol>
      <symbol id="sm-3bf">
         <name>__kernel_sin</name>
         <value>0x1495</value>
         <object_component_ref idref="oc-313"/>
      </symbol>
      <symbol id="sm-3dc">
         <name>floorl</name>
         <value>0x2501</value>
         <object_component_ref idref="oc-3b6"/>
      </symbol>
      <symbol id="sm-3dd">
         <name>floor</name>
         <value>0x2501</value>
         <object_component_ref idref="oc-3b6"/>
      </symbol>
      <symbol id="sm-3fa">
         <name>scalbn</name>
         <value>0x1ee5</value>
         <object_component_ref idref="oc-3b0"/>
      </symbol>
      <symbol id="sm-3fb">
         <name>scalbnl</name>
         <value>0x1ee5</value>
         <object_component_ref idref="oc-3b0"/>
      </symbol>
      <symbol id="sm-3fc">
         <name>ldexpl</name>
         <value>0x1ee5</value>
         <object_component_ref idref="oc-3b0"/>
      </symbol>
      <symbol id="sm-3fd">
         <name>ldexp</name>
         <value>0x1ee5</value>
         <object_component_ref idref="oc-3b0"/>
      </symbol>
      <symbol id="sm-407">
         <name>copysign</name>
         <value>0x32b5</value>
         <object_component_ref idref="oc-400"/>
      </symbol>
      <symbol id="sm-408">
         <name>copysignl</name>
         <value>0x32b5</value>
         <object_component_ref idref="oc-400"/>
      </symbol>
      <symbol id="sm-423">
         <name>memcpy</name>
         <value>0x2859</value>
         <object_component_ref idref="oc-37"/>
      </symbol>
      <symbol id="sm-424">
         <name>__aeabi_memcpy</name>
         <value>0x2859</value>
         <object_component_ref idref="oc-37"/>
      </symbol>
      <symbol id="sm-425">
         <name>__aeabi_memcpy8</name>
         <value>0x2859</value>
         <object_component_ref idref="oc-37"/>
      </symbol>
      <symbol id="sm-426">
         <name>__aeabi_memcpy4</name>
         <value>0x2859</value>
         <object_component_ref idref="oc-37"/>
      </symbol>
      <symbol id="sm-44f">
         <name>__TI_auto_init_nobinit_nopinit</name>
         <value>0x2fb9</value>
         <object_component_ref idref="oc-14f"/>
      </symbol>
      <symbol id="sm-459">
         <name>_system_pre_init</name>
         <value>0x33c1</value>
         <object_component_ref idref="oc-99"/>
      </symbol>
      <symbol id="sm-465">
         <name>C$$EXIT</name>
         <value>0x33c5</value>
         <object_component_ref idref="oc-143"/>
      </symbol>
      <symbol id="sm-466">
         <name>abort</name>
         <value>0x33c5</value>
         <object_component_ref idref="oc-143"/>
      </symbol>
      <symbol id="sm-47e">
         <name>__aeabi_errno_addr</name>
         <value>0x33b9</value>
         <object_component_ref idref="oc-3fa"/>
      </symbol>
      <symbol id="sm-47f">
         <name>errno</name>
         <value>0x200001c4</value>
         <object_component_ref idref="oc-417"/>
      </symbol>
      <symbol id="sm-5c7">
         <name>CS_getACLK</name>
         <value>0x3195</value>
         <object_component_ref idref="oc-21b"/>
      </symbol>
      <symbol id="sm-5c8">
         <name>CS_getMCLK</name>
         <value>0x31e5</value>
         <object_component_ref idref="oc-239"/>
      </symbol>
      <symbol id="sm-5c9">
         <name>CS_clearInterruptFlag</name>
         <value>0x3105</value>
         <object_component_ref idref="oc-39b"/>
      </symbol>
      <symbol id="sm-5ca">
         <name>CS_startHFXT</name>
         <value>0x3359</value>
         <object_component_ref idref="oc-209"/>
      </symbol>
      <symbol id="sm-5cb">
         <name>CS_getDCOFrequency</name>
         <value>0x2409</value>
         <object_component_ref idref="oc-227"/>
      </symbol>
      <symbol id="sm-5cc">
         <name>CS_setExternalClockSourceFrequency</name>
         <value>0x3279</value>
         <object_component_ref idref="oc-1f7"/>
      </symbol>
      <symbol id="sm-5cd">
         <name>CS_getBCLK</name>
         <value>0x3259</value>
         <object_component_ref idref="oc-221"/>
      </symbol>
      <symbol id="sm-5ce">
         <name>CS_getSMCLK</name>
         <value>0x320d</value>
         <object_component_ref idref="oc-233"/>
      </symbol>
      <symbol id="sm-5cf">
         <name>CS_setDCOCenteredFrequency</name>
         <value>0x3035</value>
         <object_component_ref idref="oc-215"/>
      </symbol>
      <symbol id="sm-5d0">
         <name>CS_startHFXTWithTimeout</name>
         <value>0x25f9</value>
         <object_component_ref idref="oc-2df"/>
      </symbol>
      <symbol id="sm-5d1">
         <name>CS_getHSMCLK</name>
         <value>0x31bd</value>
         <object_component_ref idref="oc-22d"/>
      </symbol>
      <symbol id="sm-5d2">
         <name>CS_initClockSignal</name>
         <value>0x1c99</value>
         <object_component_ref idref="oc-20f"/>
      </symbol>
      <symbol id="sm-5e1">
         <name>FlashCtl_setWaitState</name>
         <value>0x2f29</value>
         <object_component_ref idref="oc-203"/>
      </symbol>
      <symbol id="sm-5fc">
         <name>GPIO_setAsPeripheralModuleFunctionOutputPin</name>
         <value>0x2989</value>
         <object_component_ref idref="oc-1f1"/>
      </symbol>
      <symbol id="sm-619">
         <name>Interrupt_enableInterrupt</name>
         <value>0x2b1d</value>
         <object_component_ref idref="oc-be"/>
      </symbol>
      <symbol id="sm-697">
         <name>PCM_setCoreVoltageLevel</name>
         <value>0x336b</value>
         <object_component_ref idref="oc-1fd"/>
      </symbol>
      <symbol id="sm-698">
         <name>PCM_getCoreVoltageLevel</name>
         <value>0x2e1f</value>
         <object_component_ref idref="oc-369"/>
      </symbol>
      <symbol id="sm-699">
         <name>PCM_getPowerMode</name>
         <value>0x2e7d</value>
         <object_component_ref idref="oc-363"/>
      </symbol>
      <symbol id="sm-69a">
         <name>PCM_getPowerState</name>
         <value>0x3345</value>
         <object_component_ref idref="oc-36f"/>
      </symbol>
      <symbol id="sm-69b">
         <name>PCM_setPowerMode</name>
         <value>0x337b</value>
         <object_component_ref idref="oc-375"/>
      </symbol>
      <symbol id="sm-6d1">
         <name>SysCtl_A_enableNMISource</name>
         <value>0x32e9</value>
         <object_component_ref idref="oc-38e"/>
      </symbol>
      <symbol id="sm-6d2">
         <name>SysCtl_A_getTLVInfo</name>
         <value>0x28f5</value>
         <object_component_ref idref="oc-2f0"/>
      </symbol>
      <symbol id="sm-6d3">
         <name>SysCtl_A_getNMISourceStatus</name>
         <value>0x338d</value>
         <object_component_ref idref="oc-37c"/>
      </symbol>
      <symbol id="sm-6d4">
         <name>SysCtl_A_disableNMISource</name>
         <value>0x32d1</value>
         <object_component_ref idref="oc-382"/>
      </symbol>
      <symbol id="sm-70a">
         <name>Timer_A_startCounter</name>
         <value>0x3319</value>
         <object_component_ref idref="oc-c4"/>
      </symbol>
      <symbol id="sm-70b">
         <name>Timer_A_configureUpMode</name>
         <value>0x2c89</value>
         <object_component_ref idref="oc-b8"/>
      </symbol>
      <symbol id="sm-765">
         <name>UART_receiveData</name>
         <value>0x3135</value>
         <object_component_ref idref="oc-e3"/>
      </symbol>
      <symbol id="sm-766">
         <name>UART_getEnabledInterruptStatus</name>
         <value>0x2d59</value>
         <object_component_ref idref="oc-d7"/>
      </symbol>
      <symbol id="sm-767">
         <name>UART_transmitData</name>
         <value>0x3069</value>
         <object_component_ref idref="oc-e9"/>
      </symbol>
      <symbol id="sm-768">
         <name>UART_getInterruptStatus</name>
         <value>0x3301</value>
         <object_component_ref idref="oc-1a2"/>
      </symbol>
      <symbol id="sm-769">
         <name>UART_initModule</name>
         <value>0x1dc9</value>
         <object_component_ref idref="oc-d1"/>
      </symbol>
      <symbol id="sm-76a">
         <name>UART_clearInterruptFlag</name>
         <value>0x332f</value>
         <object_component_ref idref="oc-dd"/>
      </symbol>
      <symbol id="sm-776">
         <name>WDT_A_holdTimer</name>
         <value>0x3235</value>
         <object_component_ref idref="oc-12a"/>
      </symbol>
      <symbol id="sm-778">
         <name>__TI_static_base__</name>
         <value>0x0</value>
      </symbol>
      <symbol id="sm-77b">
         <name>__mpu_init</name>
         <value>0x0</value>
      </symbol>
      <symbol id="sm-77c">
         <name>_system_post_cinit</name>
         <value>0x0</value>
      </symbol>
      <symbol id="sm-77d">
         <name>NMI_Handler</name>
         <value>0x33b7</value>
      </symbol>
      <symbol id="sm-77e">
         <name>HardFault_Handler</name>
         <value>0x33b7</value>
      </symbol>
      <symbol id="sm-77f">
         <name>MemManage_Handler</name>
         <value>0x33b7</value>
      </symbol>
      <symbol id="sm-780">
         <name>BusFault_Handler</name>
         <value>0x33b7</value>
      </symbol>
      <symbol id="sm-781">
         <name>UsageFault_Handler</name>
         <value>0x33b7</value>
      </symbol>
      <symbol id="sm-782">
         <name>SVC_Handler</name>
         <value>0x33b7</value>
      </symbol>
      <symbol id="sm-783">
         <name>DebugMon_Handler</name>
         <value>0x33b7</value>
      </symbol>
      <symbol id="sm-784">
         <name>PendSV_Handler</name>
         <value>0x33b7</value>
      </symbol>
      <symbol id="sm-785">
         <name>SysTick_Handler</name>
         <value>0x33b7</value>
      </symbol>
      <symbol id="sm-786">
         <name>PSS_IRQHandler</name>
         <value>0x33b7</value>
      </symbol>
      <symbol id="sm-787">
         <name>CS_IRQHandler</name>
         <value>0x33b7</value>
      </symbol>
      <symbol id="sm-788">
         <name>PCM_IRQHandler</name>
         <value>0x33b7</value>
      </symbol>
      <symbol id="sm-789">
         <name>WDT_A_IRQHandler</name>
         <value>0x33b7</value>
      </symbol>
      <symbol id="sm-78a">
         <name>FPU_IRQHandler</name>
         <value>0x33b7</value>
      </symbol>
      <symbol id="sm-78b">
         <name>FLCTL_IRQHandler</name>
         <value>0x33b7</value>
      </symbol>
      <symbol id="sm-78c">
         <name>COMP_E0_IRQHandler</name>
         <value>0x33b7</value>
      </symbol>
      <symbol id="sm-78d">
         <name>COMP_E1_IRQHandler</name>
         <value>0x33b7</value>
      </symbol>
      <symbol id="sm-78e">
         <name>TA0_0_IRQHandler</name>
         <value>0x33b7</value>
      </symbol>
      <symbol id="sm-78f">
         <name>TA0_N_IRQHandler</name>
         <value>0x33b7</value>
      </symbol>
      <symbol id="sm-790">
         <name>TA1_0_IRQHandler</name>
         <value>0x2ef5</value>
      </symbol>
      <symbol id="sm-791">
         <name>TA1_N_IRQHandler</name>
         <value>0x33b7</value>
      </symbol>
      <symbol id="sm-792">
         <name>TA2_0_IRQHandler</name>
         <value>0x33b7</value>
      </symbol>
      <symbol id="sm-793">
         <name>TA2_N_IRQHandler</name>
         <value>0x33b7</value>
      </symbol>
      <symbol id="sm-794">
         <name>TA3_0_IRQHandler</name>
         <value>0x33b7</value>
      </symbol>
      <symbol id="sm-795">
         <name>TA3_N_IRQHandler</name>
         <value>0x33b7</value>
      </symbol>
      <symbol id="sm-796">
         <name>EUSCIA0_IRQHandler</name>
         <value>0x33b7</value>
      </symbol>
      <symbol id="sm-797">
         <name>EUSCIA1_IRQHandler</name>
         <value>0x33b7</value>
      </symbol>
      <symbol id="sm-798">
         <name>EUSCIA2_IRQHandler</name>
         <value>0x203d</value>
      </symbol>
      <symbol id="sm-799">
         <name>EUSCIA3_IRQHandler</name>
         <value>0x33b7</value>
      </symbol>
      <symbol id="sm-79a">
         <name>EUSCIB0_IRQHandler</name>
         <value>0x33b7</value>
      </symbol>
      <symbol id="sm-79b">
         <name>EUSCIB1_IRQHandler</name>
         <value>0x33b7</value>
      </symbol>
      <symbol id="sm-79c">
         <name>EUSCIB2_IRQHandler</name>
         <value>0x33b7</value>
      </symbol>
      <symbol id="sm-79d">
         <name>EUSCIB3_IRQHandler</name>
         <value>0x33b7</value>
      </symbol>
      <symbol id="sm-79e">
         <name>ADC14_IRQHandler</name>
         <value>0x33b7</value>
      </symbol>
      <symbol id="sm-79f">
         <name>T32_INT1_IRQHandler</name>
         <value>0x33b7</value>
      </symbol>
      <symbol id="sm-7a0">
         <name>T32_INT2_IRQHandler</name>
         <value>0x33b7</value>
      </symbol>
      <symbol id="sm-7a1">
         <name>T32_INTC_IRQHandler</name>
         <value>0x33b7</value>
      </symbol>
      <symbol id="sm-7a2">
         <name>AES256_IRQHandler</name>
         <value>0x33b7</value>
      </symbol>
      <symbol id="sm-7a3">
         <name>RTC_C_IRQHandler</name>
         <value>0x33b7</value>
      </symbol>
      <symbol id="sm-7a4">
         <name>DMA_ERR_IRQHandler</name>
         <value>0x33b7</value>
      </symbol>
      <symbol id="sm-7a5">
         <name>DMA_INT3_IRQHandler</name>
         <value>0x33b7</value>
      </symbol>
      <symbol id="sm-7a6">
         <name>DMA_INT2_IRQHandler</name>
         <value>0x33b7</value>
      </symbol>
      <symbol id="sm-7a7">
         <name>DMA_INT1_IRQHandler</name>
         <value>0x33b7</value>
      </symbol>
      <symbol id="sm-7a8">
         <name>DMA_INT0_IRQHandler</name>
         <value>0x33b7</value>
      </symbol>
      <symbol id="sm-7a9">
         <name>PORT1_IRQHandler</name>
         <value>0x33b7</value>
      </symbol>
      <symbol id="sm-7aa">
         <name>PORT2_IRQHandler</name>
         <value>0x33b7</value>
      </symbol>
      <symbol id="sm-7ab">
         <name>PORT3_IRQHandler</name>
         <value>0x33b7</value>
      </symbol>
      <symbol id="sm-7ac">
         <name>PORT4_IRQHandler</name>
         <value>0x33b7</value>
      </symbol>
      <symbol id="sm-7ad">
         <name>PORT5_IRQHandler</name>
         <value>0x33b7</value>
      </symbol>
      <symbol id="sm-7ae">
         <name>PORT6_IRQHandler</name>
         <value>0x33b7</value>
      </symbol>
   </symbol_table>
   <title>Link successful</title>
</link_info>
