<?xml version="1.0" encoding="ISO-8859-1" ?>
<link_info>
   <banner>TI ARM Linker PC v20.2.2.LTS</banner>
   <copyright>Copyright (c) 1996-2018 Texas Instruments Incorporated</copyright>
   <link_time>0x60868ca6</link_time>
   <link_errors>0x0</link_errors>
   <output_file>FL.out</output_file>
   <entry_point>
      <name>_c_int00_noargs</name>
      <address>0x19cd</address>
   </entry_point>
   <input_file_list>
      <input_file id="fl-2">
         <path>.\</path>
         <kind>object</kind>
         <file>PWM.obj</file>
         <name>PWM.obj</name>
      </input_file>
      <input_file id="fl-3">
         <path>.\</path>
         <kind>object</kind>
         <file>clk.obj</file>
         <name>clk.obj</name>
      </input_file>
      <input_file id="fl-4">
         <path>.\</path>
         <kind>object</kind>
         <file>data.obj</file>
         <name>data.obj</name>
      </input_file>
      <input_file id="fl-5">
         <path>.\</path>
         <kind>object</kind>
         <file>main.obj</file>
         <name>main.obj</name>
      </input_file>
      <input_file id="fl-6">
         <path>.\</path>
         <kind>object</kind>
         <file>math.obj</file>
         <name>math.obj</name>
      </input_file>
      <input_file id="fl-7">
         <path>.\</path>
         <kind>object</kind>
         <file>mpu6050.obj</file>
         <name>mpu6050.obj</name>
      </input_file>
      <input_file id="fl-8">
         <path>.\</path>
         <kind>object</kind>
         <file>pid.obj</file>
         <name>pid.obj</name>
      </input_file>
      <input_file id="fl-9">
         <path>.\</path>
         <kind>object</kind>
         <file>startup_msp432p401r_ccs.obj</file>
         <name>startup_msp432p401r_ccs.obj</name>
      </input_file>
      <input_file id="fl-a">
         <path>.\</path>
         <kind>object</kind>
         <file>system_msp432p401r.obj</file>
         <name>system_msp432p401r.obj</name>
      </input_file>
      <input_file id="fl-b">
         <path>.\</path>
         <kind>object</kind>
         <file>timer.obj</file>
         <name>timer.obj</name>
      </input_file>
      <input_file id="fl-10">
         <kind>object</kind>
         <file>&lt;internal&gt;</file>
         <name>&lt;internal&gt;</name>
      </input_file>
      <input_file id="fl-c6">
         <path>D:\ti\ccs1020\ccs\tools\compiler\ti-cgt-arm_20.2.2.LTS\lib\</path>
         <kind>archive</kind>
         <file>rtsv7M4_T_le_v4SPD16_eabi.lib</file>
         <name>copy_zero_init.c.obj</name>
      </input_file>
      <input_file id="fl-c7">
         <path>D:\ti\ccs1020\ccs\tools\compiler\ti-cgt-arm_20.2.2.LTS\lib\</path>
         <kind>archive</kind>
         <file>rtsv7M4_T_le_v4SPD16_eabi.lib</file>
         <name>copy_decompress_none.c.obj</name>
      </input_file>
      <input_file id="fl-c8">
         <path>D:\ti\ccs1020\ccs\tools\compiler\ti-cgt-arm_20.2.2.LTS\lib\</path>
         <kind>archive</kind>
         <file>rtsv7M4_T_le_v4SPD16_eabi.lib</file>
         <name>copy_decompress_lzss.c.obj</name>
      </input_file>
      <input_file id="fl-c9">
         <path>D:\ti\ccs1020\ccs\tools\compiler\ti-cgt-arm_20.2.2.LTS\lib\</path>
         <kind>archive</kind>
         <file>rtsv7M4_T_le_v4SPD16_eabi.lib</file>
         <name>boot_cortex_m.c.obj</name>
      </input_file>
      <input_file id="fl-ca">
         <path>D:\ti\ccs1020\ccs\tools\compiler\ti-cgt-arm_20.2.2.LTS\lib\</path>
         <kind>archive</kind>
         <file>rtsv7M4_T_le_v4SPD16_eabi.lib</file>
         <name>memcpy_t2.asm.obj</name>
      </input_file>
      <input_file id="fl-cb">
         <path>D:\ti\ccs1020\ccs\tools\compiler\ti-cgt-arm_20.2.2.LTS\lib\</path>
         <kind>archive</kind>
         <file>rtsv7M4_T_le_v4SPD16_eabi.lib</file>
         <name>memset_t2.asm.obj</name>
      </input_file>
      <input_file id="fl-cc">
         <path>D:\ti\ccs1020\ccs\tools\compiler\ti-cgt-arm_20.2.2.LTS\lib\</path>
         <kind>archive</kind>
         <file>rtsv7M4_T_le_v4SPD16_eabi.lib</file>
         <name>autoinit.c.obj</name>
      </input_file>
      <input_file id="fl-cd">
         <path>D:\ti\ccs1020\ccs\tools\compiler\ti-cgt-arm_20.2.2.LTS\lib\</path>
         <kind>archive</kind>
         <file>rtsv7M4_T_le_v4SPD16_eabi.lib</file>
         <name>pre_init.c.obj</name>
      </input_file>
      <input_file id="fl-ce">
         <path>D:\ti\ccs1020\ccs\tools\compiler\ti-cgt-arm_20.2.2.LTS\lib\</path>
         <kind>archive</kind>
         <file>rtsv7M4_T_le_v4SPD16_eabi.lib</file>
         <name>cpy_tbl.c.obj</name>
      </input_file>
      <input_file id="fl-cf">
         <path>D:\ti\ccs1020\ccs\tools\compiler\ti-cgt-arm_20.2.2.LTS\lib\</path>
         <kind>archive</kind>
         <file>rtsv7M4_T_le_v4SPD16_eabi.lib</file>
         <name>exit.c.obj</name>
      </input_file>
      <input_file id="fl-d0">
         <path>D:\ti\ccs1020\ccs\tools\compiler\ti-cgt-arm_20.2.2.LTS\lib\</path>
         <kind>archive</kind>
         <file>rtsv7M4_T_le_v4SPD16_eabi.lib</file>
         <name>_lock.c.obj</name>
      </input_file>
      <input_file id="fl-d1">
         <path>D:\ti\ccs1020\ccs\tools\compiler\ti-cgt-arm_20.2.2.LTS\lib\</path>
         <kind>archive</kind>
         <file>rtsv7M4_T_le_v4SPD16_eabi.lib</file>
         <name>args_main.c.obj</name>
      </input_file>
      <input_file id="fl-d2">
         <path>D:\ti\simplelink_msp432p4_sdk_3_40_01_02\source\ti\devices\msp432p4xx\driverlib\ccs\</path>
         <kind>archive</kind>
         <file>msp432p4xx_driverlib.lib</file>
         <name>cs.o</name>
      </input_file>
      <input_file id="fl-d3">
         <path>D:\ti\simplelink_msp432p4_sdk_3_40_01_02\source\ti\devices\msp432p4xx\driverlib\ccs\</path>
         <kind>archive</kind>
         <file>msp432p4xx_driverlib.lib</file>
         <name>flash.o</name>
      </input_file>
      <input_file id="fl-d4">
         <path>D:\ti\simplelink_msp432p4_sdk_3_40_01_02\source\ti\devices\msp432p4xx\driverlib\ccs\</path>
         <kind>archive</kind>
         <file>msp432p4xx_driverlib.lib</file>
         <name>gpio.o</name>
      </input_file>
      <input_file id="fl-d5">
         <path>D:\ti\simplelink_msp432p4_sdk_3_40_01_02\source\ti\devices\msp432p4xx\driverlib\ccs\</path>
         <kind>archive</kind>
         <file>msp432p4xx_driverlib.lib</file>
         <name>interrupt.o</name>
      </input_file>
      <input_file id="fl-d6">
         <path>D:\ti\simplelink_msp432p4_sdk_3_40_01_02\source\ti\devices\msp432p4xx\driverlib\ccs\</path>
         <kind>archive</kind>
         <file>msp432p4xx_driverlib.lib</file>
         <name>pcm.o</name>
      </input_file>
      <input_file id="fl-d7">
         <path>D:\ti\simplelink_msp432p4_sdk_3_40_01_02\source\ti\devices\msp432p4xx\driverlib\ccs\</path>
         <kind>archive</kind>
         <file>msp432p4xx_driverlib.lib</file>
         <name>rtc_c.o</name>
      </input_file>
      <input_file id="fl-d8">
         <path>D:\ti\simplelink_msp432p4_sdk_3_40_01_02\source\ti\devices\msp432p4xx\driverlib\ccs\</path>
         <kind>archive</kind>
         <file>msp432p4xx_driverlib.lib</file>
         <name>sysctl.o</name>
      </input_file>
      <input_file id="fl-d9">
         <path>D:\ti\simplelink_msp432p4_sdk_3_40_01_02\source\ti\devices\msp432p4xx\driverlib\ccs\</path>
         <kind>archive</kind>
         <file>msp432p4xx_driverlib.lib</file>
         <name>sysctl_a.o</name>
      </input_file>
      <input_file id="fl-da">
         <path>D:\ti\simplelink_msp432p4_sdk_3_40_01_02\source\ti\devices\msp432p4xx\driverlib\ccs\</path>
         <kind>archive</kind>
         <file>msp432p4xx_driverlib.lib</file>
         <name>timer_a.o</name>
      </input_file>
      <input_file id="fl-db">
         <path>D:\ti\simplelink_msp432p4_sdk_3_40_01_02\source\ti\devices\msp432p4xx\driverlib\ccs\</path>
         <kind>archive</kind>
         <file>msp432p4xx_driverlib.lib</file>
         <name>uart.o</name>
      </input_file>
      <input_file id="fl-dc">
         <path>D:\ti\simplelink_msp432p4_sdk_3_40_01_02\source\ti\devices\msp432p4xx\driverlib\ccs\</path>
         <kind>archive</kind>
         <file>msp432p4xx_driverlib.lib</file>
         <name>wdt_a.o</name>
      </input_file>
      <input_file id="fl-dd">
         <path>D:\ti\simplelink_msp432p4_sdk_3_40_01_02\source\ti\devices\msp432p4xx\driverlib\ccs\</path>
         <kind>archive</kind>
         <file>msp432p4xx_driverlib.lib</file>
         <name>cpu.o</name>
      </input_file>
   </input_file_list>
   <object_component_list>
      <object_component id="oc-26">
         <name>.intvecs:retain</name>
         <load_address>0x0</load_address>
         <run_address>0x0</run_address>
         <size>0xe4</size>
         <input_file_ref idref="fl-9"/>
      </object_component>
      <object_component id="oc-9f">
         <name>.text</name>
         <load_address>0xe4</load_address>
         <run_address>0xe4</run_address>
         <size>0x250</size>
         <input_file_ref idref="fl-5"/>
      </object_component>
      <object_component id="oc-b1">
         <name>.text</name>
         <load_address>0x334</load_address>
         <run_address>0x334</run_address>
         <size>0x1e0</size>
         <input_file_ref idref="fl-a"/>
      </object_component>
      <object_component id="oc-379">
         <name>.text:__PCM_setPowerModeAdvanced</name>
         <load_address>0x514</load_address>
         <run_address>0x514</run_address>
         <size>0x15c</size>
         <input_file_ref idref="fl-d6"/>
      </object_component>
      <object_component id="oc-12a">
         <name>.text</name>
         <load_address>0x670</load_address>
         <run_address>0x670</run_address>
         <size>0x150</size>
         <input_file_ref idref="fl-2"/>
      </object_component>
      <object_component id="oc-196">
         <name>.text:privateTimer_AProcessClockSourceDivider</name>
         <load_address>0x7c0</load_address>
         <run_address>0x7c0</run_address>
         <size>0x144</size>
         <input_file_ref idref="fl-da"/>
      </object_component>
      <object_component id="oc-229">
         <name>.text:CS_initClockSignal</name>
         <load_address>0x904</load_address>
         <run_address>0x904</run_address>
         <size>0x130</size>
         <input_file_ref idref="fl-d2"/>
      </object_component>
      <object_component id="oc-d1">
         <name>.text:UART_initModule</name>
         <load_address>0xa34</load_address>
         <run_address>0xa34</run_address>
         <size>0x11c</size>
         <input_file_ref idref="fl-db"/>
      </object_component>
      <object_component id="oc-73">
         <name>.text</name>
         <load_address>0xb50</load_address>
         <run_address>0xb50</run_address>
         <size>0x114</size>
         <input_file_ref idref="fl-7"/>
      </object_component>
      <object_component id="oc-2c9">
         <name>.text:__PCM_setCoreVoltageLevelAdvanced</name>
         <load_address>0xc64</load_address>
         <run_address>0xc64</run_address>
         <size>0x108</size>
         <input_file_ref idref="fl-d6"/>
      </object_component>
      <object_component id="oc-2da">
         <name>.text:_CSComputeCLKFrequency</name>
         <load_address>0xd6c</load_address>
         <run_address>0xd6c</run_address>
         <size>0x104</size>
         <input_file_ref idref="fl-d2"/>
      </object_component>
      <object_component id="oc-241">
         <name>.text:CS_getDCOFrequency</name>
         <load_address>0xe70</load_address>
         <run_address>0xe70</run_address>
         <size>0xf8</size>
         <input_file_ref idref="fl-d2"/>
      </object_component>
      <object_component id="oc-2d1">
         <name>.text:CS_startHFXTWithTimeout</name>
         <load_address>0xf68</load_address>
         <run_address>0xf68</run_address>
         <size>0xe4</size>
         <input_file_ref idref="fl-d2"/>
      </object_component>
      <object_component id="oc-341">
         <name>.text:_CSGetHFXTFrequency</name>
         <load_address>0x104c</load_address>
         <run_address>0x104c</run_address>
         <size>0xdc</size>
         <input_file_ref idref="fl-d2"/>
      </object_component>
      <object_component id="oc-130">
         <name>.text</name>
         <load_address>0x1128</load_address>
         <run_address>0x1128</run_address>
         <size>0xd0</size>
         <input_file_ref idref="fl-8"/>
      </object_component>
      <object_component id="oc-13c">
         <name>.text</name>
         <load_address>0x11f8</load_address>
         <run_address>0x11f8</run_address>
         <size>0xa0</size>
         <input_file_ref idref="fl-3"/>
      </object_component>
      <object_component id="oc-142">
         <name>.text</name>
         <load_address>0x1298</load_address>
         <run_address>0x1298</run_address>
         <size>0x9c</size>
         <input_file_ref idref="fl-4"/>
      </object_component>
      <object_component id="oc-37">
         <name>.text</name>
         <load_address>0x1334</load_address>
         <run_address>0x1334</run_address>
         <size>0x9c</size>
         <input_file_ref idref="fl-ca"/>
      </object_component>
      <object_component id="oc-2e2">
         <name>.text:SysCtl_A_getTLVInfo</name>
         <load_address>0x13d0</load_address>
         <run_address>0x13d0</run_address>
         <size>0x94</size>
         <input_file_ref idref="fl-d9"/>
      </object_component>
      <object_component id="oc-1fc">
         <name>.text:GPIO_setAsPeripheralModuleFunctionOutputPin</name>
         <load_address>0x1464</load_address>
         <run_address>0x1464</run_address>
         <size>0x88</size>
         <input_file_ref idref="fl-d4"/>
      </object_component>
      <object_component id="oc-be">
         <name>.text:Interrupt_enableInterrupt</name>
         <load_address>0x14ec</load_address>
         <run_address>0x14ec</run_address>
         <size>0x80</size>
         <input_file_ref idref="fl-d5"/>
      </object_component>
      <object_component id="oc-2e8">
         <name>.text:_CSGetDOCFrequency</name>
         <load_address>0x156c</load_address>
         <run_address>0x156c</run_address>
         <size>0x7c</size>
         <input_file_ref idref="fl-d2"/>
      </object_component>
      <object_component id="oc-b8">
         <name>.text:Timer_A_configureUpMode</name>
         <load_address>0x15e8</load_address>
         <run_address>0x15e8</run_address>
         <size>0x68</size>
         <input_file_ref idref="fl-da"/>
      </object_component>
      <object_component id="oc-17">
         <name>.text:decompress:lzss:__TI_decompress_lzss</name>
         <load_address>0x1650</load_address>
         <run_address>0x1650</run_address>
         <size>0x68</size>
         <input_file_ref idref="fl-c8"/>
      </object_component>
      <object_component id="oc-d7">
         <name>.text:UART_getEnabledInterruptStatus</name>
         <load_address>0x16b8</load_address>
         <run_address>0x16b8</run_address>
         <size>0x64</size>
         <input_file_ref idref="fl-db"/>
      </object_component>
      <object_component id="oc-34e">
         <name>.text:_CSGetDividerValue</name>
         <load_address>0x171c</load_address>
         <run_address>0x171c</run_address>
         <size>0x62</size>
         <input_file_ref idref="fl-d2"/>
      </object_component>
      <object_component id="oc-322">
         <name>.text:PCM_getCoreVoltageLevel</name>
         <load_address>0x177e</load_address>
         <run_address>0x177e</run_address>
         <size>0x5e</size>
         <input_file_ref idref="fl-d6"/>
      </object_component>
      <object_component id="oc-25b">
         <name>.text</name>
         <load_address>0x17dc</load_address>
         <run_address>0x17dc</run_address>
         <size>0x5e</size>
         <input_file_ref idref="fl-6"/>
      </object_component>
      <object_component id="oc-31c">
         <name>.text:PCM_getPowerMode</name>
         <load_address>0x183a</load_address>
         <run_address>0x183a</run_address>
         <size>0x5a</size>
         <input_file_ref idref="fl-d6"/>
      </object_component>
      <object_component id="oc-21d">
         <name>.text:FlashCtl_setWaitState</name>
         <load_address>0x1894</load_address>
         <run_address>0x1894</run_address>
         <size>0x48</size>
         <input_file_ref idref="fl-d3"/>
      </object_component>
      <object_component id="oc-160">
         <name>.text:__TI_auto_init_nobinit_nopinit:__TI_auto_init_nobinit_nopinit</name>
         <load_address>0x18dc</load_address>
         <run_address>0x18dc</run_address>
         <size>0x44</size>
         <input_file_ref idref="fl-cc"/>
      </object_component>
      <object_component id="oc-6d">
         <name>.text</name>
         <load_address>0x1920</load_address>
         <run_address>0x1920</run_address>
         <size>0x44</size>
         <input_file_ref idref="fl-b"/>
      </object_component>
      <object_component id="oc-22f">
         <name>.text:CS_setDCOCenteredFrequency</name>
         <load_address>0x1964</load_address>
         <run_address>0x1964</run_address>
         <size>0x34</size>
         <input_file_ref idref="fl-d2"/>
      </object_component>
      <object_component id="oc-e9">
         <name>.text:UART_transmitData</name>
         <load_address>0x1998</load_address>
         <run_address>0x1998</run_address>
         <size>0x34</size>
         <input_file_ref idref="fl-db"/>
      </object_component>
      <object_component id="oc-55">
         <name>.text:_c_int00_noargs:_c_int00_noargs</name>
         <load_address>0x19cc</load_address>
         <run_address>0x19cc</run_address>
         <size>0x34</size>
         <input_file_ref idref="fl-c9"/>
      </object_component>
      <object_component id="oc-354">
         <name>.text:CS_clearInterruptFlag</name>
         <load_address>0x1a00</load_address>
         <run_address>0x1a00</run_address>
         <size>0x30</size>
         <input_file_ref idref="fl-d2"/>
      </object_component>
      <object_component id="oc-e3">
         <name>.text:UART_receiveData</name>
         <load_address>0x1a30</load_address>
         <run_address>0x1a30</run_address>
         <size>0x30</size>
         <input_file_ref idref="fl-db"/>
      </object_component>
      <object_component id="oc-235">
         <name>.text:CS_getACLK</name>
         <load_address>0x1a60</load_address>
         <run_address>0x1a60</run_address>
         <size>0x28</size>
         <input_file_ref idref="fl-d2"/>
      </object_component>
      <object_component id="oc-247">
         <name>.text:CS_getHSMCLK</name>
         <load_address>0x1a88</load_address>
         <run_address>0x1a88</run_address>
         <size>0x28</size>
         <input_file_ref idref="fl-d2"/>
      </object_component>
      <object_component id="oc-253">
         <name>.text:CS_getMCLK</name>
         <load_address>0x1ab0</load_address>
         <run_address>0x1ab0</run_address>
         <size>0x28</size>
         <input_file_ref idref="fl-d2"/>
      </object_component>
      <object_component id="oc-24d">
         <name>.text:CS_getSMCLK</name>
         <load_address>0x1ad8</load_address>
         <run_address>0x1ad8</run_address>
         <size>0x28</size>
         <input_file_ref idref="fl-d2"/>
      </object_component>
      <object_component id="oc-136">
         <name>.text:WDT_A_holdTimer</name>
         <load_address>0x1b00</load_address>
         <run_address>0x1b00</run_address>
         <size>0x24</size>
         <input_file_ref idref="fl-dc"/>
      </object_component>
      <object_component id="oc-23b">
         <name>.text:CS_getBCLK</name>
         <load_address>0x1b24</load_address>
         <run_address>0x1b24</run_address>
         <size>0x20</size>
         <input_file_ref idref="fl-d2"/>
      </object_component>
      <object_component id="oc-211">
         <name>.text:CS_setExternalClockSourceFrequency</name>
         <load_address>0x1b44</load_address>
         <run_address>0x1b44</run_address>
         <size>0x20</size>
         <input_file_ref idref="fl-d2"/>
      </object_component>
      <object_component id="oc-43">
         <name>.text:decompress:ZI:__TI_zero_init_nomemset:__TI_zero_init_nomemset</name>
         <load_address>0x1b64</load_address>
         <run_address>0x1b64</run_address>
         <size>0x1c</size>
         <input_file_ref idref="fl-c6"/>
      </object_component>
      <object_component id="oc-33b">
         <name>.text:SysCtl_A_disableNMISource</name>
         <load_address>0x1b80</load_address>
         <run_address>0x1b80</run_address>
         <size>0x18</size>
         <input_file_ref idref="fl-d9"/>
      </object_component>
      <object_component id="oc-347">
         <name>.text:SysCtl_A_enableNMISource</name>
         <load_address>0x1b98</load_address>
         <run_address>0x1b98</run_address>
         <size>0x18</size>
         <input_file_ref idref="fl-d9"/>
      </object_component>
      <object_component id="oc-1b3">
         <name>.text:UART_getInterruptStatus</name>
         <load_address>0x1bb0</load_address>
         <run_address>0x1bb0</run_address>
         <size>0x18</size>
         <input_file_ref idref="fl-db"/>
      </object_component>
      <object_component id="oc-c4">
         <name>.text:Timer_A_startCounter</name>
         <load_address>0x1bc8</load_address>
         <run_address>0x1bc8</run_address>
         <size>0x16</size>
         <input_file_ref idref="fl-da"/>
      </object_component>
      <object_component id="oc-dd">
         <name>.text:UART_clearInterruptFlag</name>
         <load_address>0x1bde</load_address>
         <run_address>0x1bde</run_address>
         <size>0x16</size>
         <input_file_ref idref="fl-db"/>
      </object_component>
      <object_component id="oc-328">
         <name>.text:PCM_getPowerState</name>
         <load_address>0x1bf4</load_address>
         <run_address>0x1bf4</run_address>
         <size>0x14</size>
         <input_file_ref idref="fl-d6"/>
      </object_component>
      <object_component id="oc-223">
         <name>.text:CS_startHFXT</name>
         <load_address>0x1c08</load_address>
         <run_address>0x1c08</run_address>
         <size>0x12</size>
         <input_file_ref idref="fl-d2"/>
      </object_component>
      <object_component id="oc-217">
         <name>.text:PCM_setCoreVoltageLevel</name>
         <load_address>0x1c1a</load_address>
         <run_address>0x1c1a</run_address>
         <size>0x10</size>
         <input_file_ref idref="fl-d6"/>
      </object_component>
      <object_component id="oc-32e">
         <name>.text:PCM_setPowerMode</name>
         <load_address>0x1c2a</load_address>
         <run_address>0x1c2a</run_address>
         <size>0x10</size>
         <input_file_ref idref="fl-d6"/>
      </object_component>
      <object_component id="oc-335">
         <name>.text:SysCtl_A_getNMISourceStatus</name>
         <load_address>0x1c3c</load_address>
         <run_address>0x1c3c</run_address>
         <size>0x10</size>
         <input_file_ref idref="fl-d9"/>
      </object_component>
      <object_component id="oc-1d">
         <name>.text:decompress:none:__TI_decompress_none</name>
         <load_address>0x1c4c</load_address>
         <run_address>0x1c4c</run_address>
         <size>0xe</size>
         <input_file_ref idref="fl-c7"/>
      </object_component>
      <object_component id="oc-67">
         <name>.text</name>
         <load_address>0x1c5a</load_address>
         <run_address>0x1c5a</run_address>
         <size>0xe</size>
         <input_file_ref idref="fl-9"/>
      </object_component>
      <object_component id="oc-99">
         <name>.text:_system_pre_init</name>
         <load_address>0x1c68</load_address>
         <run_address>0x1c68</run_address>
         <size>0x4</size>
         <input_file_ref idref="fl-cd"/>
      </object_component>
      <object_component id="oc-154">
         <name>.text:abort:abort</name>
         <load_address>0x1c6c</load_address>
         <run_address>0x1c6c</run_address>
         <size>0x4</size>
         <input_file_ref idref="fl-cf"/>
      </object_component>
      <object_component id="oc-2b9">
         <name>.const:GPIO_PORT_TO_BASE</name>
         <load_address>0x1c70</load_address>
         <run_address>0x1c70</run_address>
         <size>0x30</size>
         <input_file_ref idref="fl-d4"/>
      </object_component>
      <object_component id="oc-ef">
         <name>.const:mpu6050_Config</name>
         <load_address>0x1ca0</load_address>
         <run_address>0x1ca0</run_address>
         <size>0x28</size>
         <input_file_ref idref="fl-7"/>
      </object_component>
      <object_component id="oc-ca">
         <name>.const:upConfig</name>
         <load_address>0x1cc8</load_address>
         <run_address>0x1cc8</run_address>
         <size>0x18</size>
         <input_file_ref idref="fl-b"/>
      </object_component>
      <object_component id="oc-1a3">
         <name>.const:g_pulEnRegs</name>
         <load_address>0x1ce0</load_address>
         <run_address>0x1ce0</run_address>
         <size>0x8</size>
         <input_file_ref idref="fl-d5"/>
      </object_component>
      <object_component id="oc-3ba">
         <name>.cinit..data.load</name>
         <load_address>0x1ce8</load_address>
         <run_address>0x1ce8</run_address>
         <size>0x41</size>
      </object_component>
      <object_component id="oc-3b8">
         <name>__TI_handler_table</name>
         <load_address>0x1d2c</load_address>
         <run_address>0x1d2c</run_address>
         <size>0xc</size>
      </object_component>
      <object_component id="oc-3bb">
         <name>.cinit..bss.load</name>
         <load_address>0x1d38</load_address>
         <run_address>0x1d38</run_address>
         <size>0x8</size>
      </object_component>
      <object_component id="oc-3b9">
         <name>__TI_cinit_table</name>
         <load_address>0x1d40</load_address>
         <run_address>0x1d40</run_address>
         <size>0x10</size>
      </object_component>
      <object_component id="oc-38c">
         <name>.binit</name>
         <load_address>0x0</load_address>
         <run_address>0x0</run_address>
         <size>0x0</size>
      </object_component>
      <object_component id="oc-202">
         <name>.data:pwm_2_4</name>
         <load_address>0x20000284</load_address>
         <run_address>0x20000284</run_address>
         <size>0x18</size>
         <input_file_ref idref="fl-2"/>
      </object_component>
      <object_component id="oc-205">
         <name>.data:pwm_2_5</name>
         <load_address>0x2000029c</load_address>
         <run_address>0x2000029c</run_address>
         <size>0x18</size>
         <input_file_ref idref="fl-2"/>
      </object_component>
      <object_component id="oc-208">
         <name>.data:pwm_2_6</name>
         <load_address>0x200002b4</load_address>
         <run_address>0x200002b4</run_address>
         <size>0x18</size>
         <input_file_ref idref="fl-2"/>
      </object_component>
      <object_component id="oc-20b">
         <name>.data:pwm_2_7</name>
         <load_address>0x200002cc</load_address>
         <run_address>0x200002cc</run_address>
         <size>0x18</size>
         <input_file_ref idref="fl-2"/>
      </object_component>
      <object_component id="oc-265">
         <name>.data</name>
         <load_address>0x20000320</load_address>
         <run_address>0x20000320</run_address>
         <size>0x4</size>
         <input_file_ref idref="fl-4"/>
      </object_component>
      <object_component id="oc-cd">
         <name>.data</name>
         <load_address>0x20000314</load_address>
         <run_address>0x20000314</run_address>
         <size>0xc</size>
         <input_file_ref idref="fl-5"/>
      </object_component>
      <object_component id="oc-14c">
         <name>.data:x_p</name>
         <load_address>0x200002f4</load_address>
         <run_address>0x200002f4</run_address>
         <size>0x10</size>
         <input_file_ref idref="fl-5"/>
      </object_component>
      <object_component id="oc-150">
         <name>.data:y_p</name>
         <load_address>0x20000304</load_address>
         <run_address>0x20000304</run_address>
         <size>0x10</size>
         <input_file_ref idref="fl-5"/>
      </object_component>
      <object_component id="oc-148">
         <name>.data:pwm_duty</name>
         <load_address>0x200002e4</load_address>
         <run_address>0x200002e4</run_address>
         <size>0x10</size>
         <input_file_ref idref="fl-5"/>
      </object_component>
      <object_component id="oc-f2">
         <name>.data</name>
         <load_address>0x20000328</load_address>
         <run_address>0x20000328</run_address>
         <size>0x1</size>
         <input_file_ref idref="fl-7"/>
      </object_component>
      <object_component id="oc-192">
         <name>.data</name>
         <load_address>0x20000324</load_address>
         <run_address>0x20000324</run_address>
         <size>0x4</size>
         <input_file_ref idref="fl-a"/>
      </object_component>
      <object_component id="oc-262">
         <name>.bss</name>
         <uninitialized>true</uninitialized>
         <run_address>0x20000274</run_address>
         <size>0x4</size>
         <input_file_ref idref="fl-4"/>
      </object_component>
      <object_component id="oc-f3">
         <name>.bss:ucRxBuffer$2</name>
         <uninitialized>true</uninitialized>
         <run_address>0x20000240</run_address>
         <size>0xc</size>
         <input_file_ref idref="fl-7"/>
      </object_component>
      <object_component id="oc-2c5">
         <name>.bss</name>
         <uninitialized>true</uninitialized>
         <run_address>0x2000024c</run_address>
         <size>0x8</size>
         <input_file_ref idref="fl-d2"/>
      </object_component>
      <object_component id="oc-259">
         <name>.common:clk</name>
         <uninitialized>true</uninitialized>
         <run_address>0x20000228</run_address>
         <size>0x18</size>
      </object_component>
      <object_component id="oc-107">
         <name>.common:stcAcc</name>
         <uninitialized>true</uninitialized>
         <run_address>0x20000254</run_address>
         <size>0x8</size>
      </object_component>
      <object_component id="oc-106">
         <name>.common:stcGyro</name>
         <uninitialized>true</uninitialized>
         <run_address>0x20000264</run_address>
         <size>0x8</size>
      </object_component>
      <object_component id="oc-105">
         <name>.common:stcAngle</name>
         <uninitialized>true</uninitialized>
         <run_address>0x2000025c</run_address>
         <size>0x8</size>
      </object_component>
      <object_component id="oc-f4">
         <name>.common:stcMag</name>
         <uninitialized>true</uninitialized>
         <run_address>0x2000026c</run_address>
         <size>0x8</size>
      </object_component>
      <object_component id="oc-14b">
         <name>.common:x</name>
         <uninitialized>true</uninitialized>
         <run_address>0x200001e0</run_address>
         <size>0x24</size>
      </object_component>
      <object_component id="oc-14f">
         <name>.common:y</name>
         <uninitialized>true</uninitialized>
         <run_address>0x20000204</run_address>
         <size>0x24</size>
      </object_component>
      <object_component id="oc-264">
         <name>.common:angle_x</name>
         <uninitialized>true</uninitialized>
         <run_address>0x20000190</run_address>
         <size>0x28</size>
      </object_component>
      <object_component id="oc-267">
         <name>.common:angle_y</name>
         <uninitialized>true</uninitialized>
         <run_address>0x200001b8</run_address>
         <size>0x28</size>
      </object_component>
      <object_component id="oc-261">
         <name>.common:a_x</name>
         <uninitialized>true</uninitialized>
         <run_address>0x20000000</run_address>
         <size>0x190</size>
      </object_component>
      <object_component id="oc-263">
         <name>.common:peak_</name>
         <uninitialized>true</uninitialized>
         <run_address>0x20000280</run_address>
         <size>0x4</size>
      </object_component>
      <object_component id="oc-266">
         <name>.common:agl_x</name>
         <uninitialized>true</uninitialized>
         <run_address>0x20000278</run_address>
         <size>0x4</size>
      </object_component>
      <object_component id="oc-268">
         <name>.common:agl_y</name>
         <uninitialized>true</uninitialized>
         <run_address>0x2000027c</run_address>
         <size>0x4</size>
      </object_component>
      <object_component id="oc-29">
         <name>.stack</name>
         <uninitialized>true</uninitialized>
         <run_address>0x2000fe00</run_address>
         <size>0x4</size>
         <input_file_ref idref="fl-c9"/>
      </object_component>
      <object_component id="oc-3bd">
         <name>.stack</name>
         <uninitialized>true</uninitialized>
         <run_address>0x2000fe00</run_address>
         <size>0x0</size>
      </object_component>
      <object_component id="oc-f5">
         <name>.debug_info</name>
         <load_address>0x0</load_address>
         <run_address>0x0</run_address>
         <size>0x658</size>
         <input_file_ref idref="fl-2"/>
      </object_component>
      <object_component id="oc-203">
         <name>.debug_info</name>
         <load_address>0x658</load_address>
         <run_address>0x658</run_address>
         <size>0xb7</size>
         <input_file_ref idref="fl-2"/>
      </object_component>
      <object_component id="oc-206">
         <name>.debug_info</name>
         <load_address>0x70f</load_address>
         <run_address>0x70f</run_address>
         <size>0xb7</size>
         <input_file_ref idref="fl-2"/>
      </object_component>
      <object_component id="oc-209">
         <name>.debug_info</name>
         <load_address>0x7c6</load_address>
         <run_address>0x7c6</run_address>
         <size>0xb7</size>
         <input_file_ref idref="fl-2"/>
      </object_component>
      <object_component id="oc-20c">
         <name>.debug_info</name>
         <load_address>0x87d</load_address>
         <run_address>0x87d</run_address>
         <size>0xb7</size>
         <input_file_ref idref="fl-2"/>
      </object_component>
      <object_component id="oc-12d">
         <name>.debug_info</name>
         <load_address>0x934</load_address>
         <run_address>0x934</run_address>
         <size>0x4cb</size>
         <input_file_ref idref="fl-2"/>
      </object_component>
      <object_component id="oc-115">
         <name>.debug_info</name>
         <load_address>0xdff</load_address>
         <run_address>0xdff</run_address>
         <size>0x26b</size>
         <input_file_ref idref="fl-2"/>
      </object_component>
      <object_component id="oc-1c6">
         <name>.debug_info</name>
         <load_address>0x106a</load_address>
         <run_address>0x106a</run_address>
         <size>0x1055</size>
         <input_file_ref idref="fl-2"/>
      </object_component>
      <object_component id="oc-1c1">
         <name>.debug_info</name>
         <load_address>0x20bf</load_address>
         <run_address>0x20bf</run_address>
         <size>0x37e2</size>
         <input_file_ref idref="fl-2"/>
      </object_component>
      <object_component id="oc-1d0">
         <name>.debug_info</name>
         <load_address>0x58a1</load_address>
         <run_address>0x58a1</run_address>
         <size>0xf7</size>
         <input_file_ref idref="fl-2"/>
      </object_component>
      <object_component id="oc-1f2">
         <name>.debug_info</name>
         <load_address>0x5998</load_address>
         <run_address>0x5998</run_address>
         <size>0x341</size>
         <input_file_ref idref="fl-2"/>
      </object_component>
      <object_component id="oc-32">
         <name>.debug_info</name>
         <load_address>0x5cd9</load_address>
         <run_address>0x5cd9</run_address>
         <size>0x84</size>
         <input_file_ref idref="fl-2"/>
      </object_component>
      <object_component id="oc-1f7">
         <name>.debug_info</name>
         <load_address>0x5d5d</load_address>
         <run_address>0x5d5d</run_address>
         <size>0x2a4</size>
         <input_file_ref idref="fl-2"/>
      </object_component>
      <object_component id="oc-1da">
         <name>.debug_info</name>
         <load_address>0x6001</load_address>
         <run_address>0x6001</run_address>
         <size>0xef</size>
         <input_file_ref idref="fl-2"/>
      </object_component>
      <object_component id="oc-10e">
         <name>.debug_info</name>
         <load_address>0x60f0</load_address>
         <run_address>0x60f0</run_address>
         <size>0xbb</size>
         <input_file_ref idref="fl-2"/>
      </object_component>
      <object_component id="oc-1e9">
         <name>.debug_info</name>
         <load_address>0x61ab</load_address>
         <run_address>0x61ab</run_address>
         <size>0x102</size>
         <input_file_ref idref="fl-2"/>
      </object_component>
      <object_component id="oc-1cb">
         <name>.debug_info</name>
         <load_address>0x62ad</load_address>
         <run_address>0x62ad</run_address>
         <size>0xa5</size>
         <input_file_ref idref="fl-2"/>
      </object_component>
      <object_component id="oc-1d5">
         <name>.debug_info</name>
         <load_address>0x6352</load_address>
         <run_address>0x6352</run_address>
         <size>0xe1</size>
         <input_file_ref idref="fl-2"/>
      </object_component>
      <object_component id="oc-f7">
         <name>.debug_info</name>
         <load_address>0x6433</load_address>
         <run_address>0x6433</run_address>
         <size>0x8c5</size>
         <input_file_ref idref="fl-3"/>
      </object_component>
      <object_component id="oc-13d">
         <name>.debug_info</name>
         <load_address>0x6cf8</load_address>
         <run_address>0x6cf8</run_address>
         <size>0x2cd</size>
         <input_file_ref idref="fl-3"/>
      </object_component>
      <object_component id="oc-109">
         <name>.debug_info</name>
         <load_address>0x6fc5</load_address>
         <run_address>0x6fc5</run_address>
         <size>0x8b</size>
         <input_file_ref idref="fl-3"/>
      </object_component>
      <object_component id="oc-f9">
         <name>.debug_info</name>
         <load_address>0x7050</load_address>
         <run_address>0x7050</run_address>
         <size>0x6f8</size>
         <input_file_ref idref="fl-4"/>
      </object_component>
      <object_component id="oc-143">
         <name>.debug_info</name>
         <load_address>0x7748</load_address>
         <run_address>0x7748</run_address>
         <size>0x169</size>
         <input_file_ref idref="fl-4"/>
      </object_component>
      <object_component id="oc-fb">
         <name>.debug_info</name>
         <load_address>0x78b1</load_address>
         <run_address>0x78b1</run_address>
         <size>0x7b3</size>
         <input_file_ref idref="fl-5"/>
      </object_component>
      <object_component id="oc-ce">
         <name>.debug_info</name>
         <load_address>0x8064</load_address>
         <run_address>0x8064</run_address>
         <size>0x10a</size>
         <input_file_ref idref="fl-5"/>
      </object_component>
      <object_component id="oc-14d">
         <name>.debug_info</name>
         <load_address>0x816e</load_address>
         <run_address>0x816e</run_address>
         <size>0xb0</size>
         <input_file_ref idref="fl-5"/>
      </object_component>
      <object_component id="oc-151">
         <name>.debug_info</name>
         <load_address>0x821e</load_address>
         <run_address>0x821e</run_address>
         <size>0xb0</size>
         <input_file_ref idref="fl-5"/>
      </object_component>
      <object_component id="oc-149">
         <name>.debug_info</name>
         <load_address>0x82ce</load_address>
         <run_address>0x82ce</run_address>
         <size>0xba</size>
         <input_file_ref idref="fl-5"/>
      </object_component>
      <object_component id="oc-a2">
         <name>.debug_info</name>
         <load_address>0x8388</load_address>
         <run_address>0x8388</run_address>
         <size>0x3f2</size>
         <input_file_ref idref="fl-5"/>
      </object_component>
      <object_component id="oc-fd">
         <name>.debug_info</name>
         <load_address>0x877a</load_address>
         <run_address>0x877a</run_address>
         <size>0x5f1</size>
         <input_file_ref idref="fl-6"/>
      </object_component>
      <object_component id="oc-25c">
         <name>.debug_info</name>
         <load_address>0x8d6b</load_address>
         <run_address>0x8d6b</run_address>
         <size>0x2c8</size>
         <input_file_ref idref="fl-6"/>
      </object_component>
      <object_component id="oc-ff">
         <name>.debug_info</name>
         <load_address>0x9033</load_address>
         <run_address>0x9033</run_address>
         <size>0x75d</size>
         <input_file_ref idref="fl-7"/>
      </object_component>
      <object_component id="oc-f0">
         <name>.debug_info</name>
         <load_address>0x9790</load_address>
         <run_address>0x9790</run_address>
         <size>0xc9</size>
         <input_file_ref idref="fl-7"/>
      </object_component>
      <object_component id="oc-77">
         <name>.debug_info</name>
         <load_address>0x9859</load_address>
         <run_address>0x9859</run_address>
         <size>0x262</size>
         <input_file_ref idref="fl-7"/>
      </object_component>
      <object_component id="oc-101">
         <name>.debug_info</name>
         <load_address>0x9abb</load_address>
         <run_address>0x9abb</run_address>
         <size>0x5e0</size>
         <input_file_ref idref="fl-8"/>
      </object_component>
      <object_component id="oc-132">
         <name>.debug_info</name>
         <load_address>0xa09b</load_address>
         <run_address>0xa09b</run_address>
         <size>0x11e</size>
         <input_file_ref idref="fl-8"/>
      </object_component>
      <object_component id="oc-7b">
         <name>.debug_info</name>
         <load_address>0xa1b9</load_address>
         <run_address>0xa1b9</run_address>
         <size>0x2b1</size>
         <input_file_ref idref="fl-9"/>
      </object_component>
      <object_component id="oc-27">
         <name>.debug_info</name>
         <load_address>0xa46a</load_address>
         <run_address>0xa46a</run_address>
         <size>0xdd</size>
         <input_file_ref idref="fl-9"/>
      </object_component>
      <object_component id="oc-6b">
         <name>.debug_info</name>
         <load_address>0xa547</load_address>
         <run_address>0xa547</run_address>
         <size>0x1a4</size>
         <input_file_ref idref="fl-9"/>
      </object_component>
      <object_component id="oc-193">
         <name>.debug_info</name>
         <load_address>0xa6eb</load_address>
         <run_address>0xa6eb</run_address>
         <size>0xd6</size>
         <input_file_ref idref="fl-a"/>
      </object_component>
      <object_component id="oc-b3">
         <name>.debug_info</name>
         <load_address>0xa7c1</load_address>
         <run_address>0xa7c1</run_address>
         <size>0x242</size>
         <input_file_ref idref="fl-a"/>
      </object_component>
      <object_component id="oc-103">
         <name>.debug_info</name>
         <load_address>0xaa03</load_address>
         <run_address>0xaa03</run_address>
         <size>0x6d6</size>
         <input_file_ref idref="fl-b"/>
      </object_component>
      <object_component id="oc-cb">
         <name>.debug_info</name>
         <load_address>0xb0d9</load_address>
         <run_address>0xb0d9</run_address>
         <size>0xbb</size>
         <input_file_ref idref="fl-b"/>
      </object_component>
      <object_component id="oc-70">
         <name>.debug_info</name>
         <load_address>0xb194</load_address>
         <run_address>0xb194</run_address>
         <size>0x1a0</size>
         <input_file_ref idref="fl-b"/>
      </object_component>
      <object_component id="oc-92">
         <name>.debug_info</name>
         <load_address>0xb334</load_address>
         <run_address>0xb334</run_address>
         <size>0x2d4</size>
         <input_file_ref idref="fl-c6"/>
      </object_component>
      <object_component id="oc-47">
         <name>.debug_info</name>
         <load_address>0xb608</load_address>
         <run_address>0xb608</run_address>
         <size>0x1d2</size>
         <input_file_ref idref="fl-c6"/>
      </object_component>
      <object_component id="oc-8d">
         <name>.debug_info</name>
         <load_address>0xb7da</load_address>
         <run_address>0xb7da</run_address>
         <size>0x46</size>
         <input_file_ref idref="fl-c6"/>
      </object_component>
      <object_component id="oc-121">
         <name>.debug_info</name>
         <load_address>0xb820</load_address>
         <run_address>0xb820</run_address>
         <size>0x2c</size>
         <input_file_ref idref="fl-c6"/>
      </object_component>
      <object_component id="oc-42">
         <name>.debug_info</name>
         <load_address>0xb84c</load_address>
         <run_address>0xb84c</run_address>
         <size>0x2a8</size>
         <input_file_ref idref="fl-c7"/>
      </object_component>
      <object_component id="oc-1f">
         <name>.debug_info</name>
         <load_address>0xbaf4</load_address>
         <run_address>0xbaf4</run_address>
         <size>0x1ea</size>
         <input_file_ref idref="fl-c7"/>
      </object_component>
      <object_component id="oc-3d">
         <name>.debug_info</name>
         <load_address>0xbcde</load_address>
         <run_address>0xbcde</run_address>
         <size>0x46</size>
         <input_file_ref idref="fl-c7"/>
      </object_component>
      <object_component id="oc-85">
         <name>.debug_info</name>
         <load_address>0xbd24</load_address>
         <run_address>0xbd24</run_address>
         <size>0x2c</size>
         <input_file_ref idref="fl-c7"/>
      </object_component>
      <object_component id="oc-83">
         <name>.debug_info</name>
         <load_address>0xbd50</load_address>
         <run_address>0xbd50</run_address>
         <size>0x29e</size>
         <input_file_ref idref="fl-c8"/>
      </object_component>
      <object_component id="oc-18">
         <name>.debug_info</name>
         <load_address>0xbfee</load_address>
         <run_address>0xbfee</run_address>
         <size>0x250</size>
         <input_file_ref idref="fl-c8"/>
      </object_component>
      <object_component id="oc-2d">
         <name>.debug_info</name>
         <load_address>0xc23e</load_address>
         <run_address>0xc23e</run_address>
         <size>0x60</size>
         <input_file_ref idref="fl-c8"/>
      </object_component>
      <object_component id="oc-11a">
         <name>.debug_info</name>
         <load_address>0xc29e</load_address>
         <run_address>0xc29e</run_address>
         <size>0x46</size>
         <input_file_ref idref="fl-c8"/>
      </object_component>
      <object_component id="oc-7e">
         <name>.debug_info</name>
         <load_address>0xc2e4</load_address>
         <run_address>0xc2e4</run_address>
         <size>0x39</size>
         <input_file_ref idref="fl-c8"/>
      </object_component>
      <object_component id="oc-2a">
         <name>.debug_info</name>
         <load_address>0xc31d</load_address>
         <run_address>0xc31d</run_address>
         <size>0x10b</size>
         <input_file_ref idref="fl-c9"/>
      </object_component>
      <object_component id="oc-57">
         <name>.debug_info</name>
         <load_address>0xc428</load_address>
         <run_address>0xc428</run_address>
         <size>0x1a9</size>
         <input_file_ref idref="fl-c9"/>
      </object_component>
      <object_component id="oc-39">
         <name>.debug_info</name>
         <load_address>0xc5d1</load_address>
         <run_address>0xc5d1</run_address>
         <size>0x119</size>
         <input_file_ref idref="fl-ca"/>
      </object_component>
      <object_component id="oc-27b">
         <name>.debug_info</name>
         <load_address>0xc6ea</load_address>
         <run_address>0xc6ea</run_address>
         <size>0x4b3</size>
         <input_file_ref idref="fl-cc"/>
      </object_component>
      <object_component id="oc-163">
         <name>.debug_info</name>
         <load_address>0xcb9d</load_address>
         <run_address>0xcb9d</run_address>
         <size>0x1a6</size>
         <input_file_ref idref="fl-cc"/>
      </object_component>
      <object_component id="oc-304">
         <name>.debug_info</name>
         <load_address>0xcd43</load_address>
         <run_address>0xcd43</run_address>
         <size>0x39</size>
         <input_file_ref idref="fl-cc"/>
      </object_component>
      <object_component id="oc-368">
         <name>.debug_info</name>
         <load_address>0xcd7c</load_address>
         <run_address>0xcd7c</run_address>
         <size>0x39</size>
         <input_file_ref idref="fl-cc"/>
      </object_component>
      <object_component id="oc-309">
         <name>.debug_info</name>
         <load_address>0xcdb5</load_address>
         <run_address>0xcdb5</run_address>
         <size>0x39</size>
         <input_file_ref idref="fl-cc"/>
      </object_component>
      <object_component id="oc-30e">
         <name>.debug_info</name>
         <load_address>0xcdee</load_address>
         <run_address>0xcdee</run_address>
         <size>0xcd</size>
         <input_file_ref idref="fl-cc"/>
      </object_component>
      <object_component id="oc-9a">
         <name>.debug_info</name>
         <load_address>0xcebb</load_address>
         <run_address>0xcebb</run_address>
         <size>0x153</size>
         <input_file_ref idref="fl-cd"/>
      </object_component>
      <object_component id="oc-155">
         <name>.debug_info</name>
         <load_address>0xd00e</load_address>
         <run_address>0xd00e</run_address>
         <size>0x122</size>
         <input_file_ref idref="fl-cf"/>
      </object_component>
      <object_component id="oc-2ef">
         <name>.debug_info</name>
         <load_address>0xd130</load_address>
         <run_address>0xd130</run_address>
         <size>0x807</size>
         <input_file_ref idref="fl-d2"/>
      </object_component>
      <object_component id="oc-2c6">
         <name>.debug_info</name>
         <load_address>0xd937</load_address>
         <run_address>0xd937</run_address>
         <size>0x140</size>
         <input_file_ref idref="fl-d2"/>
      </object_component>
      <object_component id="oc-345">
         <name>.debug_info</name>
         <load_address>0xda77</load_address>
         <run_address>0xda77</run_address>
         <size>0x1a8</size>
         <input_file_ref idref="fl-d2"/>
      </object_component>
      <object_component id="oc-352">
         <name>.debug_info</name>
         <load_address>0xdc1f</load_address>
         <run_address>0xdc1f</run_address>
         <size>0x1d9</size>
         <input_file_ref idref="fl-d2"/>
      </object_component>
      <object_component id="oc-2de">
         <name>.debug_info</name>
         <load_address>0xddf8</load_address>
         <run_address>0xddf8</run_address>
         <size>0x2a8</size>
         <input_file_ref idref="fl-d2"/>
      </object_component>
      <object_component id="oc-2ec">
         <name>.debug_info</name>
         <load_address>0xe0a0</load_address>
         <run_address>0xe0a0</run_address>
         <size>0x1be</size>
         <input_file_ref idref="fl-d2"/>
      </object_component>
      <object_component id="oc-215">
         <name>.debug_info</name>
         <load_address>0xe25e</load_address>
         <run_address>0xe25e</run_address>
         <size>0x291</size>
         <input_file_ref idref="fl-d2"/>
      </object_component>
      <object_component id="oc-22d">
         <name>.debug_info</name>
         <load_address>0xe4ef</load_address>
         <run_address>0xe4ef</run_address>
         <size>0x29d</size>
         <input_file_ref idref="fl-d2"/>
      </object_component>
      <object_component id="oc-227">
         <name>.debug_info</name>
         <load_address>0xe78c</load_address>
         <run_address>0xe78c</run_address>
         <size>0x1f7</size>
         <input_file_ref idref="fl-d2"/>
      </object_component>
      <object_component id="oc-2d5">
         <name>.debug_info</name>
         <load_address>0xe983</load_address>
         <run_address>0xe983</run_address>
         <size>0x2f9</size>
         <input_file_ref idref="fl-d2"/>
      </object_component>
      <object_component id="oc-233">
         <name>.debug_info</name>
         <load_address>0xec7c</load_address>
         <run_address>0xec7c</run_address>
         <size>0x1e5</size>
         <input_file_ref idref="fl-d2"/>
      </object_component>
      <object_component id="oc-245">
         <name>.debug_info</name>
         <load_address>0xee61</load_address>
         <run_address>0xee61</run_address>
         <size>0x28f</size>
         <input_file_ref idref="fl-d2"/>
      </object_component>
      <object_component id="oc-23f">
         <name>.debug_info</name>
         <load_address>0xf0f0</load_address>
         <run_address>0xf0f0</run_address>
         <size>0x1d4</size>
         <input_file_ref idref="fl-d2"/>
      </object_component>
      <object_component id="oc-24b">
         <name>.debug_info</name>
         <load_address>0xf2c4</load_address>
         <run_address>0xf2c4</run_address>
         <size>0x1ed</size>
         <input_file_ref idref="fl-d2"/>
      </object_component>
      <object_component id="oc-239">
         <name>.debug_info</name>
         <load_address>0xf4b1</load_address>
         <run_address>0xf4b1</run_address>
         <size>0x1e9</size>
         <input_file_ref idref="fl-d2"/>
      </object_component>
      <object_component id="oc-251">
         <name>.debug_info</name>
         <load_address>0xf69a</load_address>
         <run_address>0xf69a</run_address>
         <size>0x1eb</size>
         <input_file_ref idref="fl-d2"/>
      </object_component>
      <object_component id="oc-257">
         <name>.debug_info</name>
         <load_address>0xf885</load_address>
         <run_address>0xf885</run_address>
         <size>0x1e9</size>
         <input_file_ref idref="fl-d2"/>
      </object_component>
      <object_component id="oc-358">
         <name>.debug_info</name>
         <load_address>0xfa6e</load_address>
         <run_address>0xfa6e</run_address>
         <size>0x1d3</size>
         <input_file_ref idref="fl-d2"/>
      </object_component>
      <object_component id="oc-29a">
         <name>.debug_info</name>
         <load_address>0xfc41</load_address>
         <run_address>0xfc41</run_address>
         <size>0x431a</size>
         <input_file_ref idref="fl-d2"/>
      </object_component>
      <object_component id="oc-360">
         <name>.debug_info</name>
         <load_address>0x13f5b</load_address>
         <run_address>0x13f5b</run_address>
         <size>0x1b5</size>
         <input_file_ref idref="fl-d2"/>
      </object_component>
      <object_component id="oc-2a9">
         <name>.debug_info</name>
         <load_address>0x14110</load_address>
         <run_address>0x14110</run_address>
         <size>0x26b</size>
         <input_file_ref idref="fl-d2"/>
      </object_component>
      <object_component id="oc-29f">
         <name>.debug_info</name>
         <load_address>0x1437b</load_address>
         <run_address>0x1437b</run_address>
         <size>0x1028</size>
         <input_file_ref idref="fl-d2"/>
      </object_component>
      <object_component id="oc-293">
         <name>.debug_info</name>
         <load_address>0x153a3</load_address>
         <run_address>0x153a3</run_address>
         <size>0x297</size>
         <input_file_ref idref="fl-d2"/>
      </object_component>
      <object_component id="oc-1a8">
         <name>.debug_info</name>
         <load_address>0x1563a</load_address>
         <run_address>0x1563a</run_address>
         <size>0xef</size>
         <input_file_ref idref="fl-d2"/>
      </object_component>
      <object_component id="oc-19d">
         <name>.debug_info</name>
         <load_address>0x15729</load_address>
         <run_address>0x15729</run_address>
         <size>0xbb</size>
         <input_file_ref idref="fl-d2"/>
      </object_component>
      <object_component id="oc-21e">
         <name>.debug_info</name>
         <load_address>0x157e4</load_address>
         <run_address>0x157e4</run_address>
         <size>0x224</size>
         <input_file_ref idref="fl-d3"/>
      </object_component>
      <object_component id="oc-319">
         <name>.debug_info</name>
         <load_address>0x15a08</load_address>
         <run_address>0x15a08</run_address>
         <size>0x701</size>
         <input_file_ref idref="fl-d4"/>
      </object_component>
      <object_component id="oc-2ba">
         <name>.debug_info</name>
         <load_address>0x16109</load_address>
         <run_address>0x16109</run_address>
         <size>0x135</size>
         <input_file_ref idref="fl-d4"/>
      </object_component>
      <object_component id="oc-1fd">
         <name>.debug_info</name>
         <load_address>0x1623e</load_address>
         <run_address>0x1623e</run_address>
         <size>0x2a5</size>
         <input_file_ref idref="fl-d4"/>
      </object_component>
      <object_component id="oc-2b0">
         <name>.debug_info</name>
         <load_address>0x164e3</load_address>
         <run_address>0x164e3</run_address>
         <size>0x68f</size>
         <input_file_ref idref="fl-d5"/>
      </object_component>
      <object_component id="oc-1a4">
         <name>.debug_info</name>
         <load_address>0x16b72</load_address>
         <run_address>0x16b72</run_address>
         <size>0x12e</size>
         <input_file_ref idref="fl-d5"/>
      </object_component>
      <object_component id="oc-bf">
         <name>.debug_info</name>
         <load_address>0x16ca0</load_address>
         <run_address>0x16ca0</run_address>
         <size>0x219</size>
         <input_file_ref idref="fl-d5"/>
      </object_component>
      <object_component id="oc-2cb">
         <name>.debug_info</name>
         <load_address>0x16eb9</load_address>
         <run_address>0x16eb9</run_address>
         <size>0x3a5</size>
         <input_file_ref idref="fl-d6"/>
      </object_component>
      <object_component id="oc-219">
         <name>.debug_info</name>
         <load_address>0x1725e</load_address>
         <run_address>0x1725e</run_address>
         <size>0x220</size>
         <input_file_ref idref="fl-d6"/>
      </object_component>
      <object_component id="oc-31e">
         <name>.debug_info</name>
         <load_address>0x1747e</load_address>
         <run_address>0x1747e</run_address>
         <size>0x1eb</size>
         <input_file_ref idref="fl-d6"/>
      </object_component>
      <object_component id="oc-325">
         <name>.debug_info</name>
         <load_address>0x17669</load_address>
         <run_address>0x17669</run_address>
         <size>0x1f9</size>
         <input_file_ref idref="fl-d6"/>
      </object_component>
      <object_component id="oc-37b">
         <name>.debug_info</name>
         <load_address>0x17862</load_address>
         <run_address>0x17862</run_address>
         <size>0x346</size>
         <input_file_ref idref="fl-d6"/>
      </object_component>
      <object_component id="oc-331">
         <name>.debug_info</name>
         <load_address>0x17ba8</load_address>
         <run_address>0x17ba8</run_address>
         <size>0x202</size>
         <input_file_ref idref="fl-d6"/>
      </object_component>
      <object_component id="oc-32a">
         <name>.debug_info</name>
         <load_address>0x17daa</load_address>
         <run_address>0x17daa</run_address>
         <size>0x1ac</size>
         <input_file_ref idref="fl-d6"/>
      </object_component>
      <object_component id="oc-35c">
         <name>.debug_info</name>
         <load_address>0x17f56</load_address>
         <run_address>0x17f56</run_address>
         <size>0x5c9</size>
         <input_file_ref idref="fl-d9"/>
      </object_component>
      <object_component id="oc-2e3">
         <name>.debug_info</name>
         <load_address>0x1851f</load_address>
         <run_address>0x1851f</run_address>
         <size>0x298</size>
         <input_file_ref idref="fl-d9"/>
      </object_component>
      <object_component id="oc-33d">
         <name>.debug_info</name>
         <load_address>0x187b7</load_address>
         <run_address>0x187b7</run_address>
         <size>0x1eb</size>
         <input_file_ref idref="fl-d9"/>
      </object_component>
      <object_component id="oc-349">
         <name>.debug_info</name>
         <load_address>0x189a2</load_address>
         <run_address>0x189a2</run_address>
         <size>0x1e9</size>
         <input_file_ref idref="fl-d9"/>
      </object_component>
      <object_component id="oc-336">
         <name>.debug_info</name>
         <load_address>0x18b8b</load_address>
         <run_address>0x18b8b</run_address>
         <size>0x1cc</size>
         <input_file_ref idref="fl-d9"/>
      </object_component>
      <object_component id="oc-1a2">
         <name>.debug_info</name>
         <load_address>0x18d57</load_address>
         <run_address>0x18d57</run_address>
         <size>0x725</size>
         <input_file_ref idref="fl-da"/>
      </object_component>
      <object_component id="oc-199">
         <name>.debug_info</name>
         <load_address>0x1947c</load_address>
         <run_address>0x1947c</run_address>
         <size>0x25e</size>
         <input_file_ref idref="fl-da"/>
      </object_component>
      <object_component id="oc-c7">
         <name>.debug_info</name>
         <load_address>0x196da</load_address>
         <run_address>0x196da</run_address>
         <size>0x215</size>
         <input_file_ref idref="fl-da"/>
      </object_component>
      <object_component id="oc-bb">
         <name>.debug_info</name>
         <load_address>0x198ef</load_address>
         <run_address>0x198ef</run_address>
         <size>0x23d</size>
         <input_file_ref idref="fl-da"/>
      </object_component>
      <object_component id="oc-2a4">
         <name>.debug_info</name>
         <load_address>0x19b2c</load_address>
         <run_address>0x19b2c</run_address>
         <size>0x341</size>
         <input_file_ref idref="fl-da"/>
      </object_component>
      <object_component id="oc-1b2">
         <name>.debug_info</name>
         <load_address>0x19e6d</load_address>
         <run_address>0x19e6d</run_address>
         <size>0x6eb</size>
         <input_file_ref idref="fl-db"/>
      </object_component>
      <object_component id="oc-d2">
         <name>.debug_info</name>
         <load_address>0x1a558</load_address>
         <run_address>0x1a558</run_address>
         <size>0x234</size>
         <input_file_ref idref="fl-db"/>
      </object_component>
      <object_component id="oc-ea">
         <name>.debug_info</name>
         <load_address>0x1a78c</load_address>
         <run_address>0x1a78c</run_address>
         <size>0x236</size>
         <input_file_ref idref="fl-db"/>
      </object_component>
      <object_component id="oc-e4">
         <name>.debug_info</name>
         <load_address>0x1a9c2</load_address>
         <run_address>0x1a9c2</run_address>
         <size>0x1f5</size>
         <input_file_ref idref="fl-db"/>
      </object_component>
      <object_component id="oc-1b4">
         <name>.debug_info</name>
         <load_address>0x1abb7</load_address>
         <run_address>0x1abb7</run_address>
         <size>0x229</size>
         <input_file_ref idref="fl-db"/>
      </object_component>
      <object_component id="oc-d8">
         <name>.debug_info</name>
         <load_address>0x1ade0</load_address>
         <run_address>0x1ade0</run_address>
         <size>0x26c</size>
         <input_file_ref idref="fl-db"/>
      </object_component>
      <object_component id="oc-de">
         <name>.debug_info</name>
         <load_address>0x1b04c</load_address>
         <run_address>0x1b04c</run_address>
         <size>0x225</size>
         <input_file_ref idref="fl-db"/>
      </object_component>
      <object_component id="oc-2b3">
         <name>.debug_info</name>
         <load_address>0x1b271</load_address>
         <run_address>0x1b271</run_address>
         <size>0x102</size>
         <input_file_ref idref="fl-db"/>
      </object_component>
      <object_component id="oc-137">
         <name>.debug_info</name>
         <load_address>0x1b373</load_address>
         <run_address>0x1b373</run_address>
         <size>0x1c9</size>
         <input_file_ref idref="fl-dc"/>
      </object_component>
      <object_component id="oc-3be">
         <name>.debug_info</name>
         <load_address>0x1b53c</load_address>
         <run_address>0x1b53c</run_address>
         <size>0x89</size>
      </object_component>
      <object_component id="oc-1c0">
         <name>.debug_line</name>
         <load_address>0x0</load_address>
         <run_address>0x0</run_address>
         <size>0xd2</size>
         <input_file_ref idref="fl-2"/>
      </object_component>
      <object_component id="oc-2be">
         <name>.debug_line</name>
         <load_address>0xd2</load_address>
         <run_address>0xd2</run_address>
         <size>0x2c</size>
         <input_file_ref idref="fl-2"/>
      </object_component>
      <object_component id="oc-2c0">
         <name>.debug_line</name>
         <load_address>0xfe</load_address>
         <run_address>0xfe</run_address>
         <size>0x2c</size>
         <input_file_ref idref="fl-2"/>
      </object_component>
      <object_component id="oc-2c2">
         <name>.debug_line</name>
         <load_address>0x12a</load_address>
         <run_address>0x12a</run_address>
         <size>0x2c</size>
         <input_file_ref idref="fl-2"/>
      </object_component>
      <object_component id="oc-2c4">
         <name>.debug_line</name>
         <load_address>0x156</load_address>
         <run_address>0x156</run_address>
         <size>0x2c</size>
         <input_file_ref idref="fl-2"/>
      </object_component>
      <object_component id="oc-12b">
         <name>.debug_line</name>
         <load_address>0x182</load_address>
         <run_address>0x182</run_address>
         <size>0xfb</size>
         <input_file_ref idref="fl-2"/>
      </object_component>
      <object_component id="oc-118">
         <name>.debug_line</name>
         <load_address>0x27d</load_address>
         <run_address>0x27d</run_address>
         <size>0x6f</size>
         <input_file_ref idref="fl-2"/>
      </object_component>
      <object_component id="oc-1c9">
         <name>.debug_line</name>
         <load_address>0x2ec</load_address>
         <run_address>0x2ec</run_address>
         <size>0x5b</size>
         <input_file_ref idref="fl-2"/>
      </object_component>
      <object_component id="oc-1c4">
         <name>.debug_line</name>
         <load_address>0x347</load_address>
         <run_address>0x347</run_address>
         <size>0x58</size>
         <input_file_ref idref="fl-2"/>
      </object_component>
      <object_component id="oc-1d3">
         <name>.debug_line</name>
         <load_address>0x39f</load_address>
         <run_address>0x39f</run_address>
         <size>0x40</size>
         <input_file_ref idref="fl-2"/>
      </object_component>
      <object_component id="oc-1f5">
         <name>.debug_line</name>
         <load_address>0x3df</load_address>
         <run_address>0x3df</run_address>
         <size>0x7d</size>
         <input_file_ref idref="fl-2"/>
      </object_component>
      <object_component id="oc-35">
         <name>.debug_line</name>
         <load_address>0x45c</load_address>
         <run_address>0x45c</run_address>
         <size>0x20</size>
         <input_file_ref idref="fl-2"/>
      </object_component>
      <object_component id="oc-1fa">
         <name>.debug_line</name>
         <load_address>0x47c</load_address>
         <run_address>0x47c</run_address>
         <size>0x73</size>
         <input_file_ref idref="fl-2"/>
      </object_component>
      <object_component id="oc-1dd">
         <name>.debug_line</name>
         <load_address>0x4ef</load_address>
         <run_address>0x4ef</run_address>
         <size>0x6f</size>
         <input_file_ref idref="fl-2"/>
      </object_component>
      <object_component id="oc-111">
         <name>.debug_line</name>
         <load_address>0x55e</load_address>
         <run_address>0x55e</run_address>
         <size>0x70</size>
         <input_file_ref idref="fl-2"/>
      </object_component>
      <object_component id="oc-1ec">
         <name>.debug_line</name>
         <load_address>0x5ce</load_address>
         <run_address>0x5ce</run_address>
         <size>0x7a</size>
         <input_file_ref idref="fl-2"/>
      </object_component>
      <object_component id="oc-1ce">
         <name>.debug_line</name>
         <load_address>0x648</load_address>
         <run_address>0x648</run_address>
         <size>0x3c</size>
         <input_file_ref idref="fl-2"/>
      </object_component>
      <object_component id="oc-1d8">
         <name>.debug_line</name>
         <load_address>0x684</load_address>
         <run_address>0x684</run_address>
         <size>0x3c</size>
         <input_file_ref idref="fl-2"/>
      </object_component>
      <object_component id="oc-1e0">
         <name>.debug_line</name>
         <load_address>0x6c0</load_address>
         <run_address>0x6c0</run_address>
         <size>0x1de</size>
         <input_file_ref idref="fl-3"/>
      </object_component>
      <object_component id="oc-141">
         <name>.debug_line</name>
         <load_address>0x89e</load_address>
         <run_address>0x89e</run_address>
         <size>0x4f</size>
         <input_file_ref idref="fl-3"/>
      </object_component>
      <object_component id="oc-10c">
         <name>.debug_line</name>
         <load_address>0x8ed</load_address>
         <run_address>0x8ed</run_address>
         <size>0x20</size>
         <input_file_ref idref="fl-3"/>
      </object_component>
      <object_component id="oc-1e2">
         <name>.debug_line</name>
         <load_address>0x90d</load_address>
         <run_address>0x90d</run_address>
         <size>0xa2</size>
         <input_file_ref idref="fl-4"/>
      </object_component>
      <object_component id="oc-146">
         <name>.debug_line</name>
         <load_address>0x9af</load_address>
         <run_address>0x9af</run_address>
         <size>0x6e</size>
         <input_file_ref idref="fl-4"/>
      </object_component>
      <object_component id="oc-1e4">
         <name>.debug_line</name>
         <load_address>0xa1d</load_address>
         <run_address>0xa1d</run_address>
         <size>0x137</size>
         <input_file_ref idref="fl-5"/>
      </object_component>
      <object_component id="oc-1b0">
         <name>.debug_line</name>
         <load_address>0xb54</load_address>
         <run_address>0xb54</run_address>
         <size>0x2d</size>
         <input_file_ref idref="fl-5"/>
      </object_component>
      <object_component id="oc-26d">
         <name>.debug_line</name>
         <load_address>0xb81</load_address>
         <run_address>0xb81</run_address>
         <size>0x2d</size>
         <input_file_ref idref="fl-5"/>
      </object_component>
      <object_component id="oc-26f">
         <name>.debug_line</name>
         <load_address>0xbae</load_address>
         <run_address>0xbae</run_address>
         <size>0x2d</size>
         <input_file_ref idref="fl-5"/>
      </object_component>
      <object_component id="oc-26b">
         <name>.debug_line</name>
         <load_address>0xbdb</load_address>
         <run_address>0xbdb</run_address>
         <size>0x2d</size>
         <input_file_ref idref="fl-5"/>
      </object_component>
      <object_component id="oc-a0">
         <name>.debug_line</name>
         <load_address>0xc08</load_address>
         <run_address>0xc08</run_address>
         <size>0x1a8</size>
         <input_file_ref idref="fl-5"/>
      </object_component>
      <object_component id="oc-1e6">
         <name>.debug_line</name>
         <load_address>0xdb0</load_address>
         <run_address>0xdb0</run_address>
         <size>0x78</size>
         <input_file_ref idref="fl-6"/>
      </object_component>
      <object_component id="oc-25f">
         <name>.debug_line</name>
         <load_address>0xe28</load_address>
         <run_address>0xe28</run_address>
         <size>0xaf</size>
         <input_file_ref idref="fl-6"/>
      </object_component>
      <object_component id="oc-1e8">
         <name>.debug_line</name>
         <load_address>0xed7</load_address>
         <run_address>0xed7</run_address>
         <size>0xd2</size>
         <input_file_ref idref="fl-7"/>
      </object_component>
      <object_component id="oc-1be">
         <name>.debug_line</name>
         <load_address>0xfa9</load_address>
         <run_address>0xfa9</run_address>
         <size>0x30</size>
         <input_file_ref idref="fl-7"/>
      </object_component>
      <object_component id="oc-76">
         <name>.debug_line</name>
         <load_address>0xfd9</load_address>
         <run_address>0xfd9</run_address>
         <size>0xa7</size>
         <input_file_ref idref="fl-7"/>
      </object_component>
      <object_component id="oc-1ef">
         <name>.debug_line</name>
         <load_address>0x1080</load_address>
         <run_address>0x1080</run_address>
         <size>0x78</size>
         <input_file_ref idref="fl-8"/>
      </object_component>
      <object_component id="oc-131">
         <name>.debug_line</name>
         <load_address>0x10f8</load_address>
         <run_address>0x10f8</run_address>
         <size>0x8f</size>
         <input_file_ref idref="fl-8"/>
      </object_component>
      <object_component id="oc-114">
         <name>.debug_line</name>
         <load_address>0x1187</load_address>
         <run_address>0x1187</run_address>
         <size>0x40</size>
         <input_file_ref idref="fl-9"/>
      </object_component>
      <object_component id="oc-7a">
         <name>.debug_line</name>
         <load_address>0x11c7</load_address>
         <run_address>0x11c7</run_address>
         <size>0x40</size>
         <input_file_ref idref="fl-9"/>
      </object_component>
      <object_component id="oc-69">
         <name>.debug_line</name>
         <load_address>0x1207</load_address>
         <run_address>0x1207</run_address>
         <size>0x6d</size>
         <input_file_ref idref="fl-9"/>
      </object_component>
      <object_component id="oc-291">
         <name>.debug_line</name>
         <load_address>0x1274</load_address>
         <run_address>0x1274</run_address>
         <size>0x3b</size>
         <input_file_ref idref="fl-a"/>
      </object_component>
      <object_component id="oc-b5">
         <name>.debug_line</name>
         <load_address>0x12af</load_address>
         <run_address>0x12af</run_address>
         <size>0x144</size>
         <input_file_ref idref="fl-a"/>
      </object_component>
      <object_component id="oc-1f1">
         <name>.debug_line</name>
         <load_address>0x13f3</load_address>
         <run_address>0x13f3</run_address>
         <size>0x152</size>
         <input_file_ref idref="fl-b"/>
      </object_component>
      <object_component id="oc-1ae">
         <name>.debug_line</name>
         <load_address>0x1545</load_address>
         <run_address>0x1545</run_address>
         <size>0x2e</size>
         <input_file_ref idref="fl-b"/>
      </object_component>
      <object_component id="oc-6f">
         <name>.debug_line</name>
         <load_address>0x1573</load_address>
         <run_address>0x1573</run_address>
         <size>0x5c</size>
         <input_file_ref idref="fl-b"/>
      </object_component>
      <object_component id="oc-127">
         <name>.debug_line</name>
         <load_address>0x15cf</load_address>
         <run_address>0x15cf</run_address>
         <size>0x92</size>
         <input_file_ref idref="fl-c6"/>
      </object_component>
      <object_component id="oc-46">
         <name>.debug_line</name>
         <load_address>0x1661</load_address>
         <run_address>0x1661</run_address>
         <size>0x56</size>
         <input_file_ref idref="fl-c6"/>
      </object_component>
      <object_component id="oc-90">
         <name>.debug_line</name>
         <load_address>0x16b7</load_address>
         <run_address>0x16b7</run_address>
         <size>0x34</size>
         <input_file_ref idref="fl-c6"/>
      </object_component>
      <object_component id="oc-124">
         <name>.debug_line</name>
         <load_address>0x16eb</load_address>
         <run_address>0x16eb</run_address>
         <size>0x92</size>
         <input_file_ref idref="fl-c6"/>
      </object_component>
      <object_component id="oc-8b">
         <name>.debug_line</name>
         <load_address>0x177d</load_address>
         <run_address>0x177d</run_address>
         <size>0x20</size>
         <input_file_ref idref="fl-c7"/>
      </object_component>
      <object_component id="oc-22">
         <name>.debug_line</name>
         <load_address>0x179d</load_address>
         <run_address>0x179d</run_address>
         <size>0x55</size>
         <input_file_ref idref="fl-c7"/>
[...]
         <object_component_ref idref="oc-13c"/>
      </symbol>
      <symbol id="sm-e7">
         <name>angle_x</name>
         <value>0x20000190</value>
      </symbol>
      <symbol id="sm-e8">
         <name>angle_y</name>
         <value>0x200001b8</value>
      </symbol>
      <symbol id="sm-e9">
         <name>a_x</name>
         <value>0x20000000</value>
      </symbol>
      <symbol id="sm-ea">
         <name>peak_</name>
         <value>0x20000280</value>
      </symbol>
      <symbol id="sm-eb">
         <name>peak</name>
         <value>0x1299</value>
         <object_component_ref idref="oc-142"/>
      </symbol>
      <symbol id="sm-ec">
         <name>data</name>
         <value>0x12cb</value>
         <object_component_ref idref="oc-142"/>
      </symbol>
      <symbol id="sm-137">
         <name>agl_x</name>
         <value>0x20000278</value>
      </symbol>
      <symbol id="sm-138">
         <name>agl_y</name>
         <value>0x2000027c</value>
      </symbol>
      <symbol id="sm-139">
         <name>y_begin</name>
         <value>0xe5</value>
         <object_component_ref idref="oc-9f"/>
      </symbol>
      <symbol id="sm-13a">
         <name>main</name>
         <value>0x299</value>
         <object_component_ref idref="oc-9f"/>
      </symbol>
      <symbol id="sm-13b">
         <name>function_flag</name>
         <value>0x2000031c</value>
         <object_component_ref idref="oc-cd"/>
      </symbol>
      <symbol id="sm-13c">
         <name>y_p</name>
         <value>0x20000304</value>
         <object_component_ref idref="oc-150"/>
      </symbol>
      <symbol id="sm-13d">
         <name>data_flag</name>
         <value>0x20000318</value>
         <object_component_ref idref="oc-cd"/>
      </symbol>
      <symbol id="sm-13e">
         <name>test</name>
         <value>0x10f</value>
         <object_component_ref idref="oc-9f"/>
      </symbol>
      <symbol id="sm-13f">
         <name>function_2</name>
         <value>0x1ef</value>
         <object_component_ref idref="oc-9f"/>
      </symbol>
      <symbol id="sm-140">
         <name>function_1</name>
         <value>0x285</value>
         <object_component_ref idref="oc-9f"/>
      </symbol>
      <symbol id="sm-141">
         <name>function_4</name>
         <value>0x139</value>
         <object_component_ref idref="oc-9f"/>
      </symbol>
      <symbol id="sm-142">
         <name>x_p</name>
         <value>0x200002f4</value>
         <object_component_ref idref="oc-14c"/>
      </symbol>
      <symbol id="sm-143">
         <name>pwm_duty</name>
         <value>0x200002e4</value>
         <object_component_ref idref="oc-148"/>
      </symbol>
      <symbol id="sm-144">
         <name>ctrl_flag</name>
         <value>0x20000314</value>
         <object_component_ref idref="oc-cd"/>
      </symbol>
      <symbol id="sm-145">
         <name>x_begin</name>
         <value>0xf9</value>
         <object_component_ref idref="oc-9f"/>
      </symbol>
      <symbol id="sm-15c">
         <name>avg_filter</name>
         <value>0x1815</value>
         <object_component_ref idref="oc-25b"/>
      </symbol>
      <symbol id="sm-15d">
         <name>max_ary</name>
         <value>0x17f9</value>
         <object_component_ref idref="oc-25b"/>
      </symbol>
      <symbol id="sm-15e">
         <name>abs</name>
         <value>0x1833</value>
         <object_component_ref idref="oc-25b"/>
      </symbol>
      <symbol id="sm-15f">
         <name>min_ary</name>
         <value>0x17dd</value>
         <object_component_ref idref="oc-25b"/>
      </symbol>
      <symbol id="sm-18c">
         <name>mpu6050_Config</name>
         <value>0x1ca0</value>
         <object_component_ref idref="oc-ef"/>
      </symbol>
      <symbol id="sm-18d">
         <name>mpu6050_init</name>
         <value>0xb51</value>
         <object_component_ref idref="oc-73"/>
      </symbol>
      <symbol id="sm-18e">
         <name>EUSCIA2_IRQHandler</name>
         <value>0xb99</value>
         <object_component_ref idref="oc-73"/>
      </symbol>
      <symbol id="sm-1a1">
         <name>pid_x</name>
         <value>0x1189</value>
         <object_component_ref idref="oc-130"/>
      </symbol>
      <symbol id="sm-1a2">
         <name>pid_y</name>
         <value>0x1129</value>
         <object_component_ref idref="oc-130"/>
      </symbol>
      <symbol id="sm-1b7">
         <name>Reset_Handler</name>
         <value>0x1c5b</value>
         <object_component_ref idref="oc-67"/>
      </symbol>
      <symbol id="sm-1b8">
         <name>Default_Handler</name>
         <value>0x1c67</value>
         <object_component_ref idref="oc-67"/>
      </symbol>
      <symbol id="sm-1b9">
         <name>interruptVectors</name>
         <value>0x0</value>
         <object_component_ref idref="oc-26"/>
      </symbol>
      <symbol id="sm-1e7">
         <name>SystemInit</name>
         <value>0x335</value>
         <object_component_ref idref="oc-b1"/>
      </symbol>
      <symbol id="sm-1e8">
         <name>SystemCoreClockUpdate</name>
         <value>0x38b</value>
         <object_component_ref idref="oc-b1"/>
      </symbol>
      <symbol id="sm-1e9">
         <name>SystemCoreClock</name>
         <value>0x20000324</value>
         <object_component_ref idref="oc-192"/>
      </symbol>
      <symbol id="sm-203">
         <name>upConfig</name>
         <value>0x1cc8</value>
         <object_component_ref idref="oc-ca"/>
      </symbol>
      <symbol id="sm-204">
         <name>timer_init</name>
         <value>0x1921</value>
         <object_component_ref idref="oc-6d"/>
      </symbol>
      <symbol id="sm-205">
         <name>TA1_0_IRQHandler</name>
         <value>0x193d</value>
         <object_component_ref idref="oc-6d"/>
      </symbol>
      <symbol id="sm-21e">
         <name>__TI_zero_init_nomemset</name>
         <value>0x1b65</value>
         <object_component_ref idref="oc-43"/>
      </symbol>
      <symbol id="sm-235">
         <name>__TI_decompress_none</name>
         <value>0x1c4d</value>
         <object_component_ref idref="oc-1d"/>
      </symbol>
      <symbol id="sm-258">
         <name>__TI_decompress_lzss</name>
         <value>0x1651</value>
         <object_component_ref idref="oc-17"/>
      </symbol>
      <symbol id="sm-26b">
         <name>__stack</name>
         <value>0x2000fe00</value>
         <object_component_ref idref="oc-29"/>
      </symbol>
      <symbol id="sm-26c">
         <name>_c_int00_noargs</name>
         <value>0x19cd</value>
         <object_component_ref idref="oc-55"/>
      </symbol>
      <symbol id="sm-287">
         <name>memcpy</name>
         <value>0x1335</value>
         <object_component_ref idref="oc-37"/>
      </symbol>
      <symbol id="sm-288">
         <name>__aeabi_memcpy</name>
         <value>0x1335</value>
         <object_component_ref idref="oc-37"/>
      </symbol>
      <symbol id="sm-289">
         <name>__aeabi_memcpy8</name>
         <value>0x1335</value>
         <object_component_ref idref="oc-37"/>
      </symbol>
      <symbol id="sm-28a">
         <name>__aeabi_memcpy4</name>
         <value>0x1335</value>
         <object_component_ref idref="oc-37"/>
      </symbol>
      <symbol id="sm-2b3">
         <name>__TI_auto_init_nobinit_nopinit</name>
         <value>0x18dd</value>
         <object_component_ref idref="oc-160"/>
      </symbol>
      <symbol id="sm-2bd">
         <name>_system_pre_init</name>
         <value>0x1c69</value>
         <object_component_ref idref="oc-99"/>
      </symbol>
      <symbol id="sm-2c9">
         <name>C$$EXIT</name>
         <value>0x1c6d</value>
         <object_component_ref idref="oc-154"/>
      </symbol>
      <symbol id="sm-2ca">
         <name>abort</name>
         <value>0x1c6d</value>
         <object_component_ref idref="oc-154"/>
      </symbol>
      <symbol id="sm-414">
         <name>CS_getACLK</name>
         <value>0x1a61</value>
         <object_component_ref idref="oc-235"/>
      </symbol>
      <symbol id="sm-415">
         <name>CS_getMCLK</name>
         <value>0x1ab1</value>
         <object_component_ref idref="oc-253"/>
      </symbol>
      <symbol id="sm-416">
         <name>CS_clearInterruptFlag</name>
         <value>0x1a01</value>
         <object_component_ref idref="oc-354"/>
      </symbol>
      <symbol id="sm-417">
         <name>CS_startHFXT</name>
         <value>0x1c09</value>
         <object_component_ref idref="oc-223"/>
      </symbol>
      <symbol id="sm-418">
         <name>CS_getDCOFrequency</name>
         <value>0xe71</value>
         <object_component_ref idref="oc-241"/>
      </symbol>
      <symbol id="sm-419">
         <name>CS_setExternalClockSourceFrequency</name>
         <value>0x1b45</value>
         <object_component_ref idref="oc-211"/>
      </symbol>
      <symbol id="sm-41a">
         <name>CS_getBCLK</name>
         <value>0x1b25</value>
         <object_component_ref idref="oc-23b"/>
      </symbol>
      <symbol id="sm-41b">
         <name>CS_getSMCLK</name>
         <value>0x1ad9</value>
         <object_component_ref idref="oc-24d"/>
      </symbol>
      <symbol id="sm-41c">
         <name>CS_setDCOCenteredFrequency</name>
         <value>0x1965</value>
         <object_component_ref idref="oc-22f"/>
      </symbol>
      <symbol id="sm-41d">
         <name>CS_startHFXTWithTimeout</name>
         <value>0xf69</value>
         <object_component_ref idref="oc-2d1"/>
      </symbol>
      <symbol id="sm-41e">
         <name>CS_getHSMCLK</name>
         <value>0x1a89</value>
         <object_component_ref idref="oc-247"/>
      </symbol>
      <symbol id="sm-41f">
         <name>CS_initClockSignal</name>
         <value>0x905</value>
         <object_component_ref idref="oc-229"/>
      </symbol>
      <symbol id="sm-42e">
         <name>FlashCtl_setWaitState</name>
         <value>0x1895</value>
         <object_component_ref idref="oc-21d"/>
      </symbol>
      <symbol id="sm-449">
         <name>GPIO_setAsPeripheralModuleFunctionOutputPin</name>
         <value>0x1465</value>
         <object_component_ref idref="oc-1fc"/>
      </symbol>
      <symbol id="sm-466">
         <name>Interrupt_enableInterrupt</name>
         <value>0x14ed</value>
         <object_component_ref idref="oc-be"/>
      </symbol>
      <symbol id="sm-4e4">
         <name>PCM_setCoreVoltageLevel</name>
         <value>0x1c1b</value>
         <object_component_ref idref="oc-217"/>
      </symbol>
      <symbol id="sm-4e5">
         <name>PCM_getCoreVoltageLevel</name>
         <value>0x177f</value>
         <object_component_ref idref="oc-322"/>
      </symbol>
      <symbol id="sm-4e6">
         <name>PCM_getPowerMode</name>
         <value>0x183b</value>
         <object_component_ref idref="oc-31c"/>
      </symbol>
      <symbol id="sm-4e7">
         <name>PCM_getPowerState</name>
         <value>0x1bf5</value>
         <object_component_ref idref="oc-328"/>
      </symbol>
      <symbol id="sm-4e8">
         <name>PCM_setPowerMode</name>
         <value>0x1c2b</value>
         <object_component_ref idref="oc-32e"/>
      </symbol>
      <symbol id="sm-51e">
         <name>SysCtl_A_enableNMISource</name>
         <value>0x1b99</value>
         <object_component_ref idref="oc-347"/>
      </symbol>
      <symbol id="sm-51f">
         <name>SysCtl_A_getTLVInfo</name>
         <value>0x13d1</value>
         <object_component_ref idref="oc-2e2"/>
      </symbol>
      <symbol id="sm-520">
         <name>SysCtl_A_getNMISourceStatus</name>
         <value>0x1c3d</value>
         <object_component_ref idref="oc-335"/>
      </symbol>
      <symbol id="sm-521">
         <name>SysCtl_A_disableNMISource</name>
         <value>0x1b81</value>
         <object_component_ref idref="oc-33b"/>
      </symbol>
      <symbol id="sm-557">
         <name>Timer_A_startCounter</name>
         <value>0x1bc9</value>
         <object_component_ref idref="oc-c4"/>
      </symbol>
      <symbol id="sm-558">
         <name>Timer_A_configureUpMode</name>
         <value>0x15e9</value>
         <object_component_ref idref="oc-b8"/>
      </symbol>
      <symbol id="sm-5b2">
         <name>UART_receiveData</name>
         <value>0x1a31</value>
         <object_component_ref idref="oc-e3"/>
      </symbol>
      <symbol id="sm-5b3">
         <name>UART_getEnabledInterruptStatus</name>
         <value>0x16b9</value>
         <object_component_ref idref="oc-d7"/>
      </symbol>
      <symbol id="sm-5b4">
         <name>UART_transmitData</name>
         <value>0x1999</value>
         <object_component_ref idref="oc-e9"/>
      </symbol>
      <symbol id="sm-5b5">
         <name>UART_getInterruptStatus</name>
         <value>0x1bb1</value>
         <object_component_ref idref="oc-1b3"/>
      </symbol>
      <symbol id="sm-5b6">
         <name>UART_initModule</name>
         <value>0xa35</value>
         <object_component_ref idref="oc-d1"/>
      </symbol>
      <symbol id="sm-5b7">
         <name>UART_clearInterruptFlag</name>
         <value>0x1bdf</value>
         <object_component_ref idref="oc-dd"/>
      </symbol>
      <symbol id="sm-5c3">
         <name>WDT_A_holdTimer</name>
         <value>0x1b01</value>
         <object_component_ref idref="oc-136"/>
      </symbol>
      <symbol id="sm-5c5">
         <name>__TI_static_base__</name>
         <value>0x0</value>
      </symbol>
      <symbol id="sm-5c8">
         <name>__mpu_init</name>
         <value>0x0</value>
      </symbol>
      <symbol id="sm-5c9">
         <name>_system_post_cinit</name>
         <value>0x0</value>
      </symbol>
      <symbol id="sm-5ca">
         <name>NMI_Handler</name>
         <value>0x1c67</value>
      </symbol>
      <symbol id="sm-5cb">
         <name>HardFault_Handler</name>
         <value>0x1c67</value>
      </symbol>
      <symbol id="sm-5cc">
         <name>MemManage_Handler</name>
         <value>0x1c67</value>
      </symbol>
      <symbol id="sm-5cd">
         <name>BusFault_Handler</name>
         <value>0x1c67</value>
      </symbol>
      <symbol id="sm-5ce">
         <name>UsageFault_Handler</name>
         <value>0x1c67</value>
      </symbol>
      <symbol id="sm-5cf">
         <name>SVC_Handler</name>
         <value>0x1c67</value>
      </symbol>
      <symbol id="sm-5d0">
         <name>DebugMon_Handler</name>
         <value>0x1c67</value>
      </symbol>
      <symbol id="sm-5d1">
         <name>PendSV_Handler</name>
         <value>0x1c67</value>
      </symbol>
      <symbol id="sm-5d2">
         <name>SysTick_Handler</name>
         <value>0x1c67</value>
      </symbol>
      <symbol id="sm-5d3">
         <name>PSS_IRQHandler</name>
         <value>0x1c67</value>
      </symbol>
      <symbol id="sm-5d4">
         <name>CS_IRQHandler</name>
         <value>0x1c67</value>
      </symbol>
      <symbol id="sm-5d5">
         <name>PCM_IRQHandler</name>
         <value>0x1c67</value>
      </symbol>
      <symbol id="sm-5d6">
         <name>WDT_A_IRQHandler</name>
         <value>0x1c67</value>
      </symbol>
      <symbol id="sm-5d7">
         <name>FPU_IRQHandler</name>
         <value>0x1c67</value>
      </symbol>
      <symbol id="sm-5d8">
         <name>FLCTL_IRQHandler</name>
         <value>0x1c67</value>
      </symbol>
      <symbol id="sm-5d9">
         <name>COMP_E0_IRQHandler</name>
         <value>0x1c67</value>
      </symbol>
      <symbol id="sm-5da">
         <name>COMP_E1_IRQHandler</name>
         <value>0x1c67</value>
      </symbol>
      <symbol id="sm-5db">
         <name>TA0_0_IRQHandler</name>
         <value>0x1c67</value>
      </symbol>
      <symbol id="sm-5dc">
         <name>TA0_N_IRQHandler</name>
         <value>0x1c67</value>
      </symbol>
      <symbol id="sm-5dd">
         <name>TA1_0_IRQHandler</name>
         <value>0x193d</value>
      </symbol>
      <symbol id="sm-5de">
         <name>TA1_N_IRQHandler</name>
         <value>0x1c67</value>
      </symbol>
      <symbol id="sm-5df">
         <name>TA2_0_IRQHandler</name>
         <value>0x1c67</value>
      </symbol>
      <symbol id="sm-5e0">
         <name>TA2_N_IRQHandler</name>
         <value>0x1c67</value>
      </symbol>
      <symbol id="sm-5e1">
         <name>TA3_0_IRQHandler</name>
         <value>0x1c67</value>
      </symbol>
      <symbol id="sm-5e2">
         <name>TA3_N_IRQHandler</name>
         <value>0x1c67</value>
      </symbol>
      <symbol id="sm-5e3">
         <name>EUSCIA0_IRQHandler</name>
         <value>0x1c67</value>
      </symbol>
      <symbol id="sm-5e4">
         <name>EUSCIA1_IRQHandler</name>
         <value>0x1c67</value>
      </symbol>
      <symbol id="sm-5e5">
         <name>EUSCIA2_IRQHandler</name>
         <value>0xb99</value>
      </symbol>
      <symbol id="sm-5e6">
         <name>EUSCIA3_IRQHandler</name>
         <value>0x1c67</value>
      </symbol>
      <symbol id="sm-5e7">
         <name>EUSCIB0_IRQHandler</name>
         <value>0x1c67</value>
      </symbol>
      <symbol id="sm-5e8">
         <name>EUSCIB1_IRQHandler</name>
         <value>0x1c67</value>
      </symbol>
      <symbol id="sm-5e9">
         <name>EUSCIB2_IRQHandler</name>
         <value>0x1c67</value>
      </symbol>
      <symbol id="sm-5ea">
         <name>EUSCIB3_IRQHandler</name>
         <value>0x1c67</value>
      </symbol>
      <symbol id="sm-5eb">
         <name>ADC14_IRQHandler</name>
         <value>0x1c67</value>
      </symbol>
      <symbol id="sm-5ec">
         <name>T32_INT1_IRQHandler</name>
         <value>0x1c67</value>
      </symbol>
      <symbol id="sm-5ed">
         <name>T32_INT2_IRQHandler</name>
         <value>0x1c67</value>
      </symbol>
      <symbol id="sm-5ee">
         <name>T32_INTC_IRQHandler</name>
         <value>0x1c67</value>
      </symbol>
      <symbol id="sm-5ef">
         <name>AES256_IRQHandler</name>
         <value>0x1c67</value>
      </symbol>
      <symbol id="sm-5f0">
         <name>RTC_C_IRQHandler</name>
         <value>0x1c67</value>
      </symbol>
      <symbol id="sm-5f1">
         <name>DMA_ERR_IRQHandler</name>
         <value>0x1c67</value>
      </symbol>
      <symbol id="sm-5f2">
         <name>DMA_INT3_IRQHandler</name>
         <value>0x1c67</value>
      </symbol>
      <symbol id="sm-5f3">
         <name>DMA_INT2_IRQHandler</name>
         <value>0x1c67</value>
      </symbol>
      <symbol id="sm-5f4">
         <name>DMA_INT1_IRQHandler</name>
         <value>0x1c67</value>
      </symbol>
      <symbol id="sm-5f5">
         <name>DMA_INT0_IRQHandler</name>
         <value>0x1c67</value>
      </symbol>
      <symbol id="sm-5f6">
         <name>PORT1_IRQHandler</name>
         <value>0x1c67</value>
      </symbol>
      <symbol id="sm-5f7">
         <name>PORT2_IRQHandler</name>
         <value>0x1c67</value>
      </symbol>
      <symbol id="sm-5f8">
         <name>PORT3_IRQHandler</name>
         <value>0x1c67</value>
      </symbol>
      <symbol id="sm-5f9">
         <name>PORT4_IRQHandler</name>
         <value>0x1c67</value>
      </symbol>
      <symbol id="sm-5fa">
         <name>PORT5_IRQHandler</name>
         <value>0x1c67</value>
      </symbol>
      <symbol id="sm-5fb">
         <name>PORT6_IRQHandler</name>
         <value>0x1c67</value>
      </symbol>
   </symbol_table>
   <title>Link successful</title>
</link_info>
